Component: ARM Compiler 5.06 update 7 (build 960) Tool: armlink [4d3601]

==============================================================================

Section Cross References

    startup_stm32f103xb.o(STACK) refers (Special) to heapauxi.o(.text) for __use_two_region_memory
    startup_stm32f103xb.o(HEAP) refers (Special) to heapauxi.o(.text) for __use_two_region_memory
    startup_stm32f103xb.o(RESET) refers (Special) to heapauxi.o(.text) for __use_two_region_memory
    startup_stm32f103xb.o(RESET) refers to startup_stm32f103xb.o(STACK) for __initial_sp
    startup_stm32f103xb.o(RESET) refers to startup_stm32f103xb.o(.text) for Reset_Handler
    startup_stm32f103xb.o(RESET) refers to stm32f1xx_it.o(i.NMI_Handler) for NMI_Handler
    startup_stm32f103xb.o(RESET) refers to stm32f1xx_it.o(i.HardFault_Handler) for HardFault_Handler
    startup_stm32f103xb.o(RESET) refers to stm32f1xx_it.o(i.MemManage_Handler) for MemManage_Handler
    startup_stm32f103xb.o(RESET) refers to stm32f1xx_it.o(i.BusFault_Handler) for BusFault_Handler
    startup_stm32f103xb.o(RESET) refers to stm32f1xx_it.o(i.UsageFault_Handler) for UsageFault_Handler
    startup_stm32f103xb.o(RESET) refers to port.o(.emb_text) for SVC_Handler
    startup_stm32f103xb.o(RESET) refers to stm32f1xx_it.o(i.DebugMon_Handler) for DebugMon_Handler
    startup_stm32f103xb.o(RESET) refers to delay.o(i.SysTick_Handler) for SysTick_Handler
    startup_stm32f103xb.o(RESET) refers to tim2.o(i.TIM2_IRQHandler) for TIM2_IRQHandler
    startup_stm32f103xb.o(RESET) refers to usart.o(i.USART1_IRQHandler) for USART1_IRQHandler
    startup_stm32f103xb.o(.text) refers (Special) to heapauxi.o(.text) for __use_two_region_memory
    startup_stm32f103xb.o(.text) refers to system_stm32f1xx.o(i.SystemInit) for SystemInit
    startup_stm32f103xb.o(.text) refers to __main.o(!!!main) for __main
    startup_stm32f103xb.o(.text) refers to startup_stm32f103xb.o(HEAP) for Heap_Mem
    startup_stm32f103xb.o(.text) refers to startup_stm32f103xb.o(STACK) for Stack_Mem
    main.o(i.main) refers to stm32f1xx_hal.o(i.HAL_Init) for HAL_Init
    main.o(i.main) refers to sys.o(i.sys_stm32_clock_init) for sys_stm32_clock_init
    main.o(i.main) refers to usart.o(i.usart_init) for usart_init
    main.o(i.main) refers to delay.o(i.delay_init) for delay_init
    main.o(i.main) refers to tim2.o(i.MX_TIM2_Init) for MX_TIM2_Init
    main.o(i.main) refers to led.o(i.LED_Init) for LED_Init
    main.o(i.main) refers to oled.o(i.OLED_Init) for OLED_Init
    main.o(i.main) refers to freerots_demo.o(i.FreeROTS_Start) for FreeROTS_Start
    system_stm32f1xx.o(i.SystemCoreClockUpdate) refers to system_stm32f1xx.o(.data) for SystemCoreClock
    system_stm32f1xx.o(i.SystemCoreClockUpdate) refers to system_stm32f1xx.o(.constdata) for AHBPrescTable
    freerots_demo.o(i.FreeROTS_Start) refers to tasks.o(i.xTaskCreate) for xTaskCreate
    freerots_demo.o(i.FreeROTS_Start) refers to noretval__2printf.o(.text) for __2printf
    freerots_demo.o(i.FreeROTS_Start) refers to tasks.o(i.vTaskStartScheduler) for vTaskStartScheduler
    freerots_demo.o(i.FreeROTS_Start) refers to freerots_demo.o(.data) for start_task_handler
    freerots_demo.o(i.FreeROTS_Start) refers to freerots_demo.o(i.Start_Task) for Start_Task
    freerots_demo.o(i.Start_Task) refers to port.o(i.vPortEnterCritical) for vPortEnterCritical
    freerots_demo.o(i.Start_Task) refers to tasks.o(i.xTaskCreate) for xTaskCreate
    freerots_demo.o(i.Start_Task) refers to tasks.o(i.vTaskDelete) for vTaskDelete
    freerots_demo.o(i.Start_Task) refers to port.o(i.vPortExitCritical) for vPortExitCritical
    freerots_demo.o(i.Start_Task) refers to freerots_demo.o(.data) for task1_handler
    freerots_demo.o(i.Start_Task) refers to freerots_demo.o(i.vTask1) for vTask1
    freerots_demo.o(i.Start_Task) refers to freerots_demo.o(i.vTask2) for vTask2
    freerots_demo.o(i.vTask1) refers to noretval__2printf.o(.text) for __2printf
    freerots_demo.o(i.vTask1) refers to tasks.o(i.vTaskDelay) for vTaskDelay
    freerots_demo.o(i.vTask2) refers to noretval__2printf.o(.text) for __2printf
    freerots_demo.o(i.vTask2) refers to tasks.o(i.vTaskDelay) for vTaskDelay
    delay.o(i.HAL_Delay) refers to delay.o(i.delay_ms) for delay_ms
    delay.o(i.SysTick_Handler) refers to tasks.o(i.xTaskGetSchedulerState) for xTaskGetSchedulerState
    delay.o(i.SysTick_Handler) refers to port.o(i.xPortSysTickHandler) for xPortSysTickHandler
    delay.o(i.delay_init) refers to delay.o(.data) for g_fac_us
    delay.o(i.delay_ms) refers to tasks.o(i.xTaskGetSchedulerState) for xTaskGetSchedulerState
    delay.o(i.delay_ms) refers to tasks.o(i.vTaskDelay) for vTaskDelay
    delay.o(i.delay_ms) refers to delay.o(i.delay_us) for delay_us
    delay.o(i.delay_ms) refers to delay.o(.data) for g_fac_ms
    delay.o(i.delay_us) refers to port.o(i.vPortEnterCritical) for vPortEnterCritical
    delay.o(i.delay_us) refers to port.o(i.vPortExitCritical) for vPortExitCritical
[...]
    Removing heap_4.o(i.vPortInitialiseBlocks), (2 bytes).
    Removing heap_4.o(i.xPortGetFreeHeapSize), (12 bytes).
    Removing heap_4.o(i.xPortGetMinimumEverFreeHeapSize), (12 bytes).
    Removing tim2.o(.rev16_text), (4 bytes).
    Removing tim2.o(.revsh_text), (4 bytes).
    Removing tim2.o(.rrx_text), (6 bytes).
    Removing led.o(.rev16_text), (4 bytes).
    Removing led.o(.revsh_text), (4 bytes).
    Removing led.o(.rrx_text), (6 bytes).
    Removing led.o(i.LED_Off), (20 bytes).
    Removing led.o(i.LED_On), (20 bytes).
    Removing led.o(i.LED_Toggle), (20 bytes).
    Removing oled.o(.rev16_text), (4 bytes).
    Removing oled.o(.revsh_text), (4 bytes).
    Removing oled.o(.rrx_text), (6 bytes).
    Removing oled.o(i.OLED_Pow), (20 bytes).
    Removing oled.o(i.OLED_ShowBinNum), (62 bytes).
    Removing oled.o(i.OLED_ShowChar), (116 bytes).
    Removing oled.o(i.OLED_ShowHexNum), (84 bytes).
    Removing oled.o(i.OLED_ShowNum), (68 bytes).
    Removing oled.o(i.OLED_ShowSignedNum), (102 bytes).
    Removing oled.o(i.OLED_ShowString), (40 bytes).
    Removing oled_font.o(.rev16_text), (4 bytes).
    Removing oled_font.o(.revsh_text), (4 bytes).
    Removing oled_font.o(.rrx_text), (6 bytes).
    Removing oled_font.o(.constdata), (1520 bytes).

476 unused section(s) (total 39398 bytes) removed from the image.

==============================================================================

Image Symbol Table

    Local Symbols

    Symbol Name                              Value     Ov Type        Size  Object(Section)

    ../clib/angel/boardlib.s                 0x00000000   Number         0  boardinit3.o ABSOLUTE
    ../clib/angel/boardlib.s                 0x00000000   Number         0  boardinit2.o ABSOLUTE
    ../clib/angel/boardlib.s                 0x00000000   Number         0  boardinit1.o ABSOLUTE
    ../clib/angel/boardlib.s                 0x00000000   Number         0  boardshut.o ABSOLUTE
    ../clib/angel/handlers.s                 0x00000000   Number         0  __scatter_copy.o ABSOLUTE
    ../clib/angel/handlers.s                 0x00000000   Number         0  __scatter_zi.o ABSOLUTE
    ../clib/angel/kernel.s                   0x00000000   Number         0  __rtentry4.o ABSOLUTE
    ../clib/angel/kernel.s                   0x00000000   Number         0  __rtentry2.o ABSOLUTE
    ../clib/angel/kernel.s                   0x00000000   Number         0  rtexit2.o ABSOLUTE
    ../clib/angel/kernel.s                   0x00000000   Number         0  __rtentry.o ABSOLUTE
    ../clib/angel/kernel.s                   0x00000000   Number         0  rtexit.o ABSOLUTE
    ../clib/angel/rt.s                       0x00000000   Number         0  rt_raise.o ABSOLUTE
    ../clib/angel/scatter.s                  0x00000000   Number         0  __scatter.o ABSOLUTE
    ../clib/angel/startup.s                  0x00000000   Number         0  __main.o ABSOLUTE
    ../clib/angel/sys.s                      0x00000000   Number         0  use_no_semi_2.o ABSOLUTE
    ../clib/angel/sys.s                      0x00000000   Number         0  sys_stackheap_outer.o ABSOLUTE
    ../clib/angel/sys.s                      0x00000000   Number         0  libspace.o ABSOLUTE
    ../clib/angel/sys.s                      0x00000000   Number         0  use_no_semi.o ABSOLUTE
    ../clib/armsys.c                         0x00000000   Number         0  no_argv.o ABSOLUTE
    ../clib/armsys.c                         0x00000000   Number         0  _get_argv_nomalloc.o ABSOLUTE
    ../clib/armsys.c                         0x00000000   Number         0  argv_veneer.o ABSOLUTE
    ../clib/armsys.c                         0x00000000   Number         0  argv_veneer.o ABSOLUTE
    ../clib/heapalloc.c                      0x00000000   Number         0  hrguard.o ABSOLUTE
    ../clib/heapaux.c                        0x00000000   Number         0  heapauxi.o ABSOLUTE
    ../clib/libinit.s                        0x00000000   Number         0  libinit.o ABSOLUTE
    ../clib/libinit.s                        0x00000000   Number         0  libshutdown.o ABSOLUTE
    ../clib/libinit.s                        0x00000000   Number         0  libinit2.o ABSOLUTE
    ../clib/libinit.s                        0x00000000   Number         0  libshutdown2.o ABSOLUTE
    ../clib/memcpset.s                       0x00000000   Number         0  rt_memclr_w.o ABSOLUTE
    ../clib/memcpset.s                       0x00000000   Number         0  rt_memcpy_v6.o ABSOLUTE
    ../clib/memcpset.s                       0x00000000   Number         0  rt_memclr.o ABSOLUTE
    ../clib/memcpset.s                       0x00000000   Number         0  rt_memcpy_w.o ABSOLUTE
    ../clib/printf.c                         0x00000000   Number         0  __2printf.o ABSOLUTE
    ../clib/printf.c                         0x00000000   Number         0  _printf_char_common.o ABSOLUTE
    ../clib/printf.c                         0x00000000   Number         0  _printf_char_file.o ABSOLUTE
    ../clib/printf.c                         0x00000000   Number         0  __printf_nopercent.o ABSOLUTE
    ../clib/printf.c                         0x00000000   Number         0  noretval__2printf.o ABSOLUTE
    ../clib/signal.c                         0x00000000   Number         0  defsig_cppl_inner.o ABSOLUTE
    ../clib/signal.c                         0x00000000   Number         0  defsig_segv_inner.o ABSOLUTE
    ../clib/signal.c                         0x00000000   Number         0  defsig_other.o ABSOLUTE
    ../clib/signal.c                         0x00000000   Number         0  defsig_fpe_inner.o ABSOLUTE
    ../clib/signal.c                         0x00000000   Number         0  defsig_rtred_inner.o ABSOLUTE
    ../clib/signal.c                         0x00000000   Number         0  defsig_rtmem_outer.o ABSOLUTE
    ../clib/signal.c                         0x00000000   Number         0  defsig_rtmem_formal.o ABSOLUTE
    ../clib/signal.c                         0x00000000   Number         0  defsig_stak_inner.o ABSOLUTE
    ../clib/signal.c                         0x00000000   Number         0  defsig_pvfn_inner.o ABSOLUTE
    ../clib/signal.c                         0x00000000   Number         0  defsig_abrt_inner.o ABSOLUTE
    ../clib/signal.c                         0x00000000   Number         0  defsig_exit.o ABSOLUTE
    ../clib/signal.c                         0x00000000   Number         0  defsig_rtmem_inner.o ABSOLUTE
    ../clib/signal.c                         0x00000000   Number         0  __raise.o ABSOLUTE
    ../clib/signal.c                         0x00000000   Number         0  defsig_general.o ABSOLUTE
    ../clib/signal.s                         0x00000000   Number         0  defsig.o ABSOLUTE
    ../clib/stdio.c                          0x00000000   Number         0  ferror.o ABSOLUTE
    ../clib/stdio.c                          0x00000000   Number         0  ferror_locked.o ABSOLUTE
    ../clib/stdlib.c                         0x00000000   Number         0  exit.o ABSOLUTE
    ../fplib/fpinit.s                        0x00000000   Number         0  fpinit.o ABSOLUTE
    ..\Drivers\CMSIS\Device\ST\STM32F1xx\Source\Templates\arm\startup_stm32f103xb.s 0x00000000   Number         0  startup_stm32f103xb.o ABSOLUTE
    ..\Drivers\CMSIS\Device\ST\STM32F1xx\Source\Templates\system_stm32f1xx.c 0x00000000   Number         0  system_stm32f1xx.o ABSOLUTE
    ..\Drivers\Hardware\LED\LED.c            0x00000000   Number         0  led.o ABSOLUTE
    ..\Drivers\Hardware\OLED\OLED.c          0x00000000   Number         0  oled.o ABSOLUTE
    ..\Drivers\Hardware\OLED\OLED_Font.c     0x00000000   Number         0  oled_font.o ABSOLUTE
    ..\Drivers\STM32F1xx_HAL_Driver\Src\stm32f1xx_hal.c 0x00000000   Number         0  stm32f1xx_hal.o ABSOLUTE
    ..\Drivers\STM32F1xx_HAL_Driver\Src\stm32f1xx_hal_cortex.c 0x00000000   Number         0  stm32f1xx_hal_cortex.o ABSOLUTE
    ..\Drivers\STM32F1xx_HAL_Driver\Src\stm32f1xx_hal_dma.c 0x00000000   Number         0  stm32f1xx_hal_dma.o ABSOLUTE
    ..\Drivers\STM32F1xx_HAL_Driver\Src\stm32f1xx_hal_gpio.c 0x00000000   Number         0  stm32f1xx_hal_gpio.o ABSOLUTE
    ..\Drivers\STM32F1xx_HAL_Driver\Src\stm32f1xx_hal_gpio_ex.c 0x00000000   Number         0  stm32f1xx_hal_gpio_ex.o ABSOLUTE
    ..\Drivers\STM32F1xx_HAL_Driver\Src\stm32f1xx_hal_rcc.c 0x00000000   Number         0  stm32f1xx_hal_rcc.o ABSOLUTE
    ..\Drivers\STM32F1xx_HAL_Driver\Src\stm32f1xx_hal_rcc_ex.c 0x00000000   Number         0  stm32f1xx_hal_rcc_ex.o ABSOLUTE
    ..\Drivers\STM32F1xx_HAL_Driver\Src\stm32f1xx_hal_tim.c 0x00000000   Number         0  stm32f1xx_hal_tim.o ABSOLUTE
    ..\Drivers\STM32F1xx_HAL_Driver\Src\stm32f1xx_hal_tim_ex.c 0x00000000   Number         0  stm32f1xx_hal_tim_ex.o ABSOLUTE
    ..\Drivers\STM32F1xx_HAL_Driver\Src\stm32f1xx_hal_uart.c 0x00000000   Number         0  stm32f1xx_hal_uart.o ABSOLUTE
    ..\Drivers\STM32F1xx_HAL_Driver\Src\stm32f1xx_hal_usart.c 0x00000000   Number         0  stm32f1xx_hal_usart.o ABSOLUTE
    ..\Drivers\SYSTEM\delay\delay.c          0x00000000   Number         0  delay.o ABSOLUTE
    ..\Drivers\SYSTEM\sys\sys.c              0x00000000   Number         0  sys.o ABSOLUTE
    ..\Drivers\SYSTEM\usart\usart.c          0x00000000   Number         0  usart.o ABSOLUTE
    ..\Middlewares\FreeROTS\portable\MemMang\heap_4.c 0x00000000   Number         0  heap_4.o ABSOLUTE
    ..\Middlewares\FreeROTS\portable\RVDS\ARM_CM3\port.c 0x00000000   Number         0  port.o ABSOLUTE
    ..\Middlewares\FreeROTS\source\Tim2.c    0x00000000   Number         0  tim2.o ABSOLUTE
    ..\Middlewares\FreeROTS\source\croutine.c 0x00000000   Number         0  croutine.o ABSOLUTE
    ..\Middlewares\FreeROTS\source\event_groups.c 0x00000000   Number         0  event_groups.o ABSOLUTE
    ..\Middlewares\FreeROTS\source\list.c    0x00000000   Number         0  list.o ABSOLUTE
    ..\Middlewares\FreeROTS\source\queue.c   0x00000000   Number         0  queue.o ABSOLUTE
    ..\Middlewares\FreeROTS\source\stream_buffer.c 0x00000000   Number         0  stream_buffer.o ABSOLUTE
    ..\Middlewares\FreeROTS\source\tasks.c   0x00000000   Number         0  tasks.o ABSOLUTE
    ..\Middlewares\FreeROTS\source\timers.c  0x00000000   Number         0  timers.o ABSOLUTE
    ..\Users\FreeROTS_Demo.c                 0x00000000   Number         0  freerots_demo.o ABSOLUTE
    ..\Users\main.c                          0x00000000   Number         0  main.o ABSOLUTE
    ..\Users\stm32f1xx_it.c                  0x00000000   Number         0  stm32f1xx_it.o ABSOLUTE
    ..\\Drivers\\CMSIS\\Device\\ST\\STM32F1xx\\Source\\Templates\\system_stm32f1xx.c 0x00000000   Number         0  system_stm32f1xx.o ABSOLUTE
    ..\\Drivers\\Hardware\\LED\\LED.c        0x00000000   Number         0  led.o ABSOLUTE
    ..\\Drivers\\Hardware\\OLED\\OLED.c      0x00000000   Number         0  oled.o ABSOLUTE
    ..\\Drivers\\Hardware\\OLED\\OLED_Font.c 0x00000000   Number         0  oled_font.o ABSOLUTE
    ..\\Drivers\\STM32F1xx_HAL_Driver\\Src\\stm32f1xx_hal.c 0x00000000   Number         0  stm32f1xx_hal.o ABSOLUTE
    ..\\Drivers\\STM32F1xx_HAL_Driver\\Src\\stm32f1xx_hal_cortex.c 0x00000000   Number         0  stm32f1xx_hal_cortex.o ABSOLUTE
    ..\\Drivers\\STM32F1xx_HAL_Driver\\Src\\stm32f1xx_hal_dma.c 0x00000000   Number         0  stm32f1xx_hal_dma.o ABSOLUTE
    ..\\Drivers\\STM32F1xx_HAL_Driver\\Src\\stm32f1xx_hal_gpio.c 0x00000000   Number         0  stm32f1xx_hal_gpio.o ABSOLUTE
    ..\\Drivers\\STM32F1xx_HAL_Driver\\Src\\stm32f1xx_hal_gpio_ex.c 0x00000000   Number         0  stm32f1xx_hal_gpio_ex.o ABSOLUTE
    ..\\Drivers\\STM32F1xx_HAL_Driver\\Src\\stm32f1xx_hal_rcc.c 0x00000000   Number         0  stm32f1xx_hal_rcc.o ABSOLUTE
    ..\\Drivers\\STM32F1xx_HAL_Driver\\Src\\stm32f1xx_hal_rcc_ex.c 0x00000000   Number         0  stm32f1xx_hal_rcc_ex.o ABSOLUTE
    ..\\Drivers\\STM32F1xx_HAL_Driver\\Src\\stm32f1xx_hal_tim.c 0x00000000   Number         0  stm32f1xx_hal_tim.o ABSOLUTE
    ..\\Drivers\\STM32F1xx_HAL_Driver\\Src\\stm32f1xx_hal_tim_ex.c 0x00000000   Number         0  stm32f1xx_hal_tim_ex.o ABSOLUTE
    ..\\Drivers\\STM32F1xx_HAL_Driver\\Src\\stm32f1xx_hal_uart.c 0x00000000   Number         0  stm32f1xx_hal_uart.o ABSOLUTE
    ..\\Drivers\\STM32F1xx_HAL_Driver\\Src\\stm32f1xx_hal_usart.c 0x00000000   Number         0  stm32f1xx_hal_usart.o ABSOLUTE
    ..\\Drivers\\SYSTEM\\delay\\delay.c      0x00000000   Number         0  delay.o ABSOLUTE
    ..\\Drivers\\SYSTEM\\sys\\sys.c          0x00000000   Number         0  sys.o ABSOLUTE
    ..\\Drivers\\SYSTEM\\usart\\usart.c      0x00000000   Number         0  usart.o ABSOLUTE
    ..\\Middlewares\\FreeROTS\\portable\\RVDS\\ARM_CM3\\port.c 0x00000000   Number         0  port.o ABSOLUTE
    ..\\Middlewares\\FreeROTS\\source\\Tim2.c 0x00000000   Number         0  tim2.o ABSOLUTE
    ..\\Users\\FreeROTS_Demo.c               0x00000000   Number         0  freerots_demo.o ABSOLUTE
    ..\\Users\\main.c                        0x00000000   Number         0  main.o ABSOLUTE
    ..\\Users\\stm32f1xx_it.c                0x00000000   Number         0  stm32f1xx_it.o ABSOLUTE
    dc.s                                     0x00000000   Number         0  dc.o ABSOLUTE
    RESET                                    0x08000000   Section      236  startup_stm32f103xb.o(RESET)
    !!!main                                  0x080000ec   Section        8  __main.o(!!!main)
    !!!scatter                               0x080000f4   Section       52  __scatter.o(!!!scatter)
    !!handler_copy                           0x08000128   Section       26  __scatter_copy.o(!!handler_copy)
    !!handler_zi                             0x08000144   Section       28  __scatter_zi.o(!!handler_zi)
    .ARM.Collect$$libinit$$00000000          0x08000160   Section        2  libinit.o(.ARM.Collect$$libinit$$00000000)
    .ARM.Collect$$libinit$$00000002          0x08000162   Section        0  libinit2.o(.ARM.Collect$$libinit$$00000002)
    .ARM.Collect$$libinit$$00000004          0x08000162   Section        0  libinit2.o(.ARM.Collect$$libinit$$00000004)
    .ARM.Collect$$libinit$$0000000A          0x08000162   Section        0  libinit2.o(.ARM.Collect$$libinit$$0000000A)
    .ARM.Collect$$libinit$$0000000C          0x08000162   Section        0  libinit2.o(.ARM.Collect$$libinit$$0000000C)
    .ARM.Collect$$libinit$$0000000E          0x08000162   Section        0  libinit2.o(.ARM.Collect$$libinit$$0000000E)
    .ARM.Collect$$libinit$$00000011          0x08000162   Section        0  libinit2.o(.ARM.Collect$$libinit$$00000011)
    .ARM.Collect$$libinit$$00000013          0x08000162   Section        0  libinit2.o(.ARM.Collect$$libinit$$00000013)
    .ARM.Collect$$libinit$$00000015          0x08000162   Section        0  libinit2.o(.ARM.Collect$$libinit$$00000015)
    .ARM.Collect$$libinit$$00000017          0x08000162   Section        0  libinit2.o(.ARM.Collect$$libinit$$00000017)
    .ARM.Collect$$libinit$$00000019          0x08000162   Section        0  libinit2.o(.ARM.Collect$$libinit$$00000019)
    .ARM.Collect$$libinit$$0000001B          0x08000162   Section        0  libinit2.o(.ARM.Collect$$libinit$$0000001B)
    .ARM.Collect$$libinit$$0000001D          0x08000162   Section        0  libinit2.o(.ARM.Collect$$libinit$$0000001D)
    .ARM.Collect$$libinit$$0000001F          0x08000162   Section        0  libinit2.o(.ARM.Collect$$libinit$$0000001F)
    .ARM.Collect$$libinit$$00000021          0x08000162   Section        0  libinit2.o(.ARM.Collect$$libinit$$00000021)
    .ARM.Collect$$libinit$$00000023          0x08000162   Section        0  libinit2.o(.ARM.Collect$$libinit$$00000023)
    .ARM.Collect$$libinit$$00000025          0x08000162   Section        0  libinit2.o(.ARM.Collect$$libinit$$00000025)
    .ARM.Collect$$libinit$$0000002C          0x08000162   Section        0  libinit2.o(.ARM.Collect$$libinit$$0000002C)
    .ARM.Collect$$libinit$$0000002E          0x08000162   Section        0  libinit2.o(.ARM.Collect$$libinit$$0000002E)
    .ARM.Collect$$libinit$$00000030          0x08000162   Section        0  libinit2.o(.ARM.Collect$$libinit$$00000030)
    .ARM.Collect$$libinit$$00000032          0x08000162   Section        0  libinit2.o(.ARM.Collect$$libinit$$00000032)
    .ARM.Collect$$libinit$$00000033          0x08000162   Section        2  libinit2.o(.ARM.Collect$$libinit$$00000033)
    .ARM.Collect$$libshutdown$$00000000      0x08000164   Section        2  libshutdown.o(.ARM.Collect$$libshutdown$$00000000)
    .ARM.Collect$$libshutdown$$00000002      0x08000166   Section        0  libshutdown2.o(.ARM.Collect$$libshutdown$$00000002)
    .ARM.Collect$$libshutdown$$00000004      0x08000166   Section        0  libshutdown2.o(.ARM.Collect$$libshutdown$$00000004)
    .ARM.Collect$$libshutdown$$00000006      0x08000166   Section        0  libshutdown2.o(.ARM.Collect$$libshutdown$$00000006)
    .ARM.Collect$$libshutdown$$00000009      0x08000166   Section        0  libshutdown2.o(.ARM.Collect$$libshutdown$$00000009)
    .ARM.Collect$$libshutdown$$0000000C      0x08000166   Section        0  libshutdown2.o(.ARM.Collect$$libshutdown$$0000000C)
    .ARM.Collect$$libshutdown$$0000000E      0x08000166   Section        0  libshutdown2.o(.ARM.Collect$$libshutdown$$0000000E)
    .ARM.Collect$$libshutdown$$00000011      0x08000166   Section        0  libshutdown2.o(.ARM.Collect$$libshutdown$$00000011)
    .ARM.Collect$$libshutdown$$00000012      0x08000166   Section        2  libshutdown2.o(.ARM.Collect$$libshutdown$$00000012)
    .ARM.Collect$$rtentry$$00000000          0x08000168   Section        0  __rtentry.o(.ARM.Collect$$rtentry$$00000000)
    .ARM.Collect$$rtentry$$00000002          0x08000168   Section        0  __rtentry2.o(.ARM.Collect$$rtentry$$00000002)
    .ARM.Collect$$rtentry$$00000004          0x08000168   Section        6  __rtentry4.o(.ARM.Collect$$rtentry$$00000004)
    .ARM.Collect$$rtentry$$00000009          0x0800016e   Section        0  __rtentry2.o(.ARM.Collect$$rtentry$$00000009)
    .ARM.Collect$$rtentry$$0000000A          0x0800016e   Section        4  __rtentry2.o(.ARM.Collect$$rtentry$$0000000A)
    .ARM.Collect$$rtentry$$0000000C          0x08000172   Section        0  __rtentry2.o(.ARM.Collect$$rtentry$$0000000C)
    .ARM.Collect$$rtentry$$0000000D          0x08000172   Section        8  __rtentry2.o(.ARM.Collect$$rtentry$$0000000D)
    .ARM.Collect$$rtexit$$00000000           0x0800017a   Section        2  rtexit.o(.ARM.Collect$$rtexit$$00000000)
    .ARM.Collect$$rtexit$$00000002           0x0800017c   Section        0  rtexit2.o(.ARM.Collect$$rtexit$$00000002)
    .ARM.Collect$$rtexit$$00000003           0x0800017c   Section        4  rtexit2.o(.ARM.Collect$$rtexit$$00000003)
    .ARM.Collect$$rtexit$$00000004           0x08000180   Section        6  rtexit2.o(.ARM.Collect$$rtexit$$00000004)
    .emb_text                                0x08000188   Section      150  port.o(.emb_text)
    .text                                    0x08000220   Section       64  startup_stm32f103xb.o(.text)
    .text                                    0x08000260   Section        2  use_no_semi_2.o(.text)
    .text                                    0x08000264   Section        0  noretval__2printf.o(.text)
    .text                                    0x0800027c   Section       78  rt_memclr_w.o(.text)
    .text                                    0x080002ca   Section        0  heapauxi.o(.text)
    .text                                    0x080002d0   Section        2  use_no_semi.o(.text)
    .text                                    0x080002d4   Section        0  _printf_char_file.o(.text)
    .text                                    0x080002f8   Section        0  _printf_char_common.o(.text)
    _printf_input_char                       0x080002f9   Thumb Code    10  _printf_char_common.o(.text)
    .text                                    0x08000328   Section        0  ferror.o(.text)
    .text                                    0x08000330   Section       74  sys_stackheap_outer.o(.text)
    .text                                    0x0800037a   Section        0  __printf_nopercent.o(.text)
    .text                                    0x080003a2   Section        0  exit.o(.text)
    .text                                    0x080003b4   Section        8  libspace.o(.text)
    i.BusFault_Handler                       0x080003bc   Section        0  stm32f1xx_it.o(i.BusFault_Handler)
    i.DebugMon_Handler                       0x080003c0   Section        0  stm32f1xx_it.o(i.DebugMon_Handler)
    i.Error_Handler                          0x080003c4   Section        0  tim2.o(i.Error_Handler)
    i.FreeROTS_Start                         0x080003dc   Section        0  freerots_demo.o(i.FreeROTS_Start)
    i.HAL_DMA_Abort_IT                       0x08000468   Section        0  stm32f1xx_hal_dma.o(i.HAL_DMA_Abort_IT)
    i.HAL_GPIO_Init                          0x08000518   Section        0  stm32f1xx_hal_gpio.o(i.HAL_GPIO_Init)
    i.HAL_GPIO_WritePin                      0x08000838   Section        0  stm32f1xx_hal_gpio.o(i.HAL_GPIO_WritePin)
    i.HAL_GetTick                            0x08000844   Section        0  stm32f1xx_hal.o(i.HAL_GetTick)
    i.HAL_IncTick                            0x08000850   Section        0  stm32f1xx_hal.o(i.HAL_IncTick)
    i.HAL_Init                               0x08000868   Section        0  stm32f1xx_hal.o(i.HAL_Init)
    i.HAL_InitTick                           0x08000890   Section        0  tim2.o(i.HAL_InitTick)
    i.HAL_MspInit                            0x08000896   Section        0  stm32f1xx_hal.o(i.HAL_MspInit)
    i.HAL_NVIC_EnableIRQ                     0x08000898   Section        0  stm32f1xx_hal_cortex.o(i.HAL_NVIC_EnableIRQ)
    i.HAL_NVIC_SetPriority                   0x080008b8   Section        0  stm32f1xx_hal_cortex.o(i.HAL_NVIC_SetPriority)
    i.HAL_NVIC_SetPriorityGrouping           0x08000934   Section        0  stm32f1xx_hal_cortex.o(i.HAL_NVIC_SetPriorityGrouping)
    i.HAL_RCC_ClockConfig                    0x0800095c   Section        0  stm32f1xx_hal_rcc.o(i.HAL_RCC_ClockConfig)
    i.HAL_RCC_GetHCLKFreq                    0x08000ae8   Section        0  stm32f1xx_hal_rcc.o(i.HAL_RCC_GetHCLKFreq)
    i.HAL_RCC_GetPCLK1Freq                   0x08000af4   Section        0  stm32f1xx_hal_rcc.o(i.HAL_RCC_GetPCLK1Freq)
    i.HAL_RCC_GetPCLK2Freq                   0x08000b14   Section        0  stm32f1xx_hal_rcc.o(i.HAL_RCC_GetPCLK2Freq)
    i.HAL_RCC_GetSysClockFreq                0x08000b34   Section        0  stm32f1xx_hal_rcc.o(i.HAL_RCC_GetSysClockFreq)
    i.HAL_RCC_OscConfig                      0x08000bc8   Section        0  stm32f1xx_hal_rcc.o(i.HAL_RCC_OscConfig)
    i.HAL_TIMEx_BreakCallback                0x0800102c   Section        0  stm32f1xx_hal_tim_ex.o(i.HAL_TIMEx_BreakCallback)
    i.HAL_TIMEx_CommutCallback               0x0800102e   Section        0  stm32f1xx_hal_tim_ex.o(i.HAL_TIMEx_CommutCallback)
    i.HAL_TIM_Base_Init                      0x08001030   Section        0  stm32f1xx_hal_tim.o(i.HAL_TIM_Base_Init)
    i.HAL_TIM_Base_MspInit                   0x08001064   Section        0  stm32f1xx_hal_tim.o(i.HAL_TIM_Base_MspInit)
    i.HAL_TIM_Base_Start_IT                  0x08001066   Section        0  stm32f1xx_hal_tim.o(i.HAL_TIM_Base_Start_IT)
    i.HAL_TIM_IC_CaptureCallback             0x08001090   Section        0  stm32f1xx_hal_tim.o(i.HAL_TIM_IC_CaptureCallback)
    i.HAL_TIM_IRQHandler                     0x08001092   Section        0  stm32f1xx_hal_tim.o(i.HAL_TIM_IRQHandler)
    i.HAL_TIM_OC_DelayElapsedCallback        0x08001228   Section        0  stm32f1xx_hal_tim.o(i.HAL_TIM_OC_DelayElapsedCallback)
    i.HAL_TIM_PWM_PulseFinishedCallback      0x0800122a   Section        0  stm32f1xx_hal_tim.o(i.HAL_TIM_PWM_PulseFinishedCallback)
    i.HAL_TIM_PeriodElapsedCallback          0x0800122c   Section        0  tim2.o(i.HAL_TIM_PeriodElapsedCallback)
    i.HAL_TIM_TriggerCallback                0x08001240   Section        0  stm32f1xx_hal_tim.o(i.HAL_TIM_TriggerCallback)
    i.HAL_UART_ErrorCallback                 0x08001242   Section        0  stm32f1xx_hal_uart.o(i.HAL_UART_ErrorCallback)
    i.HAL_UART_IRQHandler                    0x08001244   Section        0  stm32f1xx_hal_uart.o(i.HAL_UART_IRQHandler)
    i.HAL_UART_Init                          0x08001390   Section        0  stm32f1xx_hal_uart.o(i.HAL_UART_Init)
    i.HAL_UART_MspInit                       0x08001404   Section        0  usart.o(i.HAL_UART_MspInit)
    i.HAL_UART_Receive_IT                    0x080014b8   Section        0  stm32f1xx_hal_uart.o(i.HAL_UART_Receive_IT)
    i.HAL_UART_RxCpltCallback                0x08001528   Section        0  usart.o(i.HAL_UART_RxCpltCallback)
    i.HAL_UART_TxCpltCallback                0x080015c4   Section        0  stm32f1xx_hal_uart.o(i.HAL_UART_TxCpltCallback)
    i.HardFault_Handler                      0x080015c6   Section        0  stm32f1xx_it.o(i.HardFault_Handler)
    i.LED_Init                               0x080015cc   Section        0  led.o(i.LED_Init)
    i.MX_TIM2_Init                           0x08001628   Section        0  tim2.o(i.MX_TIM2_Init)
    i.MemManage_Handler                      0x080016a4   Section        0  stm32f1xx_it.o(i.MemManage_Handler)
    i.NMI_Handler                            0x080016a8   Section        0  stm32f1xx_it.o(i.NMI_Handler)
    i.OLED_Clear                             0x080016aa   Section        0  oled.o(i.OLED_Clear)
    i.OLED_I2C_Init                          0x080016d4   Section        0  oled.o(i.OLED_I2C_Init)
    i.OLED_I2C_SendByte                      0x08001738   Section        0  oled.o(i.OLED_I2C_SendByte)
    i.OLED_I2C_Start                         0x08001794   Section        0  oled.o(i.OLED_I2C_Start)
    i.OLED_I2C_Stop                          0x080017c8   Section        0  oled.o(i.OLED_I2C_Stop)
    i.OLED_Init                              0x080017f0   Section        0  oled.o(i.OLED_Init)
    i.OLED_SetCursor                         0x0800189e   Section        0  oled.o(i.OLED_SetCursor)
    i.OLED_WriteCommand                      0x080018c0   Section        0  oled.o(i.OLED_WriteCommand)
    i.OLED_WriteData                         0x080018e0   Section        0  oled.o(i.OLED_WriteData)
    i.RCC_Delay                              0x08001900   Section        0  stm32f1xx_hal_rcc.o(i.RCC_Delay)
    RCC_Delay                                0x08001901   Thumb Code    36  stm32f1xx_hal_rcc.o(i.RCC_Delay)
    i.Start_Task                             0x08001928   Section        0  freerots_demo.o(i.Start_Task)
    i.SysTick_Handler                        0x0800198c   Section        0  delay.o(i.SysTick_Handler)
    i.SystemInit                             0x0800199c   Section        0  system_stm32f1xx.o(i.SystemInit)
    i.TIM2_IRQHandler                        0x080019f4   Section        0  tim2.o(i.TIM2_IRQHandler)
    i.TIM_Base_SetConfig                     0x08001a04   Section        0  stm32f1xx_hal_tim.o(i.TIM_Base_SetConfig)
    i.UART_DMAAbortOnError                   0x08001a78   Section        0  stm32f1xx_hal_uart.o(i.UART_DMAAbortOnError)
    UART_DMAAbortOnError                     0x08001a79   Thumb Code    20  stm32f1xx_hal_uart.o(i.UART_DMAAbortOnError)
    i.UART_EndRxTransfer                     0x08001a8c   Section        0  stm32f1xx_hal_uart.o(i.UART_EndRxTransfer)
    UART_EndRxTransfer                       0x08001a8d   Thumb Code    32  stm32f1xx_hal_uart.o(i.UART_EndRxTransfer)
    i.UART_EndTransmit_IT                    0x08001aac   Section        0  stm32f1xx_hal_uart.o(i.UART_EndTransmit_IT)
    UART_EndTransmit_IT                      0x08001aad   Thumb Code    32  stm32f1xx_hal_uart.o(i.UART_EndTransmit_IT)
    i.UART_Receive_IT                        0x08001acc   Section        0  stm32f1xx_hal_uart.o(i.UART_Receive_IT)
    UART_Receive_IT                          0x08001acd   Thumb Code   166  stm32f1xx_hal_uart.o(i.UART_Receive_IT)
    i.UART_SetConfig                         0x08001b74   Section        0  stm32f1xx_hal_uart.o(i.UART_SetConfig)
    UART_SetConfig                           0x08001b75   Thumb Code   412  stm32f1xx_hal_uart.o(i.UART_SetConfig)
    i.UART_Transmit_IT                       0x08001d14   Section        0  stm32f1xx_hal_uart.o(i.UART_Transmit_IT)
    UART_Transmit_IT                         0x08001d15   Thumb Code   104  stm32f1xx_hal_uart.o(i.UART_Transmit_IT)
    i.USART1_IRQHandler                      0x08001d7c   Section        0  usart.o(i.USART1_IRQHandler)
    i.UsageFault_Handler                     0x08001d8c   Section        0  stm32f1xx_it.o(i.UsageFault_Handler)
    i.__NVIC_GetPriorityGrouping             0x08001d90   Section        0  stm32f1xx_hal_cortex.o(i.__NVIC_GetPriorityGrouping)
    __NVIC_GetPriorityGrouping               0x08001d91   Thumb Code    10  stm32f1xx_hal_cortex.o(i.__NVIC_GetPriorityGrouping)
    i.__NVIC_SetPriority                     0x08001da0   Section        0  stm32f1xx_hal_cortex.o(i.__NVIC_SetPriority)
    __NVIC_SetPriority                       0x08001da1   Thumb Code    32  stm32f1xx_hal_cortex.o(i.__NVIC_SetPriority)
    i._sys_exit                              0x08001dc8   Section        0  usart.o(i._sys_exit)
    i.delay_init                             0x08001dcc   Section        0  delay.o(i.delay_init)
    i.fputc                                  0x08001e08   Section        0  usart.o(i.fputc)
    i.main                                   0x08001e24   Section        0  main.o(i.main)
    i.prvAddCurrentTaskToDelayedList         0x08001e54   Section        0  tasks.o(i.prvAddCurrentTaskToDelayedList)
    prvAddCurrentTaskToDelayedList           0x08001e55   Thumb Code   164  tasks.o(i.prvAddCurrentTaskToDelayedList)
    i.prvAddNewTaskToReadyList               0x08001f14   Section        0  tasks.o(i.prvAddNewTaskToReadyList)
    prvAddNewTaskToReadyList                 0x08001f15   Thumb Code   200  tasks.o(i.prvAddNewTaskToReadyList)
    i.prvCheckTasksWaitingTermination        0x08001ff8   Section        0  tasks.o(i.prvCheckTasksWaitingTermination)
    prvCheckTasksWaitingTermination          0x08001ff9   Thumb Code    60  tasks.o(i.prvCheckTasksWaitingTermination)
    i.prvDeleteTCB                           0x08002040   Section        0  tasks.o(i.prvDeleteTCB)
    prvDeleteTCB                             0x08002041   Thumb Code    18  tasks.o(i.prvDeleteTCB)
    i.prvHeapInit                            0x08002054   Section        0  heap_4.o(i.prvHeapInit)
    prvHeapInit                              0x08002055   Thumb Code    90  heap_4.o(i.prvHeapInit)
    i.prvIdleTask                            0x080020c4   Section        0  tasks.o(i.prvIdleTask)
    prvIdleTask                              0x080020c5   Thumb Code    32  tasks.o(i.prvIdleTask)
    i.prvInitialiseNewTask                   0x080020ec   Section        0  tasks.o(i.prvInitialiseNewTask)
    prvInitialiseNewTask                     0x080020ed   Thumb Code   122  tasks.o(i.prvInitialiseNewTask)
    i.prvInitialiseTaskLists                 0x08002168   Section        0  tasks.o(i.prvInitialiseTaskLists)
    prvInitialiseTaskLists                   0x08002169   Thumb Code    70  tasks.o(i.prvInitialiseTaskLists)
    i.prvInsertBlockIntoFreeList             0x080021d0   Section        0  heap_4.o(i.prvInsertBlockIntoFreeList)
    prvInsertBlockIntoFreeList               0x080021d1   Thumb Code    96  heap_4.o(i.prvInsertBlockIntoFreeList)
    i.prvResetNextTaskUnblockTime            0x08002238   Section        0  tasks.o(i.prvResetNextTaskUnblockTime)
    prvResetNextTaskUnblockTime              0x08002239   Thumb Code    40  tasks.o(i.prvResetNextTaskUnblockTime)
    i.prvTaskExitError                       0x08002268   Section        0  port.o(i.prvTaskExitError)
    prvTaskExitError                         0x08002269   Thumb Code    22  port.o(i.prvTaskExitError)
    i.pvPortMalloc                           0x08002280   Section        0  heap_4.o(i.pvPortMalloc)
    i.pxPortInitialiseStack                  0x08002364   Section        0  port.o(i.pxPortInitialiseStack)
    i.sys_stm32_clock_init                   0x08002388   Section        0  sys.o(i.sys_stm32_clock_init)
    i.usart_init                             0x080023f0   Section        0  usart.o(i.usart_init)
    i.uxListRemove                           0x08002428   Section        0  list.o(i.uxListRemove)
    i.vListInitialise                        0x08002450   Section        0  list.o(i.vListInitialise)
    i.vListInitialiseItem                    0x0800246a   Section        0  list.o(i.vListInitialiseItem)
    i.vListInsert                            0x08002470   Section        0  list.o(i.vListInsert)
    i.vListInsertEnd                         0x080024a4   Section        0  list.o(i.vListInsertEnd)
    i.vPortEnterCritical                     0x080024bc   Section        0  port.o(i.vPortEnterCritical)
    i.vPortExitCritical                      0x080024e0   Section        0  port.o(i.vPortExitCritical)
    i.vPortFree                              0x08002500   Section        0  heap_4.o(i.vPortFree)
    i.vPortSetupTimerInterrupt               0x0800254c   Section        0  port.o(i.vPortSetupTimerInterrupt)
    i.vTask1                                 0x08002564   Section        0  freerots_demo.o(i.vTask1)
    i.vTask2                                 0x08002588   Section        0  freerots_demo.o(i.vTask2)
    i.vTaskDelay                             0x080025ac   Section        0  tasks.o(i.vTaskDelay)
    i.vTaskDelete                            0x080025e0   Section        0  tasks.o(i.vTaskDelete)
    i.vTaskStartScheduler                    0x080026b4   Section        0  tasks.o(i.vTaskStartScheduler)
    i.vTaskSuspendAll                        0x08002720   Section        0  tasks.o(i.vTaskSuspendAll)
    i.vTaskSwitchContext                     0x08002730   Section        0  tasks.o(i.vTaskSwitchContext)
    i.xPortStartScheduler                    0x08002790   Section        0  port.o(i.xPortStartScheduler)
    i.xPortSysTickHandler                    0x080027c4   Section        0  port.o(i.xPortSysTickHandler)
    i.xTaskCreate                            0x080027f8   Section        0  tasks.o(i.xTaskCreate)
    i.xTaskGetSchedulerState                 0x08002860   Section        0  tasks.o(i.xTaskGetSchedulerState)
    i.xTaskIncrementTick                     0x08002880   Section        0  tasks.o(i.xTaskIncrementTick)
    i.xTaskResumeAll                         0x08002a10   Section        0  tasks.o(i.xTaskResumeAll)
    .constdata                               0x08002b6c   Section       24  system_stm32f1xx.o(.constdata)
    .data                                    0x20000000   Section        4  system_stm32f1xx.o(.data)
    .data                                    0x20000004   Section       12  freerots_demo.o(.data)
    .data                                    0x20000010   Section        6  delay.o(.data)
    g_fac_us                                 0x20000010   Data           4  delay.o(.data)
    g_fac_ms                                 0x20000014   Data           2  delay.o(.data)
    .data                                    0x20000018   Section        7  usart.o(.data)
    .data                                    0x20000020   Section        9  stm32f1xx_hal.o(.data)
    .data                                    0x2000002c   Section       64  tasks.o(.data)
    pxDelayedTaskList                        0x20000030   Data           4  tasks.o(.data)
    pxOverflowDelayedTaskList                0x20000034   Data           4  tasks.o(.data)
    uxDeletedTasksWaitingCleanUp             0x20000038   Data           4  tasks.o(.data)
    uxCurrentNumberOfTasks                   0x2000003c   Data           4  tasks.o(.data)
    xTickCount                               0x20000040   Data           4  tasks.o(.data)
    uxTopReadyPriority                       0x20000044   Data           4  tasks.o(.data)
    xSchedulerRunning                        0x20000048   Data           4  tasks.o(.data)
    xPendedTicks                             0x2000004c   Data           4  tasks.o(.data)
    xYieldPending                            0x20000050   Data           4  tasks.o(.data)
    xNumOfOverflows                          0x20000054   Data           4  tasks.o(.data)
    uxTaskNumber                             0x20000058   Data           4  tasks.o(.data)
    xNextTaskUnblockTime                     0x2000005c   Data           4  tasks.o(.data)
    xIdleTaskHandle                          0x20000060   Data           4  tasks.o(.data)
    uxSchedulerSuspended                     0x20000068   Data           4  tasks.o(.data)
    .data                                    0x2000006c   Section        4  port.o(.data)
    uxCriticalNesting                        0x2000006c   Data           4  port.o(.data)
    .data                                    0x20000070   Section       28  heap_4.o(.data)
    xStart                                   0x20000070   Data           8  heap_4.o(.data)
    pxEnd                                    0x20000078   Data           4  heap_4.o(.data)
    xFreeBytesRemaining                      0x2000007c   Data           4  heap_4.o(.data)
    xMinimumEverFreeBytesRemaining           0x20000080   Data           4  heap_4.o(.data)
    xNumberOfSuccessfulAllocations           0x20000084   Data           4  heap_4.o(.data)
    xNumberOfSuccessfulFrees                 0x20000088   Data           4  heap_4.o(.data)
    .bss                                     0x2000008c   Section      264  usart.o(.bss)
    .bss                                     0x20000194   Section      200  tasks.o(.bss)
    pxReadyTasksLists                        0x20000194   Data         100  tasks.o(.bss)
    xDelayedTaskList1                        0x200001f8   Data          20  tasks.o(.bss)
    xDelayedTaskList2                        0x2000020c   Data          20  tasks.o(.bss)
    xPendingReadyList                        0x20000220   Data          20  tasks.o(.bss)
    xTasksWaitingTermination                 0x20000234   Data          20  tasks.o(.bss)
    xSuspendedTaskList                       0x20000248   Data          20  tasks.o(.bss)
    .bss                                     0x2000025c   Section    17408  heap_4.o(.bss)
    ucHeap                                   0x2000025c   Data       17408  heap_4.o(.bss)
    .bss                                     0x2000465c   Section       64  tim2.o(.bss)
    .bss                                     0x2000469c   Section       96  libspace.o(.bss)
    HEAP                                     0x20004700   Section      512  startup_stm32f103xb.o(HEAP)
    Heap_Mem                                 0x20004700   Data         512  startup_stm32f103xb.o(HEAP)
    STACK                                    0x20004900   Section     1024  startup_stm32f103xb.o(STACK)
    Stack_Mem                                0x20004900   Data        1024  startup_stm32f103xb.o(STACK)
    __initial_sp                             0x20004d00   Data           0  startup_stm32f103xb.o(STACK)

    Global Symbols

    Symbol Name                              Value     Ov Type        Size  Object(Section)

    BuildAttributes$$THM_ISAv4$P$D$K$B$S$PE$A:L22UL41UL21$X:L11$S22US41US21$IEEE1$IW$USESV6$~STKCKD$USESV7$~SHL$OSPACE$ROPI$EBA8$UX$STANDARDLIB$REQ8$PRES8$EABIv2 0x00000000   Number         0  anon$$obj.o ABSOLUTE
    __ARM_use_no_argv                        0x00000000   Number         0  main.o ABSOLUTE
    __ARM_exceptions_init                     - Undefined Weak Reference
    __alloca_initialize                       - Undefined Weak Reference
    __arm_fini_                               - Undefined Weak Reference
    __arm_preinit_                            - Undefined Weak Reference
    __cpp_initialize__aeabi_                  - Undefined Weak Reference
    __cxa_finalize                            - Undefined Weak Reference
    __rt_locale                               - Undefined Weak Reference
    __sigvec_lookup                           - Undefined Weak Reference
    _atexit_init                              - Undefined Weak Reference
    _call_atexit_fns                          - Undefined Weak Reference
    _clock_init                               - Undefined Weak Reference
    _fp_trap_init                             - Undefined Weak Reference
    _fp_trap_shutdown                         - Undefined Weak Reference
    _get_lc_collate                           - Undefined Weak Reference
    _get_lc_ctype                             - Undefined Weak Reference
    _get_lc_monetary                          - Undefined Weak Reference
    _get_lc_numeric                           - Undefined Weak Reference
    _get_lc_time                              - Undefined Weak Reference
    _getenv_init                              - Undefined Weak Reference
    _handle_redirection                       - Undefined Weak Reference
    _init_alloc                               - Undefined Weak Reference
    _init_user_alloc                          - Undefined Weak Reference
    _initio                                   - Undefined Weak Reference
    _mutex_acquire                            - Undefined Weak Reference
    _mutex_release                            - Undefined Weak Reference
    _rand_init                                - Undefined Weak Reference
    _signal_finish                            - Undefined Weak Reference
    _signal_init                              - Undefined Weak Reference
    _terminate_alloc                          - Undefined Weak Reference
    _terminate_user_alloc                     - Undefined Weak Reference
    _terminateio                              - Undefined Weak Reference
    __Vectors_Size                           0x000000ec   Number         0  startup_stm32f103xb.o ABSOLUTE
    __Vectors                                0x08000000   Data           4  startup_stm32f103xb.o(RESET)
    __Vectors_End                            0x080000ec   Data           0  startup_stm32f103xb.o(RESET)
    __main                                   0x080000ed   Thumb Code     8  __main.o(!!!main)
    __scatterload                            0x080000f5   Thumb Code     0  __scatter.o(!!!scatter)
    __scatterload_rt2                        0x080000f5   Thumb Code    44  __scatter.o(!!!scatter)
    __scatterload_rt2_thumb_only             0x080000f5   Thumb Code     0  __scatter.o(!!!scatter)
    __scatterload_null                       0x08000103   Thumb Code     0  __scatter.o(!!!scatter)
    __scatterload_copy                       0x08000129   Thumb Code    26  __scatter_copy.o(!!handler_copy)
    __scatterload_zeroinit                   0x08000145   Thumb Code    28  __scatter_zi.o(!!handler_zi)
    __rt_lib_init                            0x08000161   Thumb Code     0  libinit.o(.ARM.Collect$$libinit$$00000000)
    __rt_lib_init_alloca_1                   0x08000163   Thumb Code     0  libinit2.o(.ARM.Collect$$libinit$$0000002E)
    __rt_lib_init_argv_1                     0x08000163   Thumb Code     0  libinit2.o(.ARM.Collect$$libinit$$0000002C)
    __rt_lib_init_atexit_1                   0x08000163   Thumb Code     0  libinit2.o(.ARM.Collect$$libinit$$0000001B)
    __rt_lib_init_clock_1                    0x08000163   Thumb Code     0  libinit2.o(.ARM.Collect$$libinit$$00000021)
    __rt_lib_init_cpp_1                      0x08000163   Thumb Code     0  libinit2.o(.ARM.Collect$$libinit$$00000032)
    __rt_lib_init_exceptions_1               0x08000163   Thumb Code     0  libinit2.o(.ARM.Collect$$libinit$$00000030)
    __rt_lib_init_fp_1                       0x08000163   Thumb Code     0  libinit2.o(.ARM.Collect$$libinit$$00000002)
    __rt_lib_init_fp_trap_1                  0x08000163   Thumb Code     0  libinit2.o(.ARM.Collect$$libinit$$0000001F)
    __rt_lib_init_getenv_1                   0x08000163   Thumb Code     0  libinit2.o(.ARM.Collect$$libinit$$00000023)
    __rt_lib_init_heap_1                     0x08000163   Thumb Code     0  libinit2.o(.ARM.Collect$$libinit$$0000000A)
    __rt_lib_init_lc_collate_1               0x08000163   Thumb Code     0  libinit2.o(.ARM.Collect$$libinit$$00000011)
    __rt_lib_init_lc_ctype_1                 0x08000163   Thumb Code     0  libinit2.o(.ARM.Collect$$libinit$$00000013)
    __rt_lib_init_lc_monetary_1              0x08000163   Thumb Code     0  libinit2.o(.ARM.Collect$$libinit$$00000015)
    __rt_lib_init_lc_numeric_1               0x08000163   Thumb Code     0  libinit2.o(.ARM.Collect$$libinit$$00000017)
    __rt_lib_init_lc_time_1                  0x08000163   Thumb Code     0  libinit2.o(.ARM.Collect$$libinit$$00000019)
    __rt_lib_init_preinit_1                  0x08000163   Thumb Code     0  libinit2.o(.ARM.Collect$$libinit$$00000004)
    __rt_lib_init_rand_1                     0x08000163   Thumb Code     0  libinit2.o(.ARM.Collect$$libinit$$0000000E)
    __rt_lib_init_return                     0x08000163   Thumb Code     0  libinit2.o(.ARM.Collect$$libinit$$00000033)
    __rt_lib_init_signal_1                   0x08000163   Thumb Code     0  libinit2.o(.ARM.Collect$$libinit$$0000001D)
    __rt_lib_init_stdio_1                    0x08000163   Thumb Code     0  libinit2.o(.ARM.Collect$$libinit$$00000025)
    __rt_lib_init_user_alloc_1               0x08000163   Thumb Code     0  libinit2.o(.ARM.Collect$$libinit$$0000000C)
    __rt_lib_shutdown                        0x08000165   Thumb Code     0  libshutdown.o(.ARM.Collect$$libshutdown$$00000000)
    __rt_lib_shutdown_cpp_1                  0x08000167   Thumb Code     0  libshutdown2.o(.ARM.Collect$$libshutdown$$00000004)
    __rt_lib_shutdown_fini_1                 0x08000167   Thumb Code     0  libshutdown2.o(.ARM.Collect$$libshutdown$$00000002)
    __rt_lib_shutdown_fp_trap_1              0x08000167   Thumb Code     0  libshutdown2.o(.ARM.Collect$$libshutdown$$00000009)
    __rt_lib_shutdown_heap_1                 0x08000167   Thumb Code     0  libshutdown2.o(.ARM.Collect$$libshutdown$$00000011)
    __rt_lib_shutdown_return                 0x08000167   Thumb Code     0  libshutdown2.o(.ARM.Collect$$libshutdown$$00000012)
    __rt_lib_shutdown_signal_1               0x08000167   Thumb Code     0  libshutdown2.o(.ARM.Collect$$libshutdown$$0000000C)
    __rt_lib_shutdown_stdio_1                0x08000167   Thumb Code     0  libshutdown2.o(.ARM.Collect$$libshutdown$$00000006)
    __rt_lib_shutdown_user_alloc_1           0x08000167   Thumb Code     0  libshutdown2.o(.ARM.Collect$$libshutdown$$0000000E)
    __rt_entry                               0x08000169   Thumb Code     0  __rtentry.o(.ARM.Collect$$rtentry$$00000000)
    __rt_entry_presh_1                       0x08000169   Thumb Code     0  __rtentry2.o(.ARM.Collect$$rtentry$$00000002)
    __rt_entry_sh                            0x08000169   Thumb Code     0  __rtentry4.o(.ARM.Collect$$rtentry$$00000004)
    __rt_entry_li                            0x0800016f   Thumb Code     0  __rtentry2.o(.ARM.Collect$$rtentry$$0000000A)
    __rt_entry_postsh_1                      0x0800016f   Thumb Code     0  __rtentry2.o(.ARM.Collect$$rtentry$$00000009)
    __rt_entry_main                          0x08000173   Thumb Code     0  __rtentry2.o(.ARM.Collect$$rtentry$$0000000D)
    __rt_entry_postli_1                      0x08000173   Thumb Code     0  __rtentry2.o(.ARM.Collect$$rtentry$$0000000C)
    __rt_exit                                0x0800017b   Thumb Code     0  rtexit.o(.ARM.Collect$$rtexit$$00000000)
    __rt_exit_ls                             0x0800017d   Thumb Code     0  rtexit2.o(.ARM.Collect$$rtexit$$00000003)
    __rt_exit_prels_1                        0x0800017d   Thumb Code     0  rtexit2.o(.ARM.Collect$$rtexit$$00000002)
    __rt_exit_exit                           0x08000181   Thumb Code     0  rtexit2.o(.ARM.Collect$$rtexit$$00000004)
    SVC_Handler                              0x08000189   Thumb Code    32  port.o(.emb_text)
    __asm___6_port_c_39a90d8d__prvStartFirstTask 0x080001ad   Thumb Code    28  port.o(.emb_text)
    PendSV_Handler                           0x080001cd   Thumb Code    72  port.o(.emb_text)
    vPortGetIPSR                             0x08000219   Thumb Code     6  port.o(.emb_text)
    Reset_Handler                            0x08000221   Thumb Code     8  startup_stm32f103xb.o(.text)
    ADC1_2_IRQHandler                        0x0800023b   Thumb Code     0  startup_stm32f103xb.o(.text)
    CAN1_RX1_IRQHandler                      0x0800023b   Thumb Code     0  startup_stm32f103xb.o(.text)
    CAN1_SCE_IRQHandler                      0x0800023b   Thumb Code     0  startup_stm32f103xb.o(.text)
    DMA1_Channel1_IRQHandler                 0x0800023b   Thumb Code     0  startup_stm32f103xb.o(.text)
    DMA1_Channel2_IRQHandler                 0x0800023b   Thumb Code     0  startup_stm32f103xb.o(.text)
    DMA1_Channel3_IRQHandler                 0x0800023b   Thumb Code     0  startup_stm32f103xb.o(.text)
    DMA1_Channel4_IRQHandler                 0x0800023b   Thumb Code     0  startup_stm32f103xb.o(.text)
    DMA1_Channel5_IRQHandler                 0x0800023b   Thumb Code     0  startup_stm32f103xb.o(.text)
    DMA1_Channel6_IRQHandler                 0x0800023b   Thumb Code     0  startup_stm32f103xb.o(.text)
    DMA1_Channel7_IRQHandler                 0x0800023b   Thumb Code     0  startup_stm32f103xb.o(.text)
    EXTI0_IRQHandler                         0x0800023b   Thumb Code     0  startup_stm32f103xb.o(.text)
    EXTI15_10_IRQHandler                     0x0800023b   Thumb Code     0  startup_stm32f103xb.o(.text)
    EXTI1_IRQHandler                         0x0800023b   Thumb Code     0  startup_stm32f103xb.o(.text)
    EXTI2_IRQHandler                         0x0800023b   Thumb Code     0  startup_stm32f103xb.o(.text)
    EXTI3_IRQHandler                         0x0800023b   Thumb Code     0  startup_stm32f103xb.o(.text)
    EXTI4_IRQHandler                         0x0800023b   Thumb Code     0  startup_stm32f103xb.o(.text)
    EXTI9_5_IRQHandler                       0x0800023b   Thumb Code     0  startup_stm32f103xb.o(.text)
    FLASH_IRQHandler                         0x0800023b   Thumb Code     0  startup_stm32f103xb.o(.text)
    I2C1_ER_IRQHandler                       0x0800023b   Thumb Code     0  startup_stm32f103xb.o(.text)
    I2C1_EV_IRQHandler                       0x0800023b   Thumb Code     0  startup_stm32f103xb.o(.text)
    I2C2_ER_IRQHandler                       0x0800023b   Thumb Code     0  startup_stm32f103xb.o(.text)
    I2C2_EV_IRQHandler                       0x0800023b   Thumb Code     0  startup_stm32f103xb.o(.text)
    PVD_IRQHandler                           0x0800023b   Thumb Code     0  startup_stm32f103xb.o(.text)
    RCC_IRQHandler                           0x0800023b   Thumb Code     0  startup_stm32f103xb.o(.text)
    RTC_Alarm_IRQHandler                     0x0800023b   Thumb Code     0  startup_stm32f103xb.o(.text)
    RTC_IRQHandler                           0x0800023b   Thumb Code     0  startup_stm32f103xb.o(.text)
    SPI1_IRQHandler                          0x0800023b   Thumb Code     0  startup_stm32f103xb.o(.text)
    SPI2_IRQHandler                          0x0800023b   Thumb Code     0  startup_stm32f103xb.o(.text)
    TAMPER_IRQHandler                        0x0800023b   Thumb Code     0  startup_stm32f103xb.o(.text)
    TIM1_BRK_IRQHandler                      0x0800023b   Thumb Code     0  startup_stm32f103xb.o(.text)
    TIM1_CC_IRQHandler                       0x0800023b   Thumb Code     0  startup_stm32f103xb.o(.text)
    TIM1_TRG_COM_IRQHandler                  0x0800023b   Thumb Code     0  startup_stm32f103xb.o(.text)
    TIM1_UP_IRQHandler                       0x0800023b   Thumb Code     0  startup_stm32f103xb.o(.text)
    TIM3_IRQHandler                          0x0800023b   Thumb Code     0  startup_stm32f103xb.o(.text)
    TIM4_IRQHandler                          0x0800023b   Thumb Code     0  startup_stm32f103xb.o(.text)
    USART2_IRQHandler                        0x0800023b   Thumb Code     0  startup_stm32f103xb.o(.text)
    USART3_IRQHandler                        0x0800023b   Thumb Code     0  startup_stm32f103xb.o(.text)
    USBWakeUp_IRQHandler                     0x0800023b   Thumb Code     0  startup_stm32f103xb.o(.text)
    USB_HP_CAN1_TX_IRQHandler                0x0800023b   Thumb Code     0  startup_stm32f103xb.o(.text)
    USB_LP_CAN1_RX0_IRQHandler               0x0800023b   Thumb Code     0  startup_stm32f103xb.o(.text)
    WWDG_IRQHandler                          0x0800023b   Thumb Code     0  startup_stm32f103xb.o(.text)
    __user_initial_stackheap                 0x0800023d   Thumb Code     0  startup_stm32f103xb.o(.text)
    __use_no_semihosting                     0x08000261   Thumb Code     2  use_no_semi_2.o(.text)
    __2printf                                0x08000265   Thumb Code    20  noretval__2printf.o(.text)
    __aeabi_memclr4                          0x0800027d   Thumb Code     0  rt_memclr_w.o(.text)
    __aeabi_memclr8                          0x0800027d   Thumb Code     0  rt_memclr_w.o(.text)
    __rt_memclr_w                            0x0800027d   Thumb Code    78  rt_memclr_w.o(.text)
    _memset_w                                0x08000281   Thumb Code     0  rt_memclr_w.o(.text)
    __use_two_region_memory                  0x080002cb   Thumb Code     2  heapauxi.o(.text)
    __rt_heap_escrow$2region                 0x080002cd   Thumb Code     2  heapauxi.o(.text)
    __rt_heap_expand$2region                 0x080002cf   Thumb Code     2  heapauxi.o(.text)
    __semihosting$guard                      0x080002d1   Thumb Code     0  use_no_semi.o(.text)
    __use_no_semihosting_swi                 0x080002d1   Thumb Code     2  use_no_semi.o(.text)
    _printf_char_file                        0x080002d5   Thumb Code    32  _printf_char_file.o(.text)
    _printf_char_common                      0x08000303   Thumb Code    32  _printf_char_common.o(.text)
    ferror                                   0x08000329   Thumb Code     8  ferror.o(.text)
    __user_setup_stackheap                   0x08000331   Thumb Code    74  sys_stackheap_outer.o(.text)
    __printf                                 0x0800037b   Thumb Code    40  __printf_nopercent.o(.text)
    exit                                     0x080003a3   Thumb Code    18  exit.o(.text)
    __user_libspace                          0x080003b5   Thumb Code     8  libspace.o(.text)
    __user_perproc_libspace                  0x080003b5   Thumb Code     0  libspace.o(.text)
    __user_perthread_libspace                0x080003b5   Thumb Code     0  libspace.o(.text)
    BusFault_Handler                         0x080003bd   Thumb Code     4  stm32f1xx_it.o(i.BusFault_Handler)
    DebugMon_Handler                         0x080003c1   Thumb Code     2  stm32f1xx_it.o(i.DebugMon_Handler)
    Error_Handler                            0x080003c5   Thumb Code    18  tim2.o(i.Error_Handler)
    FreeROTS_Start                           0x080003dd   Thumb Code    40  freerots_demo.o(i.FreeROTS_Start)
    HAL_DMA_Abort_IT                         0x08000469   Thumb Code   172  stm32f1xx_hal_dma.o(i.HAL_DMA_Abort_IT)
    HAL_GPIO_Init                            0x08000519   Thumb Code   766  stm32f1xx_hal_gpio.o(i.HAL_GPIO_Init)
    HAL_GPIO_WritePin                        0x08000839   Thumb Code    12  stm32f1xx_hal_gpio.o(i.HAL_GPIO_WritePin)
    HAL_GetTick                              0x08000845   Thumb Code     6  stm32f1xx_hal.o(i.HAL_GetTick)
    HAL_IncTick                              0x08000851   Thumb Code    16  stm32f1xx_hal.o(i.HAL_IncTick)
    HAL_Init                                 0x08000869   Thumb Code    34  stm32f1xx_hal.o(i.HAL_Init)
    HAL_InitTick                             0x08000891   Thumb Code     6  tim2.o(i.HAL_InitTick)
    HAL_MspInit                              0x08000897   Thumb Code     2  stm32f1xx_hal.o(i.HAL_MspInit)
    HAL_NVIC_EnableIRQ                       0x08000899   Thumb Code    32  stm32f1xx_hal_cortex.o(i.HAL_NVIC_EnableIRQ)
    HAL_NVIC_SetPriority                     0x080008b9   Thumb Code   124  stm32f1xx_hal_cortex.o(i.HAL_NVIC_SetPriority)
    HAL_NVIC_SetPriorityGrouping             0x08000935   Thumb Code    32  stm32f1xx_hal_cortex.o(i.HAL_NVIC_SetPriorityGrouping)
    HAL_RCC_ClockConfig                      0x0800095d   Thumb Code   376  stm32f1xx_hal_rcc.o(i.HAL_RCC_ClockConfig)
    HAL_RCC_GetHCLKFreq                      0x08000ae9   Thumb Code     6  stm32f1xx_hal_rcc.o(i.HAL_RCC_GetHCLKFreq)
    HAL_RCC_GetPCLK1Freq                     0x08000af5   Thumb Code    22  stm32f1xx_hal_rcc.o(i.HAL_RCC_GetPCLK1Freq)
    HAL_RCC_GetPCLK2Freq                     0x08000b15   Thumb Code    22  stm32f1xx_hal_rcc.o(i.HAL_RCC_GetPCLK2Freq)
    HAL_RCC_GetSysClockFreq                  0x08000b35   Thumb Code   116  stm32f1xx_hal_rcc.o(i.HAL_RCC_GetSysClockFreq)
    HAL_RCC_OscConfig                        0x08000bc9   Thumb Code  1114  stm32f1xx_hal_rcc.o(i.HAL_RCC_OscConfig)
    HAL_TIMEx_BreakCallback                  0x0800102d   Thumb Code     2  stm32f1xx_hal_tim_ex.o(i.HAL_TIMEx_BreakCallback)
    HAL_TIMEx_CommutCallback                 0x0800102f   Thumb Code     2  stm32f1xx_hal_tim_ex.o(i.HAL_TIMEx_CommutCallback)
    HAL_TIM_Base_Init                        0x08001031   Thumb Code    52  stm32f1xx_hal_tim.o(i.HAL_TIM_Base_Init)
    HAL_TIM_Base_MspInit                     0x08001065   Thumb Code     2  stm32f1xx_hal_tim.o(i.HAL_TIM_Base_MspInit)
    HAL_TIM_Base_Start_IT                    0x08001067   Thumb Code    42  stm32f1xx_hal_tim.o(i.HAL_TIM_Base_Start_IT)
    HAL_TIM_IC_CaptureCallback               0x08001091   Thumb Code     2  stm32f1xx_hal_tim.o(i.HAL_TIM_IC_CaptureCallback)
    HAL_TIM_IRQHandler                       0x08001093   Thumb Code   406  stm32f1xx_hal_tim.o(i.HAL_TIM_IRQHandler)
    HAL_TIM_OC_DelayElapsedCallback          0x08001229   Thumb Code     2  stm32f1xx_hal_tim.o(i.HAL_TIM_OC_DelayElapsedCallback)
    HAL_TIM_PWM_PulseFinishedCallback        0x0800122b   Thumb Code     2  stm32f1xx_hal_tim.o(i.HAL_TIM_PWM_PulseFinishedCallback)
    HAL_TIM_PeriodElapsedCallback            0x0800122d   Thumb Code    16  tim2.o(i.HAL_TIM_PeriodElapsedCallback)
    HAL_TIM_TriggerCallback                  0x08001241   Thumb Code     2  stm32f1xx_hal_tim.o(i.HAL_TIM_TriggerCallback)
    HAL_UART_ErrorCallback                   0x08001243   Thumb Code     2  stm32f1xx_hal_uart.o(i.HAL_UART_ErrorCallback)
    HAL_UART_IRQHandler                      0x08001245   Thumb Code   326  stm32f1xx_hal_uart.o(i.HAL_UART_IRQHandler)
    HAL_UART_Init                            0x08001391   Thumb Code   114  stm32f1xx_hal_uart.o(i.HAL_UART_Init)
    HAL_UART_MspInit                         0x08001405   Thumb Code   168  usart.o(i.HAL_UART_MspInit)
    HAL_UART_Receive_IT                      0x080014b9   Thumb Code   112  stm32f1xx_hal_uart.o(i.HAL_UART_Receive_IT)
    HAL_UART_RxCpltCallback                  0x08001529   Thumb Code   134  usart.o(i.HAL_UART_RxCpltCallback)
    HAL_UART_TxCpltCallback                  0x080015c5   Thumb Code     2  stm32f1xx_hal_uart.o(i.HAL_UART_TxCpltCallback)
    HardFault_Handler                        0x080015c7   Thumb Code     4  stm32f1xx_it.o(i.HardFault_Handler)
    LED_Init                                 0x080015cd   Thumb Code    82  led.o(i.LED_Init)
    MX_TIM2_Init                             0x08001629   Thumb Code   108  tim2.o(i.MX_TIM2_Init)
    MemManage_Handler                        0x080016a5   Thumb Code     4  stm32f1xx_it.o(i.MemManage_Handler)
    NMI_Handler                              0x080016a9   Thumb Code     2  stm32f1xx_it.o(i.NMI_Handler)
    OLED_Clear                               0x080016ab   Thumb Code    42  oled.o(i.OLED_Clear)
    OLED_I2C_Init                            0x080016d5   Thumb Code    92  oled.o(i.OLED_I2C_Init)
    OLED_I2C_SendByte                        0x08001739   Thumb Code    88  oled.o(i.OLED_I2C_SendByte)
    OLED_I2C_Start                           0x08001795   Thumb Code    48  oled.o(i.OLED_I2C_Start)
    OLED_I2C_Stop                            0x080017c9   Thumb Code    36  oled.o(i.OLED_I2C_Stop)
    OLED_Init                                0x080017f1   Thumb Code   174  oled.o(i.OLED_Init)
    OLED_SetCursor                           0x0800189f   Thumb Code    34  oled.o(i.OLED_SetCursor)
    OLED_WriteCommand                        0x080018c1   Thumb Code    32  oled.o(i.OLED_WriteCommand)
    OLED_WriteData                           0x080018e1   Thumb Code    32  oled.o(i.OLED_WriteData)
    Start_Task                               0x08001929   Thumb Code    62  freerots_demo.o(i.Start_Task)
    SysTick_Handler                          0x0800198d   Thumb Code    16  delay.o(i.SysTick_Handler)
    SystemInit                               0x0800199d   Thumb Code    70  system_stm32f1xx.o(i.SystemInit)
    TIM2_IRQHandler                          0x080019f5   Thumb Code    10  tim2.o(i.TIM2_IRQHandler)
    TIM_Base_SetConfig                       0x08001a05   Thumb Code   104  stm32f1xx_hal_tim.o(i.TIM_Base_SetConfig)
    USART1_IRQHandler                        0x08001d7d   Thumb Code    10  usart.o(i.USART1_IRQHandler)
    UsageFault_Handler                       0x08001d8d   Thumb Code     4  stm32f1xx_it.o(i.UsageFault_Handler)
    _sys_exit                                0x08001dc9   Thumb Code     4  usart.o(i._sys_exit)
    delay_init                               0x08001dcd   Thumb Code    50  delay.o(i.delay_init)
    fputc                                    0x08001e09   Thumb Code    24  usart.o(i.fputc)
    main                                     0x08001e25   Thumb Code    46  main.o(i.main)
    pvPortMalloc                             0x08002281   Thumb Code   208  heap_4.o(i.pvPortMalloc)
    pxPortInitialiseStack                    0x08002365   Thumb Code    30  port.o(i.pxPortInitialiseStack)
    sys_stm32_clock_init                     0x08002389   Thumb Code   102  sys.o(i.sys_stm32_clock_init)
    usart_init                               0x080023f1   Thumb Code    44  usart.o(i.usart_init)
    uxListRemove                             0x08002429   Thumb Code    40  list.o(i.uxListRemove)
    vListInitialise                          0x08002451   Thumb Code    26  list.o(i.vListInitialise)
    vListInitialiseItem                      0x0800246b   Thumb Code     6  list.o(i.vListInitialiseItem)
    vListInsert                              0x08002471   Thumb Code    52  list.o(i.vListInsert)
    vListInsertEnd                           0x080024a5   Thumb Code    24  list.o(i.vListInsertEnd)
    vPortEnterCritical                       0x080024bd   Thumb Code    30  port.o(i.vPortEnterCritical)
    vPortExitCritical                        0x080024e1   Thumb Code    28  port.o(i.vPortExitCritical)
    vPortFree                                0x08002501   Thumb Code    68  heap_4.o(i.vPortFree)
    vPortSetupTimerInterrupt                 0x0800254d   Thumb Code    20  port.o(i.vPortSetupTimerInterrupt)
    vTask1                                   0x08002565   Thumb Code    18  freerots_demo.o(i.vTask1)
    vTask2                                   0x08002589   Thumb Code    18  freerots_demo.o(i.vTask2)
    vTaskDelay                               0x080025ad   Thumb Code    46  tasks.o(i.vTaskDelay)
    vTaskDelete                              0x080025e1   Thumb Code   174  tasks.o(i.vTaskDelete)
    vTaskStartScheduler                      0x080026b5   Thumb Code    76  tasks.o(i.vTaskStartScheduler)
    vTaskSuspendAll                          0x08002721   Thumb Code    12  tasks.o(i.vTaskSuspendAll)
    vTaskSwitchContext                       0x08002731   Thumb Code    76  tasks.o(i.vTaskSwitchContext)
    xPortStartScheduler                      0x08002791   Thumb Code    42  port.o(i.xPortStartScheduler)
    xPortSysTickHandler                      0x080027c5   Thumb Code    46  port.o(i.xPortSysTickHandler)
    xTaskCreate                              0x080027f9   Thumb Code   104  tasks.o(i.xTaskCreate)
    xTaskGetSchedulerState                   0x08002861   Thumb Code    24  tasks.o(i.xTaskGetSchedulerState)
    xTaskIncrementTick                       0x08002881   Thumb Code   356  tasks.o(i.xTaskIncrementTick)
    xTaskResumeAll                           0x08002a11   Thumb Code   310  tasks.o(i.xTaskResumeAll)
    AHBPrescTable                            0x08002b6c   Data          16  system_stm32f1xx.o(.constdata)
    APBPrescTable                            0x08002b7c   Data           8  system_stm32f1xx.o(.constdata)
    Region$$Table$$Base                      0x08002b84   Number         0  anon$$obj.o(Region$$Table)
    Region$$Table$$Limit                     0x08002ba4   Number         0  anon$$obj.o(Region$$Table)
    SystemCoreClock                          0x20000000   Data           4  system_stm32f1xx.o(.data)
    start_task_handler                       0x20000004   Data           4  freerots_demo.o(.data)
    task1_handler                            0x20000008   Data           4  freerots_demo.o(.data)
    task2_handler                            0x2000000c   Data           4  freerots_demo.o(.data)
    __stdout                                 0x20000018   Data           4  usart.o(.data)
    g_usart_rx_sta                           0x2000001c   Data           2  usart.o(.data)
    g_rx_buffer                              0x2000001e   Data           1  usart.o(.data)
    uwTick                                   0x20000020   Data           4  stm32f1xx_hal.o(.data)
    uwTickPrio                               0x20000024   Data           4  stm32f1xx_hal.o(.data)
    uwTickFreq                               0x20000028   Data           1  stm32f1xx_hal.o(.data)
    pxCurrentTCB                             0x2000002c   Data           4  tasks.o(.data)
    uxTopUsedPriority                        0x20000064   Data           4  tasks.o(.data)
    g_usart_rx_buf                           0x2000008c   Data         200  usart.o(.bss)
    g_uart1_handle                           0x20000154   Data          64  usart.o(.bss)
    htim2                                    0x2000465c   Data          64  tim2.o(.bss)
    __libspace_start                         0x2000469c   Data          96  libspace.o(.bss)
    __temporary_stack_top$libspace           0x200046fc   Data           0  libspace.o(.bss)



==============================================================================

Memory Map of the image

  Image Entry point : 0x080000ed

  Load Region LR_IROM1 (Base: 0x08000000, Size: 0x00002c30, Max: 0x00010000, ABSOLUTE)

    Execution Region ER_IROM1 (Exec base: 0x08000000, Load base: 0x08000000, Size: 0x00002ba4, Max: 0x00010000, ABSOLUTE)

    Exec Addr    Load Addr    Size         Type   Attr      Idx    E Section Name        Object

    0x08000000   0x08000000   0x000000ec   Data   RO            3    RESET               startup_stm32f103xb.o
    0x080000ec   0x080000ec   0x00000008   Code   RO         4193  * !!!main             c_w.l(__main.o)
    0x080000f4   0x080000f4   0x00000034   Code   RO         4357    !!!scatter          c_w.l(__scatter.o)
    0x08000128   0x08000128   0x0000001a   Code   RO         4359    !!handler_copy      c_w.l(__scatter_copy.o)
    0x08000142   0x08000142   0x00000002   PAD
    0x08000144   0x08000144   0x0000001c   Code   RO         4361    !!handler_zi        c_w.l(__scatter_zi.o)
    0x08000160   0x08000160   0x00000002   Code   RO         4234    .ARM.Collect$$libinit$$00000000  c_w.l(libinit.o)
    0x08000162   0x08000162   0x00000000   Code   RO         4241    .ARM.Collect$$libinit$$00000002  c_w.l(libinit2.o)
    0x08000162   0x08000162   0x00000000   Code   RO         4243    .ARM.Collect$$libinit$$00000004  c_w.l(libinit2.o)
    0x08000162   0x08000162   0x00000000   Code   RO         4246    .ARM.Collect$$libinit$$0000000A  c_w.l(libinit2.o)
    0x08000162   0x08000162   0x00000000   Code   RO         4248    .ARM.Collect$$libinit$$0000000C  c_w.l(libinit2.o)
    0x08000162   0x08000162   0x00000000   Code   RO         4250    .ARM.Collect$$libinit$$0000000E  c_w.l(libinit2.o)
    0x08000162   0x08000162   0x00000000   Code   RO         4253    .ARM.Collect$$libinit$$00000011  c_w.l(libinit2.o)
    0x08000162   0x08000162   0x00000000   Code   RO         4255    .ARM.Collect$$libinit$$00000013  c_w.l(libinit2.o)
    0x08000162   0x08000162   0x00000000   Code   RO         4257    .ARM.Collect$$libinit$$00000015  c_w.l(libinit2.o)
    0x08000162   0x08000162   0x00000000   Code   RO         4259    .ARM.Collect$$libinit$$00000017  c_w.l(libinit2.o)
    0x08000162   0x08000162   0x00000000   Code   RO         4261    .ARM.Collect$$libinit$$00000019  c_w.l(libinit2.o)
    0x08000162   0x08000162   0x00000000   Code   RO         4263    .ARM.Collect$$libinit$$0000001B  c_w.l(libinit2.o)
    0x08000162   0x08000162   0x00000000   Code   RO         4265    .ARM.Collect$$libinit$$0000001D  c_w.l(libinit2.o)
    0x08000162   0x08000162   0x00000000   Code   RO         4267    .ARM.Collect$$libinit$$0000001F  c_w.l(libinit2.o)
    0x08000162   0x08000162   0x00000000   Code   RO         4269    .ARM.Collect$$libinit$$00000021  c_w.l(libinit2.o)
    0x08000162   0x08000162   0x00000000   Code   RO         4271    .ARM.Collect$$libinit$$00000023  c_w.l(libinit2.o)
    0x08000162   0x08000162   0x00000000   Code   RO         4273    .ARM.Collect$$libinit$$00000025  c_w.l(libinit2.o)
    0x08000162   0x08000162   0x00000000   Code   RO         4277    .ARM.Collect$$libinit$$0000002C  c_w.l(libinit2.o)
    0x08000162   0x08000162   0x00000000   Code   RO         4279    .ARM.Collect$$libinit$$0000002E  c_w.l(libinit2.o)
    0x08000162   0x08000162   0x00000000   Code   RO         4281    .ARM.Collect$$libinit$$00000030  c_w.l(libinit2.o)
    0x08000162   0x08000162   0x00000000   Code   RO         4283    .ARM.Collect$$libinit$$00000032  c_w.l(libinit2.o)
    0x08000162   0x08000162   0x00000002   Code   RO         4284    .ARM.Collect$$libinit$$00000033  c_w.l(libinit2.o)
    0x08000164   0x08000164   0x00000002   Code   RO         4302    .ARM.Collect$$libshutdown$$00000000  c_w.l(libshutdown.o)
    0x08000166   0x08000166   0x00000000   Code   RO         4310    .ARM.Collect$$libshutdown$$00000002  c_w.l(libshutdown2.o)
    0x08000166   0x08000166   0x00000000   Code   RO         4312    .ARM.Collect$$libshutdown$$00000004  c_w.l(libshutdown2.o)
    0x08000166   0x08000166   0x00000000   Code   RO         4314    .ARM.Collect$$libshutdown$$00000006  c_w.l(libshutdown2.o)
    0x08000166   0x08000166   0x00000000   Code   RO         4317    .ARM.Collect$$libshutdown$$00000009  c_w.l(libshutdown2.o)
    0x08000166   0x08000166   0x00000000   Code   RO         4320    .ARM.Collect$$libshutdown$$0000000C  c_w.l(libshutdown2.o)
    0x08000166   0x08000166   0x00000000   Code   RO         4322    .ARM.Collect$$libshutdown$$0000000E  c_w.l(libshutdown2.o)
    0x08000166   0x08000166   0x00000000   Code   RO         4325    .ARM.Collect$$libshutdown$$00000011  c_w.l(libshutdown2.o)
    0x08000166   0x08000166   0x00000002   Code   RO         4326    .ARM.Collect$$libshutdown$$00000012  c_w.l(libshutdown2.o)
    0x08000168   0x08000168   0x00000000   Code   RO         4197    .ARM.Collect$$rtentry$$00000000  c_w.l(__rtentry.o)
    0x08000168   0x08000168   0x00000000   Code   RO         4203    .ARM.Collect$$rtentry$$00000002  c_w.l(__rtentry2.o)
    0x08000168   0x08000168   0x00000006   Code   RO         4215    .ARM.Collect$$rtentry$$00000004  c_w.l(__rtentry4.o)
    0x0800016e   0x0800016e   0x00000000   Code   RO         4205    .ARM.Collect$$rtentry$$00000009  c_w.l(__rtentry2.o)
    0x0800016e   0x0800016e   0x00000004   Code   RO         4206    .ARM.Collect$$rtentry$$0000000A  c_w.l(__rtentry2.o)
    0x08000172   0x08000172   0x00000000   Code   RO         4208    .ARM.Collect$$rtentry$$0000000C  c_w.l(__rtentry2.o)
    0x08000172   0x08000172   0x00000008   Code   RO         4209    .ARM.Collect$$rtentry$$0000000D  c_w.l(__rtentry2.o)
    0x0800017a   0x0800017a   0x00000002   Code   RO         4238    .ARM.Collect$$rtexit$$00000000  c_w.l(rtexit.o)
    0x0800017c   0x0800017c   0x00000000   Code   RO         4286    .ARM.Collect$$rtexit$$00000002  c_w.l(rtexit2.o)
    0x0800017c   0x0800017c   0x00000004   Code   RO         4287    .ARM.Collect$$rtexit$$00000003  c_w.l(rtexit2.o)
    0x08000180   0x08000180   0x00000006   Code   RO         4288    .ARM.Collect$$rtexit$$00000004  c_w.l(rtexit2.o)
    0x08000186   0x08000186   0x00000002   PAD
    0x08000188   0x08000188   0x00000096   Code   RO         3811    .emb_text           port.o
    0x0800021e   0x0800021e   0x00000002   PAD
    0x08000220   0x08000220   0x00000040   Code   RO            4    .text               startup_stm32f103xb.o
    0x08000260   0x08000260   0x00000002   Code   RO         4179    .text               c_w.l(use_no_semi_2.o)
    0x08000262   0x08000262   0x00000002   PAD
    0x08000264   0x08000264   0x00000018   Code   RO         4183    .text               c_w.l(noretval__2printf.o)
    0x0800027c   0x0800027c   0x0000004e   Code   RO         4189    .text               c_w.l(rt_memclr_w.o)
    0x080002ca   0x080002ca   0x00000006   Code   RO         4191    .text               c_w.l(heapauxi.o)
    0x080002d0   0x080002d0   0x00000002   Code   RO         4195    .text               c_w.l(use_no_semi.o)
    0x080002d2   0x080002d2   0x00000002   PAD
    0x080002d4   0x080002d4   0x00000024   Code   RO         4198    .text               c_w.l(_printf_char_file.o)
    0x080002f8   0x080002f8   0x00000030   Code   RO         4217    .text               c_w.l(_printf_char_common.o)
    0x08000328   0x08000328   0x00000008   Code   RO         4219    .text               c_w.l(ferror.o)
    0x08000330   0x08000330   0x0000004a   Code   RO         4223    .text               c_w.l(sys_stackheap_outer.o)
    0x0800037a   0x0800037a   0x00000028   Code   RO         4225    .text               c_w.l(__printf_nopercent.o)
    0x080003a2   0x080003a2   0x00000012   Code   RO         4227    .text               c_w.l(exit.o)
    0x080003b4   0x080003b4   0x00000008   Code   RO         4235    .text               c_w.l(libspace.o)
    0x080003bc   0x080003bc   0x00000004   Code   RO          258    i.BusFault_Handler  stm32f1xx_it.o
    0x080003c0   0x080003c0   0x00000002   Code   RO          259    i.DebugMon_Handler  stm32f1xx_it.o
    0x080003c2   0x080003c2   0x00000002   PAD
    0x080003c4   0x080003c4   0x00000018   Code   RO         3946    i.Error_Handler     tim2.o
    0x080003dc   0x080003dc   0x0000008c   Code   RO          450    i.FreeROTS_Start    freerots_demo.o
    0x08000468   0x08000468   0x000000b0   Code   RO         2050    i.HAL_DMA_Abort_IT  stm32f1xx_hal_dma.o
    0x08000518   0x08000518   0x00000320   Code   RO         1209    i.HAL_GPIO_Init     stm32f1xx_hal_gpio.o
    0x08000838   0x08000838   0x0000000c   Code   RO         1213    i.HAL_GPIO_WritePin  stm32f1xx_hal_gpio.o
    0x08000844   0x08000844   0x0000000c   Code   RO          921    i.HAL_GetTick       stm32f1xx_hal.o
    0x08000850   0x08000850   0x00000018   Code   RO          927    i.HAL_IncTick       stm32f1xx_hal.o
    0x08000868   0x08000868   0x00000028   Code   RO          928    i.HAL_Init          stm32f1xx_hal.o
    0x08000890   0x08000890   0x00000006   Code   RO         3947    i.HAL_InitTick      tim2.o
    0x08000896   0x08000896   0x00000002   Code   RO          931    i.HAL_MspInit       stm32f1xx_hal.o
    0x08000898   0x08000898   0x00000020   Code   RO         1086    i.HAL_NVIC_EnableIRQ  stm32f1xx_hal_cortex.o
    0x080008b8   0x080008b8   0x0000007c   Code   RO         1092    i.HAL_NVIC_SetPriority  stm32f1xx_hal_cortex.o
    0x08000934   0x08000934   0x00000028   Code   RO         1093    i.HAL_NVIC_SetPriorityGrouping  stm32f1xx_hal_cortex.o
    0x0800095c   0x0800095c   0x0000018c   Code   RO         1309    i.HAL_RCC_ClockConfig  stm32f1xx_hal_rcc.o
    0x08000ae8   0x08000ae8   0x0000000c   Code   RO         1314    i.HAL_RCC_GetHCLKFreq  stm32f1xx_hal_rcc.o
    0x08000af4   0x08000af4   0x00000020   Code   RO         1316    i.HAL_RCC_GetPCLK1Freq  stm32f1xx_hal_rcc.o
    0x08000b14   0x08000b14   0x00000020   Code   RO         1317    i.HAL_RCC_GetPCLK2Freq  stm32f1xx_hal_rcc.o
    0x08000b34   0x08000b34   0x00000094   Code   RO         1318    i.HAL_RCC_GetSysClockFreq  stm32f1xx_hal_rcc.o
    0x08000bc8   0x08000bc8   0x00000464   Code   RO         1321    i.HAL_RCC_OscConfig  stm32f1xx_hal_rcc.o
    0x0800102c   0x0800102c   0x00000002   Code   RO         2831    i.HAL_TIMEx_BreakCallback  stm32f1xx_hal_tim_ex.o
    0x0800102e   0x0800102e   0x00000002   Code   RO         2832    i.HAL_TIMEx_CommutCallback  stm32f1xx_hal_tim_ex.o
    0x08001030   0x08001030   0x00000034   Code   RO         2145    i.HAL_TIM_Base_Init  stm32f1xx_hal_tim.o
    0x08001064   0x08001064   0x00000002   Code   RO         2147    i.HAL_TIM_Base_MspInit  stm32f1xx_hal_tim.o
    0x08001066   0x08001066   0x0000002a   Code   RO         2150    i.HAL_TIM_Base_Start_IT  stm32f1xx_hal_tim.o
    0x08001090   0x08001090   0x00000002   Code   RO         2174    i.HAL_TIM_IC_CaptureCallback  stm32f1xx_hal_tim.o
    0x08001092   0x08001092   0x00000196   Code   RO         2188    i.HAL_TIM_IRQHandler  stm32f1xx_hal_tim.o
    0x08001228   0x08001228   0x00000002   Code   RO         2191    i.HAL_TIM_OC_DelayElapsedCallback  stm32f1xx_hal_tim.o
    0x0800122a   0x0800122a   0x00000002   Code   RO         2218    i.HAL_TIM_PWM_PulseFinishedCallback  stm32f1xx_hal_tim.o
    0x0800122c   0x0800122c   0x00000014   Code   RO         3948    i.HAL_TIM_PeriodElapsedCallback  tim2.o
    0x08001240   0x08001240   0x00000002   Code   RO         2231    i.HAL_TIM_TriggerCallback  stm32f1xx_hal_tim.o
    0x08001242   0x08001242   0x00000002   Code   RO         1472    i.HAL_UART_ErrorCallback  stm32f1xx_hal_uart.o
    0x08001244   0x08001244   0x0000014c   Code   RO         1475    i.HAL_UART_IRQHandler  stm32f1xx_hal_uart.o
    0x08001390   0x08001390   0x00000072   Code   RO         1476    i.HAL_UART_Init     stm32f1xx_hal_uart.o
    0x08001402   0x08001402   0x00000002   PAD
    0x08001404   0x08001404   0x000000b4   Code   RO          833    i.HAL_UART_MspInit  usart.o
    0x080014b8   0x080014b8   0x00000070   Code   RO         1481    i.HAL_UART_Receive_IT  stm32f1xx_hal_uart.o
    0x08001528   0x08001528   0x0000009c   Code   RO          834    i.HAL_UART_RxCpltCallback  usart.o
    0x080015c4   0x080015c4   0x00000002   Code   RO         1487    i.HAL_UART_TxCpltCallback  stm32f1xx_hal_uart.o
    0x080015c6   0x080015c6   0x00000004   Code   RO          260    i.HardFault_Handler  stm32f1xx_it.o
    0x080015ca   0x080015ca   0x00000002   PAD
    0x080015cc   0x080015cc   0x0000005c   Code   RO         4000    i.LED_Init          led.o
    0x08001628   0x08001628   0x0000007c   Code   RO         3949    i.MX_TIM2_Init      tim2.o
    0x080016a4   0x080016a4   0x00000004   Code   RO          261    i.MemManage_Handler  stm32f1xx_it.o
    0x080016a8   0x080016a8   0x00000002   Code   RO          262    i.NMI_Handler       stm32f1xx_it.o
    0x080016aa   0x080016aa   0x0000002a   Code   RO         4042    i.OLED_Clear        oled.o
    0x080016d4   0x080016d4   0x00000064   Code   RO         4043    i.OLED_I2C_Init     oled.o
    0x08001738   0x08001738   0x0000005c   Code   RO         4044    i.OLED_I2C_SendByte  oled.o
    0x08001794   0x08001794   0x00000034   Code   RO         4045    i.OLED_I2C_Start    oled.o
    0x080017c8   0x080017c8   0x00000028   Code   RO         4046    i.OLED_I2C_Stop     oled.o
    0x080017f0   0x080017f0   0x000000ae   Code   RO         4047    i.OLED_Init         oled.o
    0x0800189e   0x0800189e   0x00000022   Code   RO         4049    i.OLED_SetCursor    oled.o
    0x080018c0   0x080018c0   0x00000020   Code   RO         4056    i.OLED_WriteCommand  oled.o
    0x080018e0   0x080018e0   0x00000020   Code   RO         4057    i.OLED_WriteData    oled.o
    0x08001900   0x08001900   0x00000028   Code   RO         1322    i.RCC_Delay         stm32f1xx_hal_rcc.o
    0x08001928   0x08001928   0x00000064   Code   RO          451    i.Start_Task        freerots_demo.o
    0x0800198c   0x0800198c   0x00000010   Code   RO          708    i.SysTick_Handler   delay.o
    0x0800199c   0x0800199c   0x00000058   Code   RO          414    i.SystemInit        system_stm32f1xx.o
    0x080019f4   0x080019f4   0x00000010   Code   RO         3950    i.TIM2_IRQHandler   tim2.o
    0x08001a04   0x08001a04   0x00000074   Code   RO         2233    i.TIM_Base_SetConfig  stm32f1xx_hal_tim.o
    0x08001a78   0x08001a78   0x00000014   Code   RO         1489    i.UART_DMAAbortOnError  stm32f1xx_hal_uart.o
    0x08001a8c   0x08001a8c   0x00000020   Code   RO         1499    i.UART_EndRxTransfer  stm32f1xx_hal_uart.o
    0x08001aac   0x08001aac   0x00000020   Code   RO         1500    i.UART_EndTransmit_IT  stm32f1xx_hal_uart.o
    0x08001acc   0x08001acc   0x000000a6   Code   RO         1502    i.UART_Receive_IT   stm32f1xx_hal_uart.o
    0x08001b72   0x08001b72   0x00000002   PAD
    0x08001b74   0x08001b74   0x000001a0   Code   RO         1503    i.UART_SetConfig    stm32f1xx_hal_uart.o
    0x08001d14   0x08001d14   0x00000068   Code   RO         1504    i.UART_Transmit_IT  stm32f1xx_hal_uart.o
    0x08001d7c   0x08001d7c   0x00000010   Code   RO          835    i.USART1_IRQHandler  usart.o
    0x08001d8c   0x08001d8c   0x00000004   Code   RO          263    i.UsageFault_Handler  stm32f1xx_it.o
    0x08001d90   0x08001d90   0x00000010   Code   RO         1099    i.__NVIC_GetPriorityGrouping  stm32f1xx_hal_cortex.o
    0x08001da0   0x08001da0   0x00000028   Code   RO         1100    i.__NVIC_SetPriority  stm32f1xx_hal_cortex.o
    0x08001dc8   0x08001dc8   0x00000004   Code   RO          837    i._sys_exit         usart.o
    0x08001dcc   0x08001dcc   0x0000003c   Code   RO          709    i.delay_init        delay.o
    0x08001e08   0x08001e08   0x0000001c   Code   RO          839    i.fputc             usart.o
    0x08001e24   0x08001e24   0x0000002e   Code   RO           13    i.main              main.o
    0x08001e52   0x08001e52   0x00000002   PAD
    0x08001e54   0x08001e54   0x000000c0   Code   RO         3499    i.prvAddCurrentTaskToDelayedList  tasks.o
    0x08001f14   0x08001f14   0x000000e4   Code   RO         3500    i.prvAddNewTaskToReadyList  tasks.o
    0x08001ff8   0x08001ff8   0x00000048   Code   RO         3501    i.prvCheckTasksWaitingTermination  tasks.o
    0x08002040   0x08002040   0x00000012   Code   RO         3502    i.prvDeleteTCB      tasks.o
    0x08002052   0x08002052   0x00000002   PAD
    0x08002054   0x08002054   0x00000070   Code   RO         3882    i.prvHeapInit       heap_4.o
    0x080020c4   0x080020c4   0x00000028   Code   RO         3503    i.prvIdleTask       tasks.o
    0x080020ec   0x080020ec   0x0000007a   Code   RO         3504    i.prvInitialiseNewTask  tasks.o
    0x08002166   0x08002166   0x00000002   PAD
    0x08002168   0x08002168   0x00000068   Code   RO         3505    i.prvInitialiseTaskLists  tasks.o
    0x080021d0   0x080021d0   0x00000068   Code   RO         3883    i.prvInsertBlockIntoFreeList  heap_4.o
    0x08002238   0x08002238   0x00000030   Code   RO         3506    i.prvResetNextTaskUnblockTime  tasks.o
    0x08002268   0x08002268   0x00000016   Code   RO         3812    i.prvTaskExitError  port.o
    0x0800227e   0x0800227e   0x00000002   PAD
    0x08002280   0x08002280   0x000000e4   Code   RO         3885    i.pvPortMalloc      heap_4.o
    0x08002364   0x08002364   0x00000024   Code   RO         3813    i.pxPortInitialiseStack  port.o
    0x08002388   0x08002388   0x00000066   Code   RO          766    i.sys_stm32_clock_init  sys.o
    0x080023ee   0x080023ee   0x00000002   PAD
    0x080023f0   0x080023f0   0x00000038   Code   RO          840    i.usart_init        usart.o
    0x08002428   0x08002428   0x00000028   Code   RO         3180    i.uxListRemove      list.o
    0x08002450   0x08002450   0x0000001a   Code   RO         3181    i.vListInitialise   list.o
    0x0800246a   0x0800246a   0x00000006   Code   RO         3182    i.vListInitialiseItem  list.o
    0x08002470   0x08002470   0x00000034   Code   RO         3183    i.vListInsert       list.o
    0x080024a4   0x080024a4   0x00000018   Code   RO         3184    i.vListInsertEnd    list.o
    0x080024bc   0x080024bc   0x00000024   Code   RO         3815    i.vPortEnterCritical  port.o
    0x080024e0   0x080024e0   0x00000020   Code   RO         3816    i.vPortExitCritical  port.o
    0x08002500   0x08002500   0x0000004c   Code   RO         3886    i.vPortFree         heap_4.o
    0x0800254c   0x0800254c   0x00000018   Code   RO         3817    i.vPortSetupTimerInterrupt  port.o
    0x08002564   0x08002564   0x00000024   Code   RO          452    i.vTask1            freerots_demo.o
    0x08002588   0x08002588   0x00000024   Code   RO          453    i.vTask2            freerots_demo.o
    0x080025ac   0x080025ac   0x00000034   Code   RO         3514    i.vTaskDelay        tasks.o
    0x080025e0   0x080025e0   0x000000d4   Code   RO         3515    i.vTaskDelete       tasks.o
    0x080026b4   0x080026b4   0x0000006c   Code   RO         3526    i.vTaskStartScheduler  tasks.o
    0x08002720   0x08002720   0x00000010   Code   RO         3528    i.vTaskSuspendAll   tasks.o
    0x08002730   0x08002730   0x00000060   Code   RO         3529    i.vTaskSwitchContext  tasks.o
    0x08002790   0x08002790   0x00000034   Code   RO         3818    i.xPortStartScheduler  port.o
    0x080027c4   0x080027c4   0x00000034   Code   RO         3819    i.xPortSysTickHandler  port.o
    0x080027f8   0x080027f8   0x00000068   Code   RO         3532    i.xTaskCreate       tasks.o
    0x08002860   0x08002860   0x00000020   Code   RO         3539    i.xTaskGetSchedulerState  tasks.o
    0x08002880   0x08002880   0x00000190   Code   RO         3542    i.xTaskIncrementTick  tasks.o
    0x08002a10   0x08002a10   0x0000015c   Code   RO         3544    i.xTaskResumeAll    tasks.o
    0x08002b6c   0x08002b6c   0x00000018   Data   RO          415    .constdata          system_stm32f1xx.o
    0x08002b84   0x08002b84   0x00000020   Data   RO         4355    Region$$Table       anon$$obj.o


    Execution Region RW_IRAM1 (Exec base: 0x20000000, Load base: 0x08002ba4, Size: 0x00004d00, Max: 0x00005000, ABSOLUTE)

    Exec Addr    Load Addr    Size         Type   Attr      Idx    E Section Name        Object

    0x20000000   0x08002ba4   0x00000004   Data   RW          416    .data               system_stm32f1xx.o
    0x20000004   0x08002ba8   0x0000000c   Data   RW          455    .data               freerots_demo.o
    0x20000010   0x08002bb4   0x00000006   Data   RW          712    .data               delay.o
    0x20000016   0x08002bba   0x00000002   PAD
    0x20000018   0x08002bbc   0x00000007   Data   RW          842    .data               usart.o
    0x2000001f   0x08002bc3   0x00000001   PAD
    0x20000020   0x08002bc4   0x00000009   Data   RW          935    .data               stm32f1xx_hal.o
    0x20000029   0x08002bcd   0x00000003   PAD
    0x2000002c   0x08002bd0   0x00000040   Data   RW         3547    .data               tasks.o
    0x2000006c   0x08002c10   0x00000004   Data   RW         3820    .data               port.o
    0x20000070   0x08002c14   0x0000001c   Data   RW         3892    .data               heap_4.o
    0x2000008c        -       0x00000108   Zero   RW          841    .bss                usart.o
    0x20000194        -       0x000000c8   Zero   RW         3546    .bss                tasks.o
    0x2000025c        -       0x00004400   Zero   RW         3891    .bss                heap_4.o
    0x2000465c        -       0x00000040   Zero   RW         3951    .bss                tim2.o
    0x2000469c        -       0x00000060   Zero   RW         4236    .bss                c_w.l(libspace.o)
    0x200046fc   0x08002c30   0x00000004   PAD
    0x20004700        -       0x00000200   Zero   RW            2    HEAP                startup_stm32f103xb.o
    0x20004900        -       0x00000400   Zero   RW            1    STACK               startup_stm32f103xb.o


==============================================================================

Image component sizes


      Code (inc. data)   RO Data    RW Data    ZI Data      Debug   Object Name

        76         10          0          6          0       1243   delay.o
         0          0          0          0          0       2552   event_groups.o
       312        174          0         12          0      13978   freerots_demo.o
       520         58          0         28      17408       4947   heap_4.o
        92         10          0          0          0       1023   led.o
       148          0          0          0          0       3550   list.o
        46          0          0          0          0      13219   main.o
       598         20          0          0          0       5620   oled.o
       404         48          0          4          0       9616   port.o
        64         26        236          0       1536        936   startup_stm32f103xb.o
        78         20          0          9          0       5320   stm32f1xx_hal.o
       252         22          0          0          0      28766   stm32f1xx_hal_cortex.o
       176          4          0          0          0       1239   stm32f1xx_hal_dma.o
       812         34          0          0          0       2836   stm32f1xx_hal_gpio.o
      1784        110          0          0          0       6236   stm32f1xx_hal_rcc.o
       626         12          0          0          0       6242   stm32f1xx_hal_tim.o
         4          0          0          0          0       1673   stm32f1xx_hal_tim_ex.o
      1332         10          0          0          0       7927   stm32f1xx_hal_uart.o
        20          0          0          0          0     418969   stm32f1xx_it.o
       102          0          0          0          0        719   sys.o
        88         18         24          4          0       1551   system_stm32f1xx.o
      2192        308          0         64        200      28070   tasks.o
       190         32          0          0         64       3384   tim2.o
       440         56          0          7        264       5637   usart.o

    ----------------------------------------------------------------------
     10376        972        292        140      19472     575253   Object Totals
         0          0         32          0          0          0   (incl. Generated)
        20          0          0          6          0          0   (incl. Padding)

    ----------------------------------------------------------------------

      Code (inc. data)   RO Data    RW Data    ZI Data      Debug   Library Member Name

         8          0          0          0          0         68   __main.o
        40          0          0          0          0         84   __printf_nopercent.o
         0          0          0          0          0          0   __rtentry.o
        12          0          0          0          0          0   __rtentry2.o
         6          0          0          0          0          0   __rtentry4.o
        52          8          0          0          0          0   __scatter.o
        26          0          0          0          0          0   __scatter_copy.o
        28          0          0          0          0          0   __scatter_zi.o
        48          6          0          0          0         96   _printf_char_common.o
        36          4          0          0          0         80   _printf_char_file.o
        18          0          0          0          0         80   exit.o
         8          0          0          0          0         68   ferror.o
         6          0          0          0          0        152   heapauxi.o
         2          0          0          0          0          0   libinit.o
         2          0          0          0          0          0   libinit2.o
         2          0          0          0          0          0   libshutdown.o
         2          0          0          0          0          0   libshutdown2.o
         8          4          0          0         96         68   libspace.o
        24          4          0          0          0         84   noretval__2printf.o
        78          0          0          0          0         80   rt_memclr_w.o
         2          0          0          0          0          0   rtexit.o
        10          0          0          0          0          0   rtexit2.o
        74          0          0          0          0         80   sys_stackheap_outer.o
         2          0          0          0          0         68   use_no_semi.o
         2          0          0          0          0         68   use_no_semi_2.o

    ----------------------------------------------------------------------
       504         26          0          0        100       1076   Library Totals
         8          0          0          0          4          0   (incl. Padding)

    ----------------------------------------------------------------------

      Code (inc. data)   RO Data    RW Data    ZI Data      Debug   Library Name

       496         26          0          0         96       1076   c_w.l

    ----------------------------------------------------------------------
       504         26          0          0        100       1076   Library Totals

    ----------------------------------------------------------------------

==============================================================================


      Code (inc. data)   RO Data    RW Data    ZI Data      Debug   

     10880        998        292        140      19572     570345   Grand Totals
     10880        998        292        140      19572     570345   ELF Image Totals
     10880        998        292        140          0          0   ROM Totals

==============================================================================

    Total RO  Size (Code + RO Data)                11172 (  10.91kB)
    Total RW  Size (RW Data + ZI Data)             19712 (  19.25kB)
    Total ROM Size (Code + RO Data + RW Data)      11312 (  11.05kB)

==============================================================================

