Component: ARM Compiler 5.06 update 7 (build 960) Tool: armlink [4d3601]

==============================================================================

Section Cross References

    startup_stm32f407xx.o(STACK) refers (Special) to heapauxi.o(.text) for __use_two_region_memory
    startup_stm32f407xx.o(HEAP) refers (Special) to heapauxi.o(.text) for __use_two_region_memory
    startup_stm32f407xx.o(RESET) refers (Special) to heapauxi.o(.text) for __use_two_region_memory
    startup_stm32f407xx.o(RESET) refers to startup_stm32f407xx.o(STACK) for __initial_sp
    startup_stm32f407xx.o(RESET) refers to startup_stm32f407xx.o(.text) for Reset_Handler
    startup_stm32f407xx.o(RESET) refers to stm32f4xx_it.o(i.NMI_Handler) for NMI_Handler
    startup_stm32f407xx.o(RESET) refers to stm32f4xx_it.o(i.HardFault_Handler) for HardFault_Handler
    startup_stm32f407xx.o(RESET) refers to stm32f4xx_it.o(i.MemManage_Handler) for MemManage_Handler
    startup_stm32f407xx.o(RESET) refers to stm32f4xx_it.o(i.BusFault_Handler) for BusFault_Handler
    startup_stm32f407xx.o(RESET) refers to stm32f4xx_it.o(i.UsageFault_Handler) for UsageFault_Handler
    startup_stm32f407xx.o(RESET) refers to port.o(.emb_text) for SVC_Handler
    startup_stm32f407xx.o(RESET) refers to stm32f4xx_it.o(i.DebugMon_Handler) for DebugMon_Handler
    startup_stm32f407xx.o(RESET) refers to port.o(i.SysTick_Handler) for SysTick_Handler
    startup_stm32f407xx.o(RESET) refers to usart.o(i.USART1_IRQHandler) for USART1_IRQHandler
    startup_stm32f407xx.o(RESET) refers to stm32f4xx_hal_timebase_tim.o(i.TIM7_IRQHandler) for TIM7_IRQHandler
    startup_stm32f407xx.o(RESET) refers to usart.o(i.DMA2_Stream2_IRQHandler) for DMA2_Stream2_IRQHandler
    startup_stm32f407xx.o(RESET) refers to lcd.o(i.DMA2_Stream3_IRQHandler) for DMA2_Stream3_IRQHandler
    startup_stm32f407xx.o(RESET) refers to usart.o(i.DMA2_Stream7_IRQHandler) for DMA2_Stream7_IRQHandler
    startup_stm32f407xx.o(.text) refers (Special) to heapauxi.o(.text) for __use_two_region_memory
    startup_stm32f407xx.o(.text) refers to system_stm32f4xx.o(i.SystemInit) for SystemInit
    startup_stm32f407xx.o(.text) refers to __main.o(!!!main) for __main
    startup_stm32f407xx.o(.text) refers to startup_stm32f407xx.o(HEAP) for Heap_Mem
    startup_stm32f407xx.o(.text) refers to startup_stm32f407xx.o(STACK) for Stack_Mem
    main.o(i.app_task) refers to _printf_percent.o(.ARM.Collect$$_printf_percent$$00000000) for _printf_percent
    main.o(i.app_task) refers to _printf_u.o(.ARM.Collect$$_printf_percent$$0000000A) for _printf_u
    main.o(i.app_task) refers to _printf_dec.o(.text) for _printf_int_dec
    main.o(i.app_task) refers to usart.o(i.usart1_read_frame) for usart1_read_frame
    main.o(i.app_task) refers to noretval__2printf.o(.text) for __2printf
    main.o(i.app_task) refers to usart.o(i.usart1_write) for usart1_write
    main.o(i.app_task) refers to stm32f4xx_hal.o(i.HAL_GetTick) for HAL_GetTick
    main.o(i.main) refers to stm32f4xx_hal.o(i.HAL_Init) for HAL_Init
    main.o(i.main) refers to sys.o(i.sys_clock_init_168mhz) for sys_clock_init_168mhz
    main.o(i.main) refers to delay.o(i.delay_init) for delay_init
    main.o(i.main) refers to usart.o(i.usart1_init) for usart1_init
    main.o(i.main) refers to noretval__2printf.o(.text) for __2printf
    main.o(i.main) refers to lcd.o(i.LCD_init) for LCD_init
    main.o(i.main) refers to tasks.o(i.xTaskCreate) for xTaskCreate
    main.o(i.main) refers to tasks.o(i.vTaskStartScheduler) for vTaskStartScheduler
    main.o(i.main) refers to main.o(i.app_task) for app_task
    freertos_demo.o(i.vApplicationGetIdleTaskMemory) refers to freertos_demo.o(.bss) for idle_tcb
    freertos_demo.o(i.vApplicationGetTimerTaskMemory) refers to freertos_demo.o(.bss) for timer_tcb
    stm32f4xx_hal_timebase_tim.o(i.HAL_InitTick) refers to stm32f4xx_hal_rcc.o(i.HAL_RCC_GetClockConfig) for HAL_RCC_GetClockConfig
    stm32f4xx_hal_timebase_tim.o(i.HAL_InitTick) refers to stm32f4xx_hal_rcc.o(i.HAL_RCC_GetPCLK1Freq) for HAL_RCC_GetPCLK1Freq
    stm32f4xx_hal_timebase_tim.o(i.HAL_InitTick) refers to stm32f4xx_hal_tim.o(i.HAL_TIM_Base_Init) for HAL_TIM_Base_Init
    stm32f4xx_hal_timebase_tim.o(i.HAL_InitTick) refers to stm32f4xx_hal_cortex.o(i.HAL_NVIC_SetPriority) for HAL_NVIC_SetPriority
    stm32f4xx_hal_timebase_tim.o(i.HAL_InitTick) refers to stm32f4xx_hal_cortex.o(i.HAL_NVIC_EnableIRQ) for HAL_NVIC_EnableIRQ
    stm32f4xx_hal_timebase_tim.o(i.HAL_InitTick) refers to stm32f4xx_hal_tim.o(i.HAL_TIM_Base_Start_IT) for HAL_TIM_Base_Start_IT
    stm32f4xx_hal_timebase_tim.o(i.HAL_InitTick) refers to stm32f4xx_hal_timebase_tim.o(.bss) for htim7
    stm32f4xx_hal_timebase_tim.o(i.HAL_InitTick) refers to stm32f4xx_hal.o(.data) for uwTickPrio
    stm32f4xx_hal_timebase_tim.o(i.HAL_ResumeTick) refers to stm32f4xx_hal_timebase_tim.o(.bss) for htim7
    stm32f4xx_hal_timebase_tim.o(i.HAL_SuspendTick) refers to stm32f4xx_hal_timebase_tim.o(.bss) for htim7
[...]
    i.usart1_tx_start_next_locked            0x08004c30   Section        0  usart.o(i.usart1_tx_start_next_locked)
    usart1_tx_start_next_locked              0x08004c31   Thumb Code   118  usart.o(i.usart1_tx_start_next_locked)
    i.usart1_tx_used                         0x08004cc8   Section        0  usart.o(i.usart1_tx_used)
    usart1_tx_used                           0x08004cc9   Thumb Code    28  usart.o(i.usart1_tx_used)
    i.usart1_write                           0x08004cec   Section        0  usart.o(i.usart1_write)
    i.uxListRemove                           0x08004e2c   Section        0  list.o(i.uxListRemove)
    i.uxTaskGetNumberOfTasks                 0x08004e54   Section        0  tasks.o(i.uxTaskGetNumberOfTasks)
    i.vApplicationGetIdleTaskMemory          0x08004e60   Section        0  freertos_demo.o(i.vApplicationGetIdleTaskMemory)
    i.vApplicationGetTimerTaskMemory         0x08004e78   Section        0  freertos_demo.o(i.vApplicationGetTimerTaskMemory)
    i.vListInitialise                        0x08004e90   Section        0  list.o(i.vListInitialise)
    i.vListInitialiseItem                    0x08004eaa   Section        0  list.o(i.vListInitialiseItem)
    i.vListInsert                            0x08004eb0   Section        0  list.o(i.vListInsert)
    i.vPortEnterCritical                     0x08004ee4   Section        0  port.o(i.vPortEnterCritical)
    i.vPortExitCritical                      0x08004f38   Section        0  port.o(i.vPortExitCritical)
    i.vPortFree                              0x08004f74   Section        0  heap_4.o(i.vPortFree)
    i.vPortSetupTimerInterrupt               0x08005000   Section        0  port.o(i.vPortSetupTimerInterrupt)
    i.vPortValidateInterruptPriority         0x08005028   Section        0  port.o(i.vPortValidateInterruptPriority)
    i.vQueueAddToRegistry                    0x080050a0   Section        0  queue.o(i.vQueueAddToRegistry)
    i.vQueueWaitForMessageRestricted         0x08005100   Section        0  queue.o(i.vQueueWaitForMessageRestricted)
    i.vTaskInternalSetTimeOutState           0x0800514c   Section        0  tasks.o(i.vTaskInternalSetTimeOutState)
    i.vTaskMissedYield                       0x08005164   Section        0  tasks.o(i.vTaskMissedYield)
    i.vTaskPlaceOnEventList                  0x08005170   Section        0  tasks.o(i.vTaskPlaceOnEventList)
    i.vTaskPlaceOnEventListRestricted        0x080051a8   Section        0  tasks.o(i.vTaskPlaceOnEventListRestricted)
    i.vTaskPriorityDisinheritAfterTimeout    0x0800520c   Section        0  tasks.o(i.vTaskPriorityDisinheritAfterTimeout)
    i.vTaskStartScheduler                    0x08005324   Section        0  tasks.o(i.vTaskStartScheduler)
    i.vTaskSuspendAll                        0x080053e4   Section        0  tasks.o(i.vTaskSuspendAll)
    i.vTaskSwitchContext                     0x080053f4   Section        0  tasks.o(i.vTaskSwitchContext)
    i.xPortStartScheduler                    0x08005480   Section        0  port.o(i.xPortStartScheduler)
    i.xQueueCreateMutexStatic                0x080055e8   Section        0  queue.o(i.xQueueCreateMutexStatic)
    i.xQueueGenericCreateStatic              0x08005612   Section        0  queue.o(i.xQueueGenericCreateStatic)
    i.xQueueGenericReset                     0x080056ac   Section        0  queue.o(i.xQueueGenericReset)
    i.xQueueGenericSend                      0x08005788   Section        0  queue.o(i.xQueueGenericSend)
    i.xQueueGenericSendFromISR               0x08005930   Section        0  queue.o(i.xQueueGenericSendFromISR)
    i.xQueueGiveFromISR                      0x08005a58   Section        0  queue.o(i.xQueueGiveFromISR)
    i.xQueueReceive                          0x08005b68   Section        0  queue.o(i.xQueueReceive)
    i.xQueueSemaphoreTake                    0x08005cd0   Section        0  queue.o(i.xQueueSemaphoreTake)
    i.xTaskCheckForTimeOut                   0x08005e64   Section        0  tasks.o(i.xTaskCheckForTimeOut)
    i.xTaskCreate                            0x08005ef4   Section        0  tasks.o(i.xTaskCreate)
    i.xTaskCreateStatic                      0x08005f60   Section        0  tasks.o(i.xTaskCreateStatic)
    i.xTaskGetSchedulerState                 0x08006024   Section        0  tasks.o(i.xTaskGetSchedulerState)
    i.xTaskGetTickCount                      0x08006044   Section        0  tasks.o(i.xTaskGetTickCount)
    i.xTaskIncrementTick                     0x08006050   Section        0  tasks.o(i.xTaskIncrementTick)
    i.xTaskPriorityDisinherit                0x0800620c   Section        0  tasks.o(i.xTaskPriorityDisinherit)
    i.xTaskPriorityInherit                   0x080062fc   Section        0  tasks.o(i.xTaskPriorityInherit)
    i.xTaskRemoveFromEventList               0x080063e8   Section        0  tasks.o(i.xTaskRemoveFromEventList)
    i.xTaskResumeAll                         0x08006508   Section        0  tasks.o(i.xTaskResumeAll)
    i.xTimerCreateTimerTask                  0x08006680   Section        0  timers.o(i.xTimerCreateTimerTask)
    x$fpl$fpinit                             0x080066f8   Section       10  fpinit.o(x$fpl$fpinit)
    $v0                                      0x080066f8   Number         0  fpinit.o(x$fpl$fpinit)
    .constdata                               0x08006702   Section       24  system_stm32f4xx.o(.constdata)
    .constdata                               0x0800671a   Section        8  stm32f4xx_hal_dma.o(.constdata)
    flagBitshiftOffset                       0x0800671a   Data           8  stm32f4xx_hal_dma.o(.constdata)
    .constdata                               0x08006722   Section       17  __printf_flags_ss_wp.o(.constdata)
    maptable                                 0x08006722   Data          17  __printf_flags_ss_wp.o(.constdata)
    .data                                    0x20000000   Section        4  system_stm32f4xx.o(.data)
    .data                                    0x20000004   Section       29  usart.o(.data)
    s_rx_dma_index                           0x20000008   Data           1  usart.o(.data)
    s_rx_queue                               0x2000000c   Data           4  usart.o(.data)
    s_tx_head                                0x20000010   Data           2  usart.o(.data)
    s_tx_tail                                0x20000012   Data           2  usart.o(.data)
    s_tx_dma_len                             0x20000014   Data           2  usart.o(.data)
    s_tx_dma_active                          0x20000016   Data           1  usart.o(.data)
    s_tx_mutex                               0x20000018   Data           4  usart.o(.data)
    s_tx_space                               0x2000001c   Data           4  usart.o(.data)
    s_usart1_ready                           0x20000020   Data           1  usart.o(.data)
    .data                                    0x20000024   Section        5  delay.o(.data)
    s_cycles_per_us                          0x20000024   Data           4  delay.o(.data)
    s_delay_ready                            0x20000028   Data           1  delay.o(.data)
    .data                                    0x2000002c   Section        9  stm32f4xx_hal.o(.data)
    .data                                    0x20000036   Section        6  lcd.o(.data)
    s_lcd                                    0x20000036   Data           6  lcd.o(.data)
    .data                                    0x2000003c   Section       64  tasks.o(.data)
    pxDelayedTaskList                        0x20000040   Data           4  tasks.o(.data)
    pxOverflowDelayedTaskList                0x20000044   Data           4  tasks.o(.data)
    uxDeletedTasksWaitingCleanUp             0x20000048   Data           4  tasks.o(.data)
    uxCurrentNumberOfTasks                   0x2000004c   Data           4  tasks.o(.data)
    xTickCount                               0x20000050   Data           4  tasks.o(.data)
    uxTopReadyPriority                       0x20000054   Data           4  tasks.o(.data)
    xSchedulerRunning                        0x20000058   Data           4  tasks.o(.data)
    xPendedTicks                             0x2000005c   Data           4  tasks.o(.data)
    xYieldPending                            0x20000060   Data           4  tasks.o(.data)
    xNumOfOverflows                          0x20000064   Data           4  tasks.o(.data)
    uxTaskNumber                             0x20000068   Data           4  tasks.o(.data)
    xNextTaskUnblockTime                     0x2000006c   Data           4  tasks.o(.data)
    xIdleTaskHandle                          0x20000070   Data           4  tasks.o(.data)
    uxSchedulerSuspended                     0x20000078   Data           4  tasks.o(.data)
    .data                                    0x2000007c   Section       20  timers.o(.data)
    pxCurrentTimerList                       0x2000007c   Data           4  timers.o(.data)
    pxOverflowTimerList                      0x20000080   Data           4  timers.o(.data)
    xTimerQueue                              0x20000084   Data           4  timers.o(.data)
    xTimerTaskHandle                         0x20000088   Data           4  timers.o(.data)
    xLastTime                                0x2000008c   Data           4  timers.o(.data)
    .data                                    0x20000090   Section       12  port.o(.data)
    uxCriticalNesting                        0x20000090   Data           4  port.o(.data)
    ucMaxSysCallPriority                     0x20000094   Data           1  port.o(.data)
    ulMaxPRIGROUPValue                       0x20000098   Data           4  port.o(.data)
    .data                                    0x2000009c   Section       28  heap_4.o(.data)
    xStart                                   0x2000009c   Data           8  heap_4.o(.data)
    pxEnd                                    0x200000a4   Data           4  heap_4.o(.data)
    xFreeBytesRemaining                      0x200000a8   Data           4  heap_4.o(.data)
    xMinimumEverFreeBytesRemaining           0x200000ac   Data           4  heap_4.o(.data)
    xNumberOfSuccessfulAllocations           0x200000b0   Data           4  heap_4.o(.data)
    xNumberOfSuccessfulFrees                 0x200000b4   Data           4  heap_4.o(.data)
    .bss                                     0x200000b8   Section     1736  freertos_demo.o(.bss)
    idle_tcb                                 0x200000b8   Data          88  freertos_demo.o(.bss)
    idle_stack                               0x20000110   Data         520  freertos_demo.o(.bss)
    timer_tcb                                0x20000318   Data          88  freertos_demo.o(.bss)
    timer_stack                              0x20000370   Data        1040  freertos_demo.o(.bss)
    .bss                                     0x20000780   Section       72  stm32f4xx_hal_timebase_tim.o(.bss)
    htim7                                    0x20000780   Data          72  stm32f4xx_hal_timebase_tim.o(.bss)
    .bss                                     0x200007c8   Section     4148  usart.o(.bss)
    s_uart1                                  0x200007c8   Data          72  usart.o(.bss)
    s_dma_rx                                 0x20000810   Data          96  usart.o(.bss)
    s_dma_tx                                 0x20000870   Data          96  usart.o(.bss)
    s_rx_dma_buffer                          0x200008d0   Data         512  usart.o(.bss)
    s_rx_queue_control                       0x20000ad0   Data          80  usart.o(.bss)
    s_rx_queue_storage                       0x20000b20   Data        2064  usart.o(.bss)
    s_tx_ring                                0x20001330   Data        1024  usart.o(.bss)
    s_tx_mutex_control                       0x20001730   Data          80  usart.o(.bss)
    s_tx_space_control                       0x20001780   Data          80  usart.o(.bss)
    s_stats                                  0x200017d0   Data          44  usart.o(.bss)
    .bss                                     0x200017fc   Section     2328  lcd.o(.bss)
    hspi1                                    0x200017fc   Data          88  lcd.o(.bss)
    hdma_spi1_tx                             0x20001854   Data          96  lcd.o(.bss)
    buffer                                   0x200018b4   Data        1024  lcd.o(.bss)
    buffer                                   0x20001cb4   Data        1120  lcd.o(.bss)
    .bss                                     0x20002114   Section       64  queue.o(.bss)
    .bss                                     0x20002154   Section      200  tasks.o(.bss)
    pxReadyTasksLists                        0x20002154   Data         100  tasks.o(.bss)
    xDelayedTaskList1                        0x200021b8   Data          20  tasks.o(.bss)
    xDelayedTaskList2                        0x200021cc   Data          20  tasks.o(.bss)
    xPendingReadyList                        0x200021e0   Data          20  tasks.o(.bss)
    xTasksWaitingTermination                 0x200021f4   Data          20  tasks.o(.bss)
    xSuspendedTaskList                       0x20002208   Data          20  tasks.o(.bss)
    .bss                                     0x2000221c   Section      240  timers.o(.bss)
    xActiveTimerList1                        0x2000221c   Data          20  timers.o(.bss)
    xActiveTimerList2                        0x20002230   Data          20  timers.o(.bss)
    xStaticTimerQueue                        0x20002244   Data          80  timers.o(.bss)
    ucStaticTimerQueueStorage                0x20002294   Data         120  timers.o(.bss)
    .bss                                     0x2000230c   Section    76800  heap_4.o(.bss)
    ucHeap                                   0x2000230c   Data       76800  heap_4.o(.bss)
    .bss                                     0x20014f0c   Section       96  libspace.o(.bss)
    HEAP                                     0x20014f70   Section      512  startup_stm32f407xx.o(HEAP)
    Heap_Mem                                 0x20014f70   Data         512  startup_stm32f407xx.o(HEAP)
    STACK                                    0x20015170   Section     1024  startup_stm32f407xx.o(STACK)
    Stack_Mem                                0x20015170   Data        1024  startup_stm32f407xx.o(STACK)
    __initial_sp                             0x20015570   Data           0  startup_stm32f407xx.o(STACK)

    Global Symbols

    Symbol Name                              Value     Ov Type        Size  Object(Section)

    BuildAttributes$$THM_ISAv4$E$P$D$K$B$S$7EM$VFPi3$EXTD16$VFPS$VFMA$PE$A:L22UL41UL21$X:L11$S22US41US21$IEEE1$IW$USESV6$~STKCKD$USESV7$~SHL$OTIME$ROPI$IEEEJ$EBA8$UX$STANDARDLIB$REQ8$PRES8$EABIv2 0x00000000   Number         0  anon$$obj.o ABSOLUTE
    __ARM_use_no_argv                        0x00000000   Number         0  main.o ABSOLUTE
    _printf_flags                            0x00000000   Number         0  printf_stubs.o ABSOLUTE
    _printf_return_value                     0x00000000   Number         0  printf_stubs.o ABSOLUTE
    _printf_sizespec                         0x00000000   Number         0  printf_stubs.o ABSOLUTE
    _printf_widthprec                        0x00000000   Number         0  printf_stubs.o ABSOLUTE
    __ARM_exceptions_init                     - Undefined Weak Reference
    __alloca_initialize                       - Undefined Weak Reference
    __arm_fini_                               - Undefined Weak Reference
    __arm_preinit_                            - Undefined Weak Reference
    __cpp_initialize__aeabi_                  - Undefined Weak Reference
    __cxa_finalize                            - Undefined Weak Reference
    __sigvec_lookup                           - Undefined Weak Reference
    _atexit_init                              - Undefined Weak Reference
    _call_atexit_fns                          - Undefined Weak Reference
    _clock_init                               - Undefined Weak Reference
    _fp_trap_init                             - Undefined Weak Reference
    _fp_trap_shutdown                         - Undefined Weak Reference
    _get_lc_collate                           - Undefined Weak Reference
    _get_lc_monetary                          - Undefined Weak Reference
    _get_lc_time                              - Undefined Weak Reference
    _getenv_init                              - Undefined Weak Reference
    _handle_redirection                       - Undefined Weak Reference
    _init_alloc                               - Undefined Weak Reference
    _init_user_alloc                          - Undefined Weak Reference
    _initio                                   - Undefined Weak Reference
    _mutex_acquire                            - Undefined Weak Reference
    _mutex_release                            - Undefined Weak Reference
    _printf_mbtowc                            - Undefined Weak Reference
    _printf_wc                                - Undefined Weak Reference
    _rand_init                                - Undefined Weak Reference
    _signal_finish                            - Undefined Weak Reference
    _signal_init                              - Undefined Weak Reference
    _terminate_alloc                          - Undefined Weak Reference
    _terminate_user_alloc                     - Undefined Weak Reference
    _terminateio                              - Undefined Weak Reference
    __Vectors_Size                           0x00000188   Number         0  startup_stm32f407xx.o ABSOLUTE
    __Vectors                                0x08000000   Data           4  startup_stm32f407xx.o(RESET)
    __Vectors_End                            0x08000188   Data           0  startup_stm32f407xx.o(RESET)
    __main                                   0x08000189   Thumb Code     8  __main.o(!!!main)
    __scatterload                            0x08000191   Thumb Code     0  __scatter.o(!!!scatter)
    __scatterload_rt2                        0x08000191   Thumb Code    44  __scatter.o(!!!scatter)
    __scatterload_rt2_thumb_only             0x08000191   Thumb Code     0  __scatter.o(!!!scatter)
    __scatterload_null                       0x0800019f   Thumb Code     0  __scatter.o(!!!scatter)
    __scatterload_copy                       0x080001c5   Thumb Code    26  __scatter_copy.o(!!handler_copy)
    __scatterload_zeroinit                   0x080001e1   Thumb Code    28  __scatter_zi.o(!!handler_zi)
    _printf_percent                          0x080001fd   Thumb Code     0  _printf_percent.o(.ARM.Collect$$_printf_percent$$00000000)
    _printf_u                                0x080001fd   Thumb Code     0  _printf_u.o(.ARM.Collect$$_printf_percent$$0000000A)
    _printf_percent_end                      0x08000203   Thumb Code     0  _printf_percent_end.o(.ARM.Collect$$_printf_percent$$00000017)
    __rt_lib_init                            0x08000207   Thumb Code     0  libinit.o(.ARM.Collect$$libinit$$00000000)
    __rt_lib_init_fp_1                       0x08000209   Thumb Code     0  libinit2.o(.ARM.Collect$$libinit$$00000001)
    __rt_lib_init_alloca_1                   0x0800020d   Thumb Code     0  libinit2.o(.ARM.Collect$$libinit$$0000002E)
    __rt_lib_init_argv_1                     0x0800020d   Thumb Code     0  libinit2.o(.ARM.Collect$$libinit$$0000002C)
    __rt_lib_init_atexit_1                   0x0800020d   Thumb Code     0  libinit2.o(.ARM.Collect$$libinit$$0000001B)
    __rt_lib_init_clock_1                    0x0800020d   Thumb Code     0  libinit2.o(.ARM.Collect$$libinit$$00000021)
    __rt_lib_init_cpp_1                      0x0800020d   Thumb Code     0  libinit2.o(.ARM.Collect$$libinit$$00000032)
    __rt_lib_init_exceptions_1               0x0800020d   Thumb Code     0  libinit2.o(.ARM.Collect$$libinit$$00000030)
    __rt_lib_init_fp_trap_1                  0x0800020d   Thumb Code     0  libinit2.o(.ARM.Collect$$libinit$$0000001F)
    __rt_lib_init_getenv_1                   0x0800020d   Thumb Code     0  libinit2.o(.ARM.Collect$$libinit$$00000023)
    __rt_lib_init_heap_1                     0x0800020d   Thumb Code     0  libinit2.o(.ARM.Collect$$libinit$$0000000A)
    __rt_lib_init_lc_collate_1               0x0800020d   Thumb Code     0  libinit2.o(.ARM.Collect$$libinit$$00000011)
    __rt_lib_init_lc_ctype_1                 0x0800020d   Thumb Code     0  libinit2.o(.ARM.Collect$$libinit$$00000013)
    __rt_lib_init_lc_monetary_1              0x0800020d   Thumb Code     0  libinit2.o(.ARM.Collect$$libinit$$00000015)
    __rt_lib_init_lc_numeric_1               0x0800020d   Thumb Code     0  libinit2.o(.ARM.Collect$$libinit$$00000017)
    __rt_lib_init_lc_time_1                  0x0800020d   Thumb Code     0  libinit2.o(.ARM.Collect$$libinit$$00000019)
    __rt_lib_init_preinit_1                  0x0800020d   Thumb Code     0  libinit2.o(.ARM.Collect$$libinit$$00000004)
    __rt_lib_init_rand_1                     0x0800020d   Thumb Code     0  libinit2.o(.ARM.Collect$$libinit$$0000000E)
    __rt_lib_init_return                     0x0800020d   Thumb Code     0  libinit2.o(.ARM.Collect$$libinit$$00000033)
    __rt_lib_init_signal_1                   0x0800020d   Thumb Code     0  libinit2.o(.ARM.Collect$$libinit$$0000001D)
    __rt_lib_init_stdio_1                    0x0800020d   Thumb Code     0  libinit2.o(.ARM.Collect$$libinit$$00000025)
    __rt_lib_init_user_alloc_1               0x0800020d   Thumb Code     0  libinit2.o(.ARM.Collect$$libinit$$0000000C)
    __rt_lib_shutdown                        0x0800020f   Thumb Code     0  libshutdown.o(.ARM.Collect$$libshutdown$$00000000)
    __rt_lib_shutdown_cpp_1                  0x08000211   Thumb Code     0  libshutdown2.o(.ARM.Collect$$libshutdown$$00000004)
    __rt_lib_shutdown_fini_1                 0x08000211   Thumb Code     0  libshutdown2.o(.ARM.Collect$$libshutdown$$00000002)
    __rt_lib_shutdown_fp_trap_1              0x08000211   Thumb Code     0  libshutdown2.o(.ARM.Collect$$libshutdown$$00000009)
    __rt_lib_shutdown_heap_1                 0x08000211   Thumb Code     0  libshutdown2.o(.ARM.Collect$$libshutdown$$00000011)
    __rt_lib_shutdown_return                 0x08000211   Thumb Code     0  libshutdown2.o(.ARM.Collect$$libshutdown$$00000012)
    __rt_lib_shutdown_signal_1               0x08000211   Thumb Code     0  libshutdown2.o(.ARM.Collect$$libshutdown$$0000000C)
    __rt_lib_shutdown_stdio_1                0x08000211   Thumb Code     0  libshutdown2.o(.ARM.Collect$$libshutdown$$00000006)
    __rt_lib_shutdown_user_alloc_1           0x08000211   Thumb Code     0  libshutdown2.o(.ARM.Collect$$libshutdown$$0000000E)
    __rt_entry                               0x08000213   Thumb Code     0  __rtentry.o(.ARM.Collect$$rtentry$$00000000)
    __rt_entry_presh_1                       0x08000213   Thumb Code     0  __rtentry2.o(.ARM.Collect$$rtentry$$00000002)
    __rt_entry_sh                            0x08000213   Thumb Code     0  __rtentry4.o(.ARM.Collect$$rtentry$$00000004)
    __rt_entry_li                            0x08000219   Thumb Code     0  __rtentry2.o(.ARM.Collect$$rtentry$$0000000A)
    __rt_entry_postsh_1                      0x08000219   Thumb Code     0  __rtentry2.o(.ARM.Collect$$rtentry$$00000009)
    __rt_entry_main                          0x0800021d   Thumb Code     0  __rtentry2.o(.ARM.Collect$$rtentry$$0000000D)
    __rt_entry_postli_1                      0x0800021d   Thumb Code     0  __rtentry2.o(.ARM.Collect$$rtentry$$0000000C)
    __rt_exit                                0x08000225   Thumb Code     0  rtexit.o(.ARM.Collect$$rtexit$$00000000)
    __rt_exit_ls                             0x08000227   Thumb Code     0  rtexit2.o(.ARM.Collect$$rtexit$$00000003)
    __rt_exit_prels_1                        0x08000227   Thumb Code     0  rtexit2.o(.ARM.Collect$$rtexit$$00000002)
    __rt_exit_exit                           0x0800022b   Thumb Code     0  rtexit2.o(.ARM.Collect$$rtexit$$00000004)
    SVC_Handler                              0x08000231   Thumb Code    28  port.o(.emb_text)
    __asm___6_port_c_39a90d8d__prvStartFirstTask 0x08000251   Thumb Code    36  port.o(.emb_text)
    __asm___6_port_c_39a90d8d__prvEnableVFP  0x08000279   Thumb Code    16  port.o(.emb_text)
    PendSV_Handler                           0x0800028d   Thumb Code    88  port.o(.emb_text)
    vPortGetIPSR                             0x080002e9   Thumb Code     6  port.o(.emb_text)
    Reset_Handler                            0x080002f1   Thumb Code     8  startup_stm32f407xx.o(.text)
    ADC_IRQHandler                           0x0800030b   Thumb Code     0  startup_stm32f407xx.o(.text)
    CAN1_RX0_IRQHandler                      0x0800030b   Thumb Code     0  startup_stm32f407xx.o(.text)
    CAN1_RX1_IRQHandler                      0x0800030b   Thumb Code     0  startup_stm32f407xx.o(.text)
    CAN1_SCE_IRQHandler                      0x0800030b   Thumb Code     0  startup_stm32f407xx.o(.text)
    CAN1_TX_IRQHandler                       0x0800030b   Thumb Code     0  startup_stm32f407xx.o(.text)
    CAN2_RX0_IRQHandler                      0x0800030b   Thumb Code     0  startup_stm32f407xx.o(.text)
    CAN2_RX1_IRQHandler                      0x0800030b   Thumb Code     0  startup_stm32f407xx.o(.text)
    CAN2_SCE_IRQHandler                      0x0800030b   Thumb Code     0  startup_stm32f407xx.o(.text)
    CAN2_TX_IRQHandler                       0x0800030b   Thumb Code     0  startup_stm32f407xx.o(.text)
    DCMI_IRQHandler                          0x0800030b   Thumb Code     0  startup_stm32f407xx.o(.text)
    DMA1_Stream0_IRQHandler                  0x0800030b   Thumb Code     0  startup_stm32f407xx.o(.text)
    DMA1_Stream1_IRQHandler                  0x0800030b   Thumb Code     0  startup_stm32f407xx.o(.text)
    DMA1_Stream2_IRQHandler                  0x0800030b   Thumb Code     0  startup_stm32f407xx.o(.text)
    DMA1_Stream3_IRQHandler                  0x0800030b   Thumb Code     0  startup_stm32f407xx.o(.text)
    DMA1_Stream4_IRQHandler                  0x0800030b   Thumb Code     0  startup_stm32f407xx.o(.text)
    DMA1_Stream5_IRQHandler                  0x0800030b   Thumb Code     0  startup_stm32f407xx.o(.text)
    DMA1_Stream6_IRQHandler                  0x0800030b   Thumb Code     0  startup_stm32f407xx.o(.text)
    DMA1_Stream7_IRQHandler                  0x0800030b   Thumb Code     0  startup_stm32f407xx.o(.text)
    DMA2_Stream0_IRQHandler                  0x0800030b   Thumb Code     0  startup_stm32f407xx.o(.text)
    DMA2_Stream1_IRQHandler                  0x0800030b   Thumb Code     0  startup_stm32f407xx.o(.text)
    DMA2_Stream4_IRQHandler                  0x0800030b   Thumb Code     0  startup_stm32f407xx.o(.text)
    DMA2_Stream5_IRQHandler                  0x0800030b   Thumb Code     0  startup_stm32f407xx.o(.text)
    DMA2_Stream6_IRQHandler                  0x0800030b   Thumb Code     0  startup_stm32f407xx.o(.text)
    ETH_IRQHandler                           0x0800030b   Thumb Code     0  startup_stm32f407xx.o(.text)
    ETH_WKUP_IRQHandler                      0x0800030b   Thumb Code     0  startup_stm32f407xx.o(.text)
    EXTI0_IRQHandler                         0x0800030b   Thumb Code     0  startup_stm32f407xx.o(.text)
    EXTI15_10_IRQHandler                     0x0800030b   Thumb Code     0  startup_stm32f407xx.o(.text)
    EXTI1_IRQHandler                         0x0800030b   Thumb Code     0  startup_stm32f407xx.o(.text)
    EXTI2_IRQHandler                         0x0800030b   Thumb Code     0  startup_stm32f407xx.o(.text)
    EXTI3_IRQHandler                         0x0800030b   Thumb Code     0  startup_stm32f407xx.o(.text)
    EXTI4_IRQHandler                         0x0800030b   Thumb Code     0  startup_stm32f407xx.o(.text)
    EXTI9_5_IRQHandler                       0x0800030b   Thumb Code     0  startup_stm32f407xx.o(.text)
    FLASH_IRQHandler                         0x0800030b   Thumb Code     0  startup_stm32f407xx.o(.text)
    FMC_IRQHandler                           0x0800030b   Thumb Code     0  startup_stm32f407xx.o(.text)
    FPU_IRQHandler                           0x0800030b   Thumb Code     0  startup_stm32f407xx.o(.text)
    HASH_RNG_IRQHandler                      0x0800030b   Thumb Code     0  startup_stm32f407xx.o(.text)
    I2C1_ER_IRQHandler                       0x0800030b   Thumb Code     0  startup_stm32f407xx.o(.text)
    I2C1_EV_IRQHandler                       0x0800030b   Thumb Code     0  startup_stm32f407xx.o(.text)
    I2C2_ER_IRQHandler                       0x0800030b   Thumb Code     0  startup_stm32f407xx.o(.text)
    I2C2_EV_IRQHandler                       0x0800030b   Thumb Code     0  startup_stm32f407xx.o(.text)
    I2C3_ER_IRQHandler                       0x0800030b   Thumb Code     0  startup_stm32f407xx.o(.text)
    I2C3_EV_IRQHandler                       0x0800030b   Thumb Code     0  startup_stm32f407xx.o(.text)
    OTG_FS_IRQHandler                        0x0800030b   Thumb Code     0  startup_stm32f407xx.o(.text)
    OTG_FS_WKUP_IRQHandler                   0x0800030b   Thumb Code     0  startup_stm32f407xx.o(.text)
    OTG_HS_EP1_IN_IRQHandler                 0x0800030b   Thumb Code     0  startup_stm32f407xx.o(.text)
    OTG_HS_EP1_OUT_IRQHandler                0x0800030b   Thumb Code     0  startup_stm32f407xx.o(.text)
    OTG_HS_IRQHandler                        0x0800030b   Thumb Code     0  startup_stm32f407xx.o(.text)
    OTG_HS_WKUP_IRQHandler                   0x0800030b   Thumb Code     0  startup_stm32f407xx.o(.text)
    PVD_IRQHandler                           0x0800030b   Thumb Code     0  startup_stm32f407xx.o(.text)
    RCC_IRQHandler                           0x0800030b   Thumb Code     0  startup_stm32f407xx.o(.text)
    RTC_Alarm_IRQHandler                     0x0800030b   Thumb Code     0  startup_stm32f407xx.o(.text)
    RTC_WKUP_IRQHandler                      0x0800030b   Thumb Code     0  startup_stm32f407xx.o(.text)
    SDIO_IRQHandler                          0x0800030b   Thumb Code     0  startup_stm32f407xx.o(.text)
    SPI1_IRQHandler                          0x0800030b   Thumb Code     0  startup_stm32f407xx.o(.text)
    SPI2_IRQHandler                          0x0800030b   Thumb Code     0  startup_stm32f407xx.o(.text)
    SPI3_IRQHandler                          0x0800030b   Thumb Code     0  startup_stm32f407xx.o(.text)
    TAMP_STAMP_IRQHandler                    0x0800030b   Thumb Code     0  startup_stm32f407xx.o(.text)
    TIM1_BRK_TIM9_IRQHandler                 0x0800030b   Thumb Code     0  startup_stm32f407xx.o(.text)
    TIM1_CC_IRQHandler                       0x0800030b   Thumb Code     0  startup_stm32f407xx.o(.text)
    TIM1_TRG_COM_TIM11_IRQHandler            0x0800030b   Thumb Code     0  startup_stm32f407xx.o(.text)
    TIM1_UP_TIM10_IRQHandler                 0x0800030b   Thumb Code     0  startup_stm32f407xx.o(.text)
    TIM2_IRQHandler                          0x0800030b   Thumb Code     0  startup_stm32f407xx.o(.text)
    TIM3_IRQHandler                          0x0800030b   Thumb Code     0  startup_stm32f407xx.o(.text)
    TIM4_IRQHandler                          0x0800030b   Thumb Code     0  startup_stm32f407xx.o(.text)
    TIM5_IRQHandler                          0x0800030b   Thumb Code     0  startup_stm32f407xx.o(.text)
    TIM6_DAC_IRQHandler                      0x0800030b   Thumb Code     0  startup_stm32f407xx.o(.text)
    TIM8_BRK_TIM12_IRQHandler                0x0800030b   Thumb Code     0  startup_stm32f407xx.o(.text)
    TIM8_CC_IRQHandler                       0x0800030b   Thumb Code     0  startup_stm32f407xx.o(.text)
    TIM8_TRG_COM_TIM14_IRQHandler            0x0800030b   Thumb Code     0  startup_stm32f407xx.o(.text)
    TIM8_UP_TIM13_IRQHandler                 0x0800030b   Thumb Code     0  startup_stm32f407xx.o(.text)
    UART4_IRQHandler                         0x0800030b   Thumb Code     0  startup_stm32f407xx.o(.text)
    UART5_IRQHandler                         0x0800030b   Thumb Code     0  startup_stm32f407xx.o(.text)
    USART2_IRQHandler                        0x0800030b   Thumb Code     0  startup_stm32f407xx.o(.text)
    USART3_IRQHandler                        0x0800030b   Thumb Code     0  startup_stm32f407xx.o(.text)
    USART6_IRQHandler                        0x0800030b   Thumb Code     0  startup_stm32f407xx.o(.text)
    WWDG_IRQHandler                          0x0800030b   Thumb Code     0  startup_stm32f407xx.o(.text)
    __user_initial_stackheap                 0x0800030d   Thumb Code     0  startup_stm32f407xx.o(.text)
    __use_no_semihosting                     0x08000331   Thumb Code     2  use_no_semi_2.o(.text)
    __aeabi_uldivmod                         0x08000333   Thumb Code     0  lludivv7m.o(.text)
    _ll_udiv                                 0x08000333   Thumb Code   238  lludivv7m.o(.text)
    __2printf                                0x08000421   Thumb Code    20  noretval__2printf.o(.text)
    _printf_int_dec                          0x08000439   Thumb Code   104  _printf_dec.o(.text)
    __printf                                 0x080004b1   Thumb Code   388  __printf_flags_ss_wp.o(.text)
    __aeabi_memcpy                           0x08000639   Thumb Code     0  rt_memcpy_v6.o(.text)
    __rt_memcpy                              0x08000639   Thumb Code   138  rt_memcpy_v6.o(.text)
    _memcpy_lastbytes                        0x0800069f   Thumb Code     0  rt_memcpy_v6.o(.text)
    __aeabi_memcpy4                          0x080006c3   Thumb Code     0  rt_memcpy_w.o(.text)
    __aeabi_memcpy8                          0x080006c3   Thumb Code     0  rt_memcpy_w.o(.text)
    __rt_memcpy_w                            0x080006c3   Thumb Code   100  rt_memcpy_w.o(.text)
    _memcpy_lastbytes_aligned                0x0800070b   Thumb Code     0  rt_memcpy_w.o(.text)
    __aeabi_memset                           0x08000727   Thumb Code    16  aeabi_memset.o(.text)
    __aeabi_memclr                           0x08000737   Thumb Code     0  rt_memclr.o(.text)
    __rt_memclr                              0x08000737   Thumb Code    68  rt_memclr.o(.text)
    _memset                                  0x0800073b   Thumb Code     0  rt_memclr.o(.text)
    __aeabi_memclr4                          0x0800077b   Thumb Code     0  rt_memclr_w.o(.text)
    __aeabi_memclr8                          0x0800077b   Thumb Code     0  rt_memclr_w.o(.text)
    __rt_memclr_w                            0x0800077b   Thumb Code    78  rt_memclr_w.o(.text)
    _memset_w                                0x0800077f   Thumb Code     0  rt_memclr_w.o(.text)
    __use_two_region_memory                  0x080007c9   Thumb Code     2  heapauxi.o(.text)
    __rt_heap_escrow$2region                 0x080007cb   Thumb Code     2  heapauxi.o(.text)
    __rt_heap_expand$2region                 0x080007cd   Thumb Code     2  heapauxi.o(.text)
    __semihosting$guard                      0x080007cf   Thumb Code     0  use_no_semi.o(.text)
    __use_no_semihosting_swi                 0x080007cf   Thumb Code     2  use_no_semi.o(.text)
    _printf_int_common                       0x080007d1   Thumb Code   178  _printf_intcommon.o(.text)
    _printf_char_common                      0x0800088f   Thumb Code    32  _printf_char_common.o(.text)
    _printf_char_file                        0x080008b5   Thumb Code    32  _printf_char_file.o(.text)
    ferror                                   0x080008d9   Thumb Code     8  ferror.o(.text)
    __user_libspace                          0x080008e1   Thumb Code     8  libspace.o(.text)
    __user_perproc_libspace                  0x080008e1   Thumb Code     0  libspace.o(.text)
    __user_perthread_libspace                0x080008e1   Thumb Code     0  libspace.o(.text)
    __user_setup_stackheap                   0x080008e9   Thumb Code    74  sys_stackheap_outer.o(.text)
    exit                                     0x08000933   Thumb Code    18  exit.o(.text)
    BusFault_Handler                         0x08000945   Thumb Code     4  stm32f4xx_it.o(i.BusFault_Handler)
    DMA2_Stream2_IRQHandler                  0x08000949   Thumb Code    10  usart.o(i.DMA2_Stream2_IRQHandler)
    DMA2_Stream3_IRQHandler                  0x08000959   Thumb Code    10  lcd.o(i.DMA2_Stream3_IRQHandler)
    DMA2_Stream7_IRQHandler                  0x08000969   Thumb Code    10  usart.o(i.DMA2_Stream7_IRQHandler)
    DebugMon_Handler                         0x08000a83   Thumb Code     2  stm32f4xx_it.o(i.DebugMon_Handler)
    HAL_DMA_Abort                            0x08000a85   Thumb Code   172  stm32f4xx_hal_dma.o(i.HAL_DMA_Abort)
    HAL_DMA_Abort_IT                         0x08000b31   Thumb Code    40  stm32f4xx_hal_dma.o(i.HAL_DMA_Abort_IT)
    HAL_DMA_IRQHandler                       0x08000b59   Thumb Code   570  stm32f4xx_hal_dma.o(i.HAL_DMA_IRQHandler)
    HAL_DMA_Init                             0x08000d99   Thumb Code   232  stm32f4xx_hal_dma.o(i.HAL_DMA_Init)
    HAL_DMA_Start_IT                         0x08000e85   Thumb Code   146  stm32f4xx_hal_dma.o(i.HAL_DMA_Start_IT)
    HAL_Delay                                0x08000f19   Thumb Code    36  stm32f4xx_hal.o(i.HAL_Delay)
    HAL_GPIO_Init                            0x08000f41   Thumb Code   454  stm32f4xx_hal_gpio.o(i.HAL_GPIO_Init)
    HAL_GPIO_WritePin                        0x08001135   Thumb Code    12  stm32f4xx_hal_gpio.o(i.HAL_GPIO_WritePin)
    HAL_GetREVID                             0x08001141   Thumb Code     8  stm32f4xx_hal.o(i.HAL_GetREVID)
    HAL_GetTick                              0x0800114d   Thumb Code     6  stm32f4xx_hal.o(i.HAL_GetTick)
    HAL_IncTick                              0x08001159   Thumb Code    16  stm32f4xx_hal.o(i.HAL_IncTick)
    HAL_Init                                 0x08001171   Thumb Code    44  stm32f4xx_hal.o(i.HAL_Init)
    HAL_InitTick                             0x080011a1   Thumb Code   154  stm32f4xx_hal_timebase_tim.o(i.HAL_InitTick)
    HAL_MspInit                              0x08001251   Thumb Code     2  stm32f4xx_hal.o(i.HAL_MspInit)
    HAL_NVIC_EnableIRQ                       0x08001253   Thumb Code    40  stm32f4xx_hal_cortex.o(i.HAL_NVIC_EnableIRQ)
    HAL_NVIC_SetPriority                     0x0800127b   Thumb Code   124  stm32f4xx_hal_cortex.o(i.HAL_NVIC_SetPriority)
    HAL_NVIC_SetPriorityGrouping             0x080012f9   Thumb Code    32  stm32f4xx_hal_cortex.o(i.HAL_NVIC_SetPriorityGrouping)
    HAL_RCC_ClockConfig                      0x08001321   Thumb Code   368  stm32f4xx_hal_rcc.o(i.HAL_RCC_ClockConfig)
    HAL_RCC_GetClockConfig                   0x080014a5   Thumb Code    58  stm32f4xx_hal_rcc.o(i.HAL_RCC_GetClockConfig)
    HAL_RCC_GetHCLKFreq                      0x080014e9   Thumb Code     6  stm32f4xx_hal_rcc.o(i.HAL_RCC_GetHCLKFreq)
    HAL_RCC_GetPCLK1Freq                     0x080014f5   Thumb Code    22  stm32f4xx_hal_rcc.o(i.HAL_RCC_GetPCLK1Freq)
    HAL_RCC_GetPCLK2Freq                     0x08001515   Thumb Code    22  stm32f4xx_hal_rcc.o(i.HAL_RCC_GetPCLK2Freq)
    HAL_RCC_GetSysClockFreq                  0x08001535   Thumb Code   162  stm32f4xx_hal_rcc.o(i.HAL_RCC_GetSysClockFreq)
    HAL_RCC_OscConfig                        0x080015e5   Thumb Code  1172  stm32f4xx_hal_rcc.o(i.HAL_RCC_OscConfig)
    HAL_SPI_ErrorCallback                    0x08001a81   Thumb Code     2  stm32f4xx_hal_spi.o(i.HAL_SPI_ErrorCallback)
    HAL_SPI_GetState                         0x08001a83   Thumb Code     8  stm32f4xx_hal_spi.o(i.HAL_SPI_GetState)
    HAL_SPI_Init                             0x08001a8b   Thumb Code   222  stm32f4xx_hal_spi.o(i.HAL_SPI_Init)
    HAL_SPI_MspInit                          0x08001b69   Thumb Code     2  stm32f4xx_hal_spi.o(i.HAL_SPI_MspInit)
    HAL_SPI_Transmit                         0x08001b6b   Thumb Code   502  stm32f4xx_hal_spi.o(i.HAL_SPI_Transmit)
    HAL_SPI_Transmit_DMA                     0x08001d61   Thumb Code   274  stm32f4xx_hal_spi.o(i.HAL_SPI_Transmit_DMA)
    HAL_SPI_TxCpltCallback                   0x08001e81   Thumb Code     2  stm32f4xx_hal_spi.o(i.HAL_SPI_TxCpltCallback)
    HAL_SPI_TxHalfCpltCallback               0x08001e83   Thumb Code     2  stm32f4xx_hal_spi.o(i.HAL_SPI_TxHalfCpltCallback)
    HAL_TIMEx_BreakCallback                  0x08001e85   Thumb Code     2  stm32f4xx_hal_tim_ex.o(i.HAL_TIMEx_BreakCallback)
    HAL_TIMEx_CommutCallback                 0x08001e87   Thumb Code     2  stm32f4xx_hal_tim_ex.o(i.HAL_TIMEx_CommutCallback)
    HAL_TIM_Base_Init                        0x08001e89   Thumb Code   102  stm32f4xx_hal_tim.o(i.HAL_TIM_Base_Init)
    HAL_TIM_Base_MspInit                     0x08001eef   Thumb Code     2  stm32f4xx_hal_tim.o(i.HAL_TIM_Base_MspInit)
    HAL_TIM_Base_Start_IT                    0x08001ef1   Thumb Code   138  stm32f4xx_hal_tim.o(i.HAL_TIM_Base_Start_IT)
    HAL_TIM_IC_CaptureCallback               0x08001f99   Thumb Code     2  stm32f4xx_hal_tim.o(i.HAL_TIM_IC_CaptureCallback)
    HAL_TIM_IRQHandler                       0x08001f9b   Thumb Code   364  stm32f4xx_hal_tim.o(i.HAL_TIM_IRQHandler)
    HAL_TIM_OC_DelayElapsedCallback          0x08002107   Thumb Code     2  stm32f4xx_hal_tim.o(i.HAL_TIM_OC_DelayElapsedCallback)
    HAL_TIM_PWM_PulseFinishedCallback        0x08002109   Thumb Code     2  stm32f4xx_hal_tim.o(i.HAL_TIM_PWM_PulseFinishedCallback)
    HAL_TIM_PeriodElapsedCallback            0x0800210d   Thumb Code    18  stm32f4xx_hal_timebase_tim.o(i.HAL_TIM_PeriodElapsedCallback)
    HAL_TIM_TriggerCallback                  0x08002125   Thumb Code     2  stm32f4xx_hal_tim.o(i.HAL_TIM_TriggerCallback)
    HAL_UARTEx_GetRxEventType                0x08002127   Thumb Code     6  stm32f4xx_hal_uart.o(i.HAL_UARTEx_GetRxEventType)
    HAL_UARTEx_ReceiveToIdle_DMA             0x0800212d   Thumb Code   112  stm32f4xx_hal_uart.o(i.HAL_UARTEx_ReceiveToIdle_DMA)
    HAL_UARTEx_RxEventCallback               0x0800219d   Thumb Code   132  usart.o(i.HAL_UARTEx_RxEventCallback)
    HAL_UART_DMAStop                         0x08002235   Thumb Code   138  stm32f4xx_hal_uart.o(i.HAL_UART_DMAStop)
    HAL_UART_ErrorCallback                   0x080022c1   Thumb Code    50  usart.o(i.HAL_UART_ErrorCallback)
    HAL_UART_IRQHandler                      0x080022fd   Thumb Code   772  stm32f4xx_hal_uart.o(i.HAL_UART_IRQHandler)
    HAL_UART_Init                            0x08002605   Thumb Code   118  stm32f4xx_hal_uart.o(i.HAL_UART_Init)
    HAL_UART_MspInit                         0x0800267d   Thumb Code   318  usart.o(i.HAL_UART_MspInit)
    HAL_UART_RxCpltCallback                  0x080027d5   Thumb Code     2  stm32f4xx_hal_uart.o(i.HAL_UART_RxCpltCallback)
    HAL_UART_RxHalfCpltCallback              0x080027d7   Thumb Code     2  stm32f4xx_hal_uart.o(i.HAL_UART_RxHalfCpltCallback)
    HAL_UART_Transmit                        0x080027d9   Thumb Code   190  stm32f4xx_hal_uart.o(i.HAL_UART_Transmit)
    HAL_UART_Transmit_DMA                    0x08002899   Thumb Code   144  stm32f4xx_hal_uart.o(i.HAL_UART_Transmit_DMA)
    HAL_UART_TxCpltCallback                  0x08002935   Thumb Code   104  usart.o(i.HAL_UART_TxCpltCallback)
    HAL_UART_TxHalfCpltCallback              0x080029b9   Thumb Code     2  stm32f4xx_hal_uart.o(i.HAL_UART_TxHalfCpltCallback)
    HardFault_Handler                        0x080029bb   Thumb Code     4  stm32f4xx_it.o(i.HardFault_Handler)
    LCD_clear                                0x080029c1   Thumb Code    32  lcd.o(i.LCD_clear)
    LCD_fill_rect                            0x080029e5   Thumb Code   170  lcd.o(i.LCD_fill_rect)
    LCD_init                                 0x08002a99   Thumb Code    48  lcd.o(i.LCD_init)
    LCD_set_direction                        0x08002ac9   Thumb Code   116  lcd.o(i.LCD_set_direction)
    MemManage_Handler                        0x08002b41   Thumb Code     4  stm32f4xx_it.o(i.MemManage_Handler)
    NMI_Handler                              0x08002b45   Thumb Code     2  stm32f4xx_it.o(i.NMI_Handler)
    SysTick_Handler                          0x08002d5d   Thumb Code    46  port.o(i.SysTick_Handler)
    SystemCoreClockUpdate                    0x08002d91   Thumb Code   160  system_stm32f4xx.o(i.SystemCoreClockUpdate)
    SystemInit                               0x08002e45   Thumb Code    14  system_stm32f4xx.o(i.SystemInit)
    TIM7_IRQHandler                          0x08002e59   Thumb Code    10  stm32f4xx_hal_timebase_tim.o(i.TIM7_IRQHandler)
    TIM_Base_SetConfig                       0x08002e69   Thumb Code   178  stm32f4xx_hal_tim.o(i.TIM_Base_SetConfig)
    UART_Start_Receive_DMA                   0x080034c5   Thumb Code   202  stm32f4xx_hal_uart.o(i.UART_Start_Receive_DMA)
    USART1_IRQHandler                        0x08003689   Thumb Code    10  usart.o(i.USART1_IRQHandler)
    UsageFault_Handler                       0x08003699   Thumb Code     4  stm32f4xx_it.o(i.UsageFault_Handler)
    _is_digit                                0x080036d5   Thumb Code    14  __printf_wp.o(i._is_digit)
    _sys_exit                                0x080036e3   Thumb Code     2  usart.o(i._sys_exit)
    delay_init                               0x0800375d   Thumb Code    60  delay.o(i.delay_init)
    fputc                                    0x080037b1   Thumb Code    26  usart.o(i.fputc)
    main                                     0x08003a31   Thumb Code    88  main.o(i.main)
    pvPortMalloc                             0x080044e1   Thumb Code   280  heap_4.o(i.pvPortMalloc)
    pvTaskIncrementMutexHeldCount            0x0800460d   Thumb Code    26  tasks.o(i.pvTaskIncrementMutexHeldCount)
    pxPortInitialiseStack                    0x0800462d   Thumb Code    38  port.o(i.pxPortInitialiseStack)
    sys_clock_init_168mhz                    0x080048b5   Thumb Code   206  sys.o(i.sys_clock_init_168mhz)
    sys_irq_restore                          0x08004991   Thumb Code    10  sys.o(i.sys_irq_restore)
    sys_irq_save                             0x0800499b   Thumb Code    12  sys.o(i.sys_irq_save)
    usart1_init                              0x080049b9   Thumb Code   202  usart.o(i.usart1_init)
    usart1_read_frame                        0x08004b49   Thumb Code    72  usart.o(i.usart1_read_frame)
    usart1_write                             0x08004ced   Thumb Code   292  usart.o(i.usart1_write)
    uxListRemove                             0x08004e2d   Thumb Code    40  list.o(i.uxListRemove)
    uxTaskGetNumberOfTasks                   0x08004e55   Thumb Code     6  tasks.o(i.uxTaskGetNumberOfTasks)
    vApplicationGetIdleTaskMemory            0x08004e61   Thumb Code    14  freertos_demo.o(i.vApplicationGetIdleTaskMemory)
    vApplicationGetTimerTaskMemory           0x08004e79   Thumb Code    16  freertos_demo.o(i.vApplicationGetTimerTaskMemory)
    vListInitialise                          0x08004e91   Thumb Code    26  list.o(i.vListInitialise)
    vListInitialiseItem                      0x08004eab   Thumb Code     6  list.o(i.vListInitialiseItem)
    vListInsert                              0x08004eb1   Thumb Code    52  list.o(i.vListInsert)
    vPortEnterCritical                       0x08004ee5   Thumb Code    76  port.o(i.vPortEnterCritical)
    vPortExitCritical                        0x08004f39   Thumb Code    56  port.o(i.vPortExitCritical)
    vPortFree                                0x08004f75   Thumb Code   132  heap_4.o(i.vPortFree)
    vPortSetupTimerInterrupt                 0x08005001   Thumb Code    36  port.o(i.vPortSetupTimerInterrupt)
    vPortValidateInterruptPriority           0x08005029   Thumb Code   106  port.o(i.vPortValidateInterruptPriority)
    vQueueAddToRegistry                      0x080050a1   Thumb Code    90  queue.o(i.vQueueAddToRegistry)
    vQueueWaitForMessageRestricted           0x08005101   Thumb Code    74  queue.o(i.vQueueWaitForMessageRestricted)
    vTaskInternalSetTimeOutState             0x0800514d   Thumb Code    14  tasks.o(i.vTaskInternalSetTimeOutState)
    vTaskMissedYield                         0x08005165   Thumb Code     8  tasks.o(i.vTaskMissedYield)
    vTaskPlaceOnEventList                    0x08005171   Thumb Code    52  tasks.o(i.vTaskPlaceOnEventList)
    vTaskPlaceOnEventListRestricted          0x080051a9   Thumb Code    94  tasks.o(i.vTaskPlaceOnEventListRestricted)
    vTaskPriorityDisinheritAfterTimeout      0x0800520d   Thumb Code   268  tasks.o(i.vTaskPriorityDisinheritAfterTimeout)
    vTaskStartScheduler                      0x08005325   Thumb Code   160  tasks.o(i.vTaskStartScheduler)
    vTaskSuspendAll                          0x080053e5   Thumb Code    12  tasks.o(i.vTaskSuspendAll)
    vTaskSwitchContext                       0x080053f5   Thumb Code   118  tasks.o(i.vTaskSwitchContext)
    xPortStartScheduler                      0x08005481   Thumb Code   330  port.o(i.xPortStartScheduler)
    xQueueCreateMutexStatic                  0x080055e9   Thumb Code    42  queue.o(i.xQueueCreateMutexStatic)
    xQueueGenericCreateStatic                0x08005613   Thumb Code   154  queue.o(i.xQueueGenericCreateStatic)
    xQueueGenericReset                       0x080056ad   Thumb Code   214  queue.o(i.xQueueGenericReset)
    xQueueGenericSend                        0x08005789   Thumb Code   420  queue.o(i.xQueueGenericSend)
    xQueueGenericSendFromISR                 0x08005931   Thumb Code   296  queue.o(i.xQueueGenericSendFromISR)
    xQueueGiveFromISR                        0x08005a59   Thumb Code   272  queue.o(i.xQueueGiveFromISR)
    xQueueReceive                            0x08005b69   Thumb Code   356  queue.o(i.xQueueReceive)
    xQueueSemaphoreTake                      0x08005cd1   Thumb Code   398  queue.o(i.xQueueSemaphoreTake)
    xTaskCheckForTimeOut                     0x08005e65   Thumb Code   136  tasks.o(i.xTaskCheckForTimeOut)
    xTaskCreate                              0x08005ef5   Thumb Code   108  tasks.o(i.xTaskCreate)
    xTaskCreateStatic                        0x08005f61   Thumb Code   194  tasks.o(i.xTaskCreateStatic)
    xTaskGetSchedulerState                   0x08006025   Thumb Code    24  tasks.o(i.xTaskGetSchedulerState)
    xTaskGetTickCount                        0x08006045   Thumb Code     6  tasks.o(i.xTaskGetTickCount)
    xTaskIncrementTick                       0x08006051   Thumb Code   398  tasks.o(i.xTaskIncrementTick)
    xTaskPriorityDisinherit                  0x0800620d   Thumb Code   226  tasks.o(i.xTaskPriorityDisinherit)
    xTaskPriorityInherit                     0x080062fd   Thumb Code   224  tasks.o(i.xTaskPriorityInherit)
    xTaskRemoveFromEventList                 0x080063e9   Thumb Code   264  tasks.o(i.xTaskRemoveFromEventList)
    xTaskResumeAll                           0x08006509   Thumb Code   338  tasks.o(i.xTaskResumeAll)
    xTimerCreateTimerTask                    0x08006681   Thumb Code   100  timers.o(i.xTimerCreateTimerTask)
    _fp_init                                 0x080066f9   Thumb Code    10  fpinit.o(x$fpl$fpinit)
    __fplib_config_fpu_vfp                   0x08006701   Thumb Code     0  fpinit.o(x$fpl$fpinit)
    __fplib_config_pureend_doubles           0x08006701   Thumb Code     0  fpinit.o(x$fpl$fpinit)
    AHBPrescTable                            0x08006702   Data          16  system_stm32f4xx.o(.constdata)
    APBPrescTable                            0x08006712   Data           8  system_stm32f4xx.o(.constdata)
    Region$$Table$$Base                      0x08006734   Number         0  anon$$obj.o(Region$$Table)
    Region$$Table$$Limit                     0x08006754   Number         0  anon$$obj.o(Region$$Table)
    SystemCoreClock                          0x20000000   Data           4  system_stm32f4xx.o(.data)
    __stdout                                 0x20000004   Data           4  usart.o(.data)
    uwTick                                   0x2000002c   Data           4  stm32f4xx_hal.o(.data)
    uwTickPrio                               0x20000030   Data           4  stm32f4xx_hal.o(.data)
    uwTickFreq                               0x20000034   Data           1  stm32f4xx_hal.o(.data)
    pxCurrentTCB                             0x2000003c   Data           4  tasks.o(.data)
    uxTopUsedPriority                        0x20000074   Data           4  tasks.o(.data)
    xQueueRegistry                           0x20002114   Data          64  queue.o(.bss)
    __libspace_start                         0x20014f0c   Data          96  libspace.o(.bss)
    __temporary_stack_top$libspace           0x20014f6c   Data           0  libspace.o(.bss)



==============================================================================

Memory Map of the image

  Image Entry point : 0x08000189

  Load Region LR_IROM1 (Base: 0x08000000, Size: 0x0000680c, Max: 0x00080000, ABSOLUTE)

    Execution Region ER_IROM1 (Exec base: 0x08000000, Load base: 0x08000000, Size: 0x00006754, Max: 0x00080000, ABSOLUTE)

    Exec Addr    Load Addr    Size         Type   Attr      Idx    E Section Name        Object

    0x08000000   0x08000000   0x00000188   Data   RO            3    RESET               startup_stm32f407xx.o
    0x08000188   0x08000188   0x00000008   Code   RO         5013  * !!!main             c_w.l(__main.o)
    0x08000190   0x08000190   0x00000034   Code   RO         5267    !!!scatter          c_w.l(__scatter.o)
    0x080001c4   0x080001c4   0x0000001a   Code   RO         5269    !!handler_copy      c_w.l(__scatter_copy.o)
    0x080001de   0x080001de   0x00000002   PAD
    0x080001e0   0x080001e0   0x0000001c   Code   RO         5271    !!handler_zi        c_w.l(__scatter_zi.o)
    0x080001fc   0x080001fc   0x00000000   Code   RO         4997    .ARM.Collect$$_printf_percent$$00000000  c_w.l(_printf_percent.o)
    0x080001fc   0x080001fc   0x00000006   Code   RO         4992    .ARM.Collect$$_printf_percent$$0000000A  c_w.l(_printf_u.o)
    0x08000202   0x08000202   0x00000004   Code   RO         5051    .ARM.Collect$$_printf_percent$$00000017  c_w.l(_printf_percent_end.o)
    0x08000206   0x08000206   0x00000002   Code   RO         5147    .ARM.Collect$$libinit$$00000000  c_w.l(libinit.o)
    0x08000208   0x08000208   0x00000004   Code   RO         5148    .ARM.Collect$$libinit$$00000001  c_w.l(libinit2.o)
    0x0800020c   0x0800020c   0x00000000   Code   RO         5151    .ARM.Collect$$libinit$$00000004  c_w.l(libinit2.o)
    0x0800020c   0x0800020c   0x00000000   Code   RO         5154    .ARM.Collect$$libinit$$0000000A  c_w.l(libinit2.o)
    0x0800020c   0x0800020c   0x00000000   Code   RO         5156    .ARM.Collect$$libinit$$0000000C  c_w.l(libinit2.o)
    0x0800020c   0x0800020c   0x00000000   Code   RO         5158    .ARM.Collect$$libinit$$0000000E  c_w.l(libinit2.o)
    0x0800020c   0x0800020c   0x00000000   Code   RO         5161    .ARM.Collect$$libinit$$00000011  c_w.l(libinit2.o)
    0x0800020c   0x0800020c   0x00000000   Code   RO         5163    .ARM.Collect$$libinit$$00000013  c_w.l(libinit2.o)
    0x0800020c   0x0800020c   0x00000000   Code   RO         5165    .ARM.Collect$$libinit$$00000015  c_w.l(libinit2.o)
    0x0800020c   0x0800020c   0x00000000   Code   RO         5167    .ARM.Collect$$libinit$$00000017  c_w.l(libinit2.o)
    0x0800020c   0x0800020c   0x00000000   Code   RO         5169    .ARM.Collect$$libinit$$00000019  c_w.l(libinit2.o)
    0x0800020c   0x0800020c   0x00000000   Code   RO         5171    .ARM.Collect$$libinit$$0000001B  c_w.l(libinit2.o)
    0x0800020c   0x0800020c   0x00000000   Code   RO         5173    .ARM.Collect$$libinit$$0000001D  c_w.l(libinit2.o)
    0x0800020c   0x0800020c   0x00000000   Code   RO         5175    .ARM.Collect$$libinit$$0000001F  c_w.l(libinit2.o)
    0x0800020c   0x0800020c   0x00000000   Code   RO         5177    .ARM.Collect$$libinit$$00000021  c_w.l(libinit2.o)
    0x0800020c   0x0800020c   0x00000000   Code   RO         5179    .ARM.Collect$$libinit$$00000023  c_w.l(libinit2.o)
    0x0800020c   0x0800020c   0x00000000   Code   RO         5181    .ARM.Collect$$libinit$$00000025  c_w.l(libinit2.o)
    0x0800020c   0x0800020c   0x00000000   Code   RO         5185    .ARM.Collect$$libinit$$0000002C  c_w.l(libinit2.o)
    0x0800020c   0x0800020c   0x00000000   Code   RO         5187    .ARM.Collect$$libinit$$0000002E  c_w.l(libinit2.o)
    0x0800020c   0x0800020c   0x00000000   Code   RO         5189    .ARM.Collect$$libinit$$00000030  c_w.l(libinit2.o)
    0x0800020c   0x0800020c   0x00000000   Code   RO         5191    .ARM.Collect$$libinit$$00000032  c_w.l(libinit2.o)
    0x0800020c   0x0800020c   0x00000002   Code   RO         5192    .ARM.Collect$$libinit$$00000033  c_w.l(libinit2.o)
    0x0800020e   0x0800020e   0x00000002   Code   RO         5230    .ARM.Collect$$libshutdown$$00000000  c_w.l(libshutdown.o)
    0x08000210   0x08000210   0x00000000   Code   RO         5248    .ARM.Collect$$libshutdown$$00000002  c_w.l(libshutdown2.o)
    0x08000210   0x08000210   0x00000000   Code   RO         5250    .ARM.Collect$$libshutdown$$00000004  c_w.l(libshutdown2.o)
    0x08000210   0x08000210   0x00000000   Code   RO         5252    .ARM.Collect$$libshutdown$$00000006  c_w.l(libshutdown2.o)
    0x08000210   0x08000210   0x00000000   Code   RO         5255    .ARM.Collect$$libshutdown$$00000009  c_w.l(libshutdown2.o)
    0x08000210   0x08000210   0x00000000   Code   RO         5258    .ARM.Collect$$libshutdown$$0000000C  c_w.l(libshutdown2.o)
    0x08000210   0x08000210   0x00000000   Code   RO         5260    .ARM.Collect$$libshutdown$$0000000E  c_w.l(libshutdown2.o)
    0x08000210   0x08000210   0x00000000   Code   RO         5263    .ARM.Collect$$libshutdown$$00000011  c_w.l(libshutdown2.o)
    0x08000210   0x08000210   0x00000002   Code   RO         5264    .ARM.Collect$$libshutdown$$00000012  c_w.l(libshutdown2.o)
    0x08000212   0x08000212   0x00000000   Code   RO         5027    .ARM.Collect$$rtentry$$00000000  c_w.l(__rtentry.o)
    0x08000212   0x08000212   0x00000000   Code   RO         5061    .ARM.Collect$$rtentry$$00000002  c_w.l(__rtentry2.o)
    0x08000212   0x08000212   0x00000006   Code   RO         5073    .ARM.Collect$$rtentry$$00000004  c_w.l(__rtentry4.o)
    0x08000218   0x08000218   0x00000000   Code   RO         5063    .ARM.Collect$$rtentry$$00000009  c_w.l(__rtentry2.o)
    0x08000218   0x08000218   0x00000004   Code   RO         5064    .ARM.Collect$$rtentry$$0000000A  c_w.l(__rtentry2.o)
    0x0800021c   0x0800021c   0x00000000   Code   RO         5066    .ARM.Collect$$rtentry$$0000000C  c_w.l(__rtentry2.o)
    0x0800021c   0x0800021c   0x00000008   Code   RO         5067    .ARM.Collect$$rtentry$$0000000D  c_w.l(__rtentry2.o)
    0x08000224   0x08000224   0x00000002   Code   RO         5193    .ARM.Collect$$rtexit$$00000000  c_w.l(rtexit.o)
    0x08000226   0x08000226   0x00000000   Code   RO         5206    .ARM.Collect$$rtexit$$00000002  c_w.l(rtexit2.o)
    0x08000226   0x08000226   0x00000004   Code   RO         5207    .ARM.Collect$$rtexit$$00000003  c_w.l(rtexit2.o)
    0x0800022a   0x0800022a   0x00000006   Code   RO         5208    .ARM.Collect$$rtexit$$00000004  c_w.l(rtexit2.o)
    0x08000230   0x08000230   0x000000be   Code   RO         4771    .emb_text           port.o
    0x080002ee   0x080002ee   0x00000002   PAD
    0x080002f0   0x080002f0   0x00000040   Code   RO            4    .text               startup_stm32f407xx.o
    0x08000330   0x08000330   0x00000002   Code   RO         4911    .text               c_w.l(use_no_semi_2.o)
    0x08000332   0x08000332   0x000000ee   Code   RO         4913    .text               c_w.l(lludivv7m.o)
    0x08000420   0x08000420   0x00000018   Code   RO         4921    .text               c_w.l(noretval__2printf.o)
    0x08000438   0x08000438   0x00000078   Code   RO         4935    .text               c_w.l(_printf_dec.o)
    0x080004b0   0x080004b0   0x00000188   Code   RO         4984    .text               c_w.l(__printf_flags_ss_wp.o)
    0x08000638   0x08000638   0x0000008a   Code   RO         4999    .text               c_w.l(rt_memcpy_v6.o)
    0x080006c2   0x080006c2   0x00000064   Code   RO         5001    .text               c_w.l(rt_memcpy_w.o)
    0x08000726   0x08000726   0x00000010   Code   RO         5005    .text               c_w.l(aeabi_memset.o)
    0x08000736   0x08000736   0x00000044   Code   RO         5007    .text               c_w.l(rt_memclr.o)
    0x0800077a   0x0800077a   0x0000004e   Code   RO         5009    .text               c_w.l(rt_memclr_w.o)
    0x080007c8   0x080007c8   0x00000006   Code   RO         5011    .text               c_w.l(heapauxi.o)
    0x080007ce   0x080007ce   0x00000002   Code   RO         5025    .text               c_w.l(use_no_semi.o)
    0x080007d0   0x080007d0   0x000000b2   Code   RO         5032    .text               c_w.l(_printf_intcommon.o)
    0x08000882   0x08000882   0x00000002   PAD
    0x08000884   0x08000884   0x00000030   Code   RO         5039    .text               c_w.l(_printf_char_common.o)
    0x080008b4   0x080008b4   0x00000024   Code   RO         5047    .text               c_w.l(_printf_char_file.o)
    0x080008d8   0x080008d8   0x00000008   Code   RO         5115    .text               c_w.l(ferror.o)
    0x080008e0   0x080008e0   0x00000008   Code   RO         5126    .text               c_w.l(libspace.o)
    0x080008e8   0x080008e8   0x0000004a   Code   RO         5129    .text               c_w.l(sys_stackheap_outer.o)
    0x08000932   0x08000932   0x00000012   Code   RO         5134    .text               c_w.l(exit.o)
    0x08000944   0x08000944   0x00000004   Code   RO          334    i.BusFault_Handler  stm32f4xx_it.o
    0x08000948   0x08000948   0x00000010   Code   RO          533    i.DMA2_Stream2_IRQHandler  usart.o
    0x08000958   0x08000958   0x00000010   Code   RO         3430    i.DMA2_Stream3_IRQHandler  lcd.o
    0x08000968   0x08000968   0x00000010   Code   RO          534    i.DMA2_Stream7_IRQHandler  usart.o
    0x08000978   0x08000978   0x00000034   Code   RO         1096    i.DMA_CalcBaseAndBitshift  stm32f4xx_hal_dma.o
    0x080009ac   0x080009ac   0x000000aa   Code   RO         1097    i.DMA_CheckFifoParam  stm32f4xx_hal_dma.o
    0x08000a56   0x08000a56   0x0000002c   Code   RO         1098    i.DMA_SetConfig     stm32f4xx_hal_dma.o
    0x08000a82   0x08000a82   0x00000002   Code   RO          335    i.DebugMon_Handler  stm32f4xx_it.o
    0x08000a84   0x08000a84   0x000000ac   Code   RO         1099    i.HAL_DMA_Abort     stm32f4xx_hal_dma.o
    0x08000b30   0x08000b30   0x00000028   Code   RO         1100    i.HAL_DMA_Abort_IT  stm32f4xx_hal_dma.o
    0x08000b58   0x08000b58   0x00000240   Code   RO         1104    i.HAL_DMA_IRQHandler  stm32f4xx_hal_dma.o
    0x08000d98   0x08000d98   0x000000ec   Code   RO         1105    i.HAL_DMA_Init      stm32f4xx_hal_dma.o
    0x08000e84   0x08000e84   0x00000092   Code   RO         1109    i.HAL_DMA_Start_IT  stm32f4xx_hal_dma.o
    0x08000f16   0x08000f16   0x00000002   PAD
    0x08000f18   0x08000f18   0x00000028   Code   RO          759    i.HAL_Delay         stm32f4xx_hal.o
    0x08000f40   0x08000f40   0x000001f4   Code   RO         1205    i.HAL_GPIO_Init     stm32f4xx_hal_gpio.o
    0x08001134   0x08001134   0x0000000c   Code   RO         1209    i.HAL_GPIO_WritePin  stm32f4xx_hal_gpio.o
    0x08001140   0x08001140   0x0000000c   Code   RO          764    i.HAL_GetREVID      stm32f4xx_hal.o
    0x0800114c   0x0800114c   0x0000000c   Code   RO          765    i.HAL_GetTick       stm32f4xx_hal.o
    0x08001158   0x08001158   0x00000018   Code   RO          771    i.HAL_IncTick       stm32f4xx_hal.o
    0x08001170   0x08001170   0x00000030   Code   RO          772    i.HAL_Init          stm32f4xx_hal.o
    0x080011a0   0x080011a0   0x000000b0   Code   RO          391    i.HAL_InitTick      stm32f4xx_hal_timebase_tim.o
    0x08001250   0x08001250   0x00000002   Code   RO          775    i.HAL_MspInit       stm32f4xx_hal.o
    0x08001252   0x08001252   0x00000028   Code   RO          946    i.HAL_NVIC_EnableIRQ  stm32f4xx_hal_cortex.o
    0x0800127a   0x0800127a   0x0000007c   Code   RO          952    i.HAL_NVIC_SetPriority  stm32f4xx_hal_cortex.o
    0x080012f6   0x080012f6   0x00000002   PAD
    0x080012f8   0x080012f8   0x00000028   Code   RO          953    i.HAL_NVIC_SetPriorityGrouping  stm32f4xx_hal_cortex.o
    0x08001320   0x08001320   0x00000184   Code   RO         1269    i.HAL_RCC_ClockConfig  stm32f4xx_hal_rcc.o
    0x080014a4   0x080014a4   0x00000044   Code   RO         1273    i.HAL_RCC_GetClockConfig  stm32f4xx_hal_rcc.o
    0x080014e8   0x080014e8   0x0000000c   Code   RO         1274    i.HAL_RCC_GetHCLKFreq  stm32f4xx_hal_rcc.o
    0x080014f4   0x080014f4   0x00000020   Code   RO         1276    i.HAL_RCC_GetPCLK1Freq  stm32f4xx_hal_rcc.o
    0x08001514   0x08001514   0x00000020   Code   RO         1277    i.HAL_RCC_GetPCLK2Freq  stm32f4xx_hal_rcc.o
    0x08001534   0x08001534   0x000000b0   Code   RO         1278    i.HAL_RCC_GetSysClockFreq  stm32f4xx_hal_rcc.o
    0x080015e4   0x080015e4   0x0000049c   Code   RO         1281    i.HAL_RCC_OscConfig  stm32f4xx_hal_rcc.o
    0x08001a80   0x08001a80   0x00000002   Code   RO         2111    i.HAL_SPI_ErrorCallback  stm32f4xx_hal_spi.o
    0x08001a82   0x08001a82   0x00000008   Code   RO         2113    i.HAL_SPI_GetState  stm32f4xx_hal_spi.o
    0x08001a8a   0x08001a8a   0x000000de   Code   RO         2115    i.HAL_SPI_Init      stm32f4xx_hal_spi.o
    0x08001b68   0x08001b68   0x00000002   Code   RO         2117    i.HAL_SPI_MspInit   stm32f4xx_hal_spi.o
    0x08001b6a   0x08001b6a   0x000001f6   Code   RO         2123    i.HAL_SPI_Transmit  stm32f4xx_hal_spi.o
    0x08001d60   0x08001d60   0x00000120   Code   RO         2127    i.HAL_SPI_Transmit_DMA  stm32f4xx_hal_spi.o
    0x08001e80   0x08001e80   0x00000002   Code   RO         2129    i.HAL_SPI_TxCpltCallback  stm32f4xx_hal_spi.o
    0x08001e82   0x08001e82   0x00000002   Code   RO         2130    i.HAL_SPI_TxHalfCpltCallback  stm32f4xx_hal_spi.o
    0x08001e84   0x08001e84   0x00000002   Code   RO         3163    i.HAL_TIMEx_BreakCallback  stm32f4xx_hal_tim_ex.o
    0x08001e86   0x08001e86   0x00000002   Code   RO         3164    i.HAL_TIMEx_CommutCallback  stm32f4xx_hal_tim_ex.o
    0x08001e88   0x08001e88   0x00000066   Code   RO         2448    i.HAL_TIM_Base_Init  stm32f4xx_hal_tim.o
    0x08001eee   0x08001eee   0x00000002   Code   RO         2450    i.HAL_TIM_Base_MspInit  stm32f4xx_hal_tim.o
    0x08001ef0   0x08001ef0   0x000000a8   Code   RO         2453    i.HAL_TIM_Base_Start_IT  stm32f4xx_hal_tim.o
    0x08001f98   0x08001f98   0x00000002   Code   RO         2482    i.HAL_TIM_IC_CaptureCallback  stm32f4xx_hal_tim.o
    0x08001f9a   0x08001f9a   0x0000016c   Code   RO         2496    i.HAL_TIM_IRQHandler  stm32f4xx_hal_tim.o
    0x08002106   0x08002106   0x00000002   Code   RO         2499    i.HAL_TIM_OC_DelayElapsedCallback  stm32f4xx_hal_tim.o
    0x08002108   0x08002108   0x00000002   Code   RO         2526    i.HAL_TIM_PWM_PulseFinishedCallback  stm32f4xx_hal_tim.o
    0x0800210a   0x0800210a   0x00000002   PAD
    0x0800210c   0x0800210c   0x00000018   Code   RO          394    i.HAL_TIM_PeriodElapsedCallback  stm32f4xx_hal_timebase_tim.o
    0x08002124   0x08002124   0x00000002   Code   RO         2539    i.HAL_TIM_TriggerCallback  stm32f4xx_hal_tim.o
    0x08002126   0x08002126   0x00000006   Code   RO         1432    i.HAL_UARTEx_GetRxEventType  stm32f4xx_hal_uart.o
    0x0800212c   0x0800212c   0x00000070   Code   RO         1434    i.HAL_UARTEx_ReceiveToIdle_DMA  stm32f4xx_hal_uart.o
    0x0800219c   0x0800219c   0x00000098   Code   RO          535    i.HAL_UARTEx_RxEventCallback  usart.o
    0x08002234   0x08002234   0x0000008a   Code   RO         1448    i.HAL_UART_DMAStop  stm32f4xx_hal_uart.o
    0x080022be   0x080022be   0x00000002   PAD
    0x080022c0   0x080022c0   0x0000003c   Code   RO          536    i.HAL_UART_ErrorCallback  usart.o
    0x080022fc   0x080022fc   0x00000308   Code   RO         1453    i.HAL_UART_IRQHandler  stm32f4xx_hal_uart.o
    0x08002604   0x08002604   0x00000076   Code   RO         1454    i.HAL_UART_Init     stm32f4xx_hal_uart.o
    0x0800267a   0x0800267a   0x00000002   PAD
    0x0800267c   0x0800267c   0x00000158   Code   RO          537    i.HAL_UART_MspInit  usart.o
    0x080027d4   0x080027d4   0x00000002   Code   RO         1460    i.HAL_UART_RxCpltCallback  stm32f4xx_hal_uart.o
    0x080027d6   0x080027d6   0x00000002   Code   RO         1461    i.HAL_UART_RxHalfCpltCallback  stm32f4xx_hal_uart.o
    0x080027d8   0x080027d8   0x000000be   Code   RO         1462    i.HAL_UART_Transmit  stm32f4xx_hal_uart.o
    0x08002896   0x08002896   0x00000002   PAD
    0x08002898   0x08002898   0x0000009c   Code   RO         1463    i.HAL_UART_Transmit_DMA  stm32f4xx_hal_uart.o
    0x08002934   0x08002934   0x00000084   Code   RO          538    i.HAL_UART_TxCpltCallback  usart.o
    0x080029b8   0x080029b8   0x00000002   Code   RO         1466    i.HAL_UART_TxHalfCpltCallback  stm32f4xx_hal_uart.o
    0x080029ba   0x080029ba   0x00000004   Code   RO          336    i.HardFault_Handler  stm32f4xx_it.o
    0x080029be   0x080029be   0x00000002   PAD
    0x080029c0   0x080029c0   0x00000024   Code   RO         3431    i.LCD_clear         lcd.o
    0x080029e4   0x080029e4   0x000000b4   Code   RO         3439    i.LCD_fill_rect     lcd.o
    0x08002a98   0x08002a98   0x00000030   Code   RO         3441    i.LCD_init          lcd.o
    0x08002ac8   0x08002ac8   0x00000078   Code   RO         3442    i.LCD_set_direction  lcd.o
    0x08002b40   0x08002b40   0x00000004   Code   RO          337    i.MemManage_Handler  stm32f4xx_it.o
    0x08002b44   0x08002b44   0x00000002   Code   RO          338    i.NMI_Handler       stm32f4xx_it.o
    0x08002b46   0x08002b46   0x00000028   Code   RO         2145    i.SPI_DMAError      stm32f4xx_hal_spi.o
    0x08002b6e   0x08002b6e   0x0000000e   Code   RO         2147    i.SPI_DMAHalfTransmitCplt  stm32f4xx_hal_spi.o
    0x08002b7c   0x08002b7c   0x00000080   Code   RO         2151    i.SPI_DMATransmitCplt  stm32f4xx_hal_spi.o
    0x08002bfc   0x08002bfc   0x00000088   Code   RO         2155    i.SPI_EndRxTxTransaction  stm32f4xx_hal_spi.o
    0x08002c84   0x08002c84   0x000000d8   Code   RO         2162    i.SPI_WaitFlagStateUntilTimeout  stm32f4xx_hal_spi.o
    0x08002d5c   0x08002d5c   0x00000034   Code   RO         4772    i.SysTick_Handler   port.o
    0x08002d90   0x08002d90   0x000000b4   Code   RO          441    i.SystemCoreClockUpdate  system_stm32f4xx.o
    0x08002e44   0x08002e44   0x00000014   Code   RO          442    i.SystemInit        system_stm32f4xx.o
    0x08002e58   0x08002e58   0x00000010   Code   RO          395    i.TIM7_IRQHandler   stm32f4xx_hal_timebase_tim.o
    0x08002e68   0x08002e68   0x000000e0   Code   RO         2541    i.TIM_Base_SetConfig  stm32f4xx_hal_tim.o
    0x08002f48   0x08002f48   0x00000012   Code   RO         1467    i.UART_DMAAbortOnError  stm32f4xx_hal_uart.o
    0x08002f5a   0x08002f5a   0x00000050   Code   RO         1468    i.UART_DMAError     stm32f4xx_hal_uart.o
    0x08002faa   0x08002faa   0x000000b4   Code   RO         1469    i.UART_DMAReceiveCplt  stm32f4xx_hal_uart.o
    0x0800305e   0x0800305e   0x00000024   Code   RO         1471    i.UART_DMARxHalfCplt  stm32f4xx_hal_uart.o
    0x08003082   0x08003082   0x00000058   Code   RO         1473    i.UART_DMATransmitCplt  stm32f4xx_hal_uart.o
    0x080030da   0x080030da   0x0000000e   Code   RO         1475    i.UART_DMATxHalfCplt  stm32f4xx_hal_uart.o
    0x080030e8   0x080030e8   0x0000006c   Code   RO         1477    i.UART_EndRxTransfer  stm32f4xx_hal_uart.o
    0x08003154   0x08003154   0x00000020   Code   RO         1478    i.UART_EndTransmit_IT  stm32f4xx_hal_uart.o
    0x08003174   0x08003174   0x00000026   Code   RO         1479    i.UART_EndTxTransfer  stm32f4xx_hal_uart.o
    0x0800319a   0x0800319a   0x000000fc   Code   RO         1480    i.UART_Receive_IT   stm32f4xx_hal_uart.o
    0x08003296   0x08003296   0x00000002   PAD
    0x08003298   0x08003298   0x0000022c   Code   RO         1481    i.UART_SetConfig    stm32f4xx_hal_uart.o
    0x080034c4   0x080034c4   0x000000d8   Code   RO         1482    i.UART_Start_Receive_DMA  stm32f4xx_hal_uart.o
    0x0800359c   0x0800359c   0x00000060   Code   RO         1484    i.UART_Transmit_IT  stm32f4xx_hal_uart.o
    0x080035fc   0x080035fc   0x0000008c   Code   RO         1485    i.UART_WaitOnFlagUntilTimeout  stm32f4xx_hal_uart.o
    0x08003688   0x08003688   0x00000010   Code   RO          539    i.USART1_IRQHandler  usart.o
    0x08003698   0x08003698   0x00000004   Code   RO          339    i.UsageFault_Handler  stm32f4xx_it.o
    0x0800369c   0x0800369c   0x00000010   Code   RO          959    i.__NVIC_GetPriorityGrouping  stm32f4xx_hal_cortex.o
    0x080036ac   0x080036ac   0x00000028   Code   RO          960    i.__NVIC_SetPriority  stm32f4xx_hal_cortex.o
    0x080036d4   0x080036d4   0x0000000e   Code   RO         4977    i._is_digit         c_w.l(__printf_wp.o)
    0x080036e2   0x080036e2   0x00000002   Code   RO          541    i._sys_exit         usart.o
    0x080036e4   0x080036e4   0x00000078   Code   RO           13    i.app_task          main.o
    0x0800375c   0x0800375c   0x00000054   Code   RO          709    i.delay_init        delay.o
    0x080037b0   0x080037b0   0x0000001a   Code   RO          543    i.fputc             usart.o
    0x080037ca   0x080037ca   0x00000002   PAD
    0x080037cc   0x080037cc   0x00000204   Code   RO         3447    i.lcd_gpio_init     lcd.o
    0x080039d0   0x080039d0   0x0000004c   Code   RO         3448    i.lcd_spi_send_buffer  lcd.o
    0x08003a1c   0x08003a1c   0x00000014   Code   RO         3449    i.lcd_spi_send_byte  lcd.o
    0x08003a30   0x08003a30   0x00000094   Code   RO           14    i.main              main.o
    0x08003ac4   0x08003ac4   0x000000c0   Code   RO         4227    i.prvAddCurrentTaskToDelayedList  tasks.o
    0x08003b84   0x08003b84   0x000000ec   Code   RO         4228    i.prvAddNewTaskToReadyList  tasks.o
    0x08003c70   0x08003c70   0x00000074   Code   RO         4597    i.prvCheckForValidListAndQueue  timers.o
    0x08003ce4   0x08003ce4   0x00000048   Code   RO         4229    i.prvCheckTasksWaitingTermination  tasks.o
    0x08003d2c   0x08003d2c   0x0000002a   Code   RO         3826    i.prvCopyDataFromQueue  queue.o
    0x08003d56   0x08003d56   0x0000007e   Code   RO         3827    i.prvCopyDataToQueue  queue.o
    0x08003dd4   0x08003dd4   0x00000050   Code   RO         4230    i.prvDeleteTCB      tasks.o
    0x08003e24   0x08003e24   0x00000014   Code   RO         3828    i.prvGetDisinheritPriorityAfterTimeout  queue.o
    0x08003e38   0x08003e38   0x00000028   Code   RO         4598    i.prvGetNextExpireTime  timers.o
    0x08003e60   0x08003e60   0x00000070   Code   RO         4848    i.prvHeapInit       heap_4.o
    0x08003ed0   0x08003ed0   0x00000028   Code   RO         4231    i.prvIdleTask       tasks.o
    0x08003ef8   0x08003ef8   0x0000001e   Code   RO         3829    i.prvInitialiseMutex  queue.o
    0x08003f16   0x08003f16   0x0000002a   Code   RO         3830    i.prvInitialiseNewQueue  queue.o
    0x08003f40   0x08003f40   0x000000cc   Code   RO         4232    i.prvInitialiseNewTask  tasks.o
    0x0800400c   0x0800400c   0x00000068   Code   RO         4233    i.prvInitialiseTaskLists  tasks.o
    0x08004074   0x08004074   0x00000068   Code   RO         4849    i.prvInsertBlockIntoFreeList  heap_4.o
    0x080040dc   0x080040dc   0x00000058   Code   RO         4600    i.prvInsertTimerInActiveList  timers.o
    0x08004134   0x08004134   0x0000001a   Code   RO         3831    i.prvIsQueueEmpty   queue.o
    0x0800414e   0x0800414e   0x0000001e   Code   RO         3832    i.prvIsQueueFull    queue.o
    0x0800416c   0x0800416c   0x00000044   Code   RO         4601    i.prvProcessExpiredTimer  timers.o
    0x080041b0   0x080041b0   0x0000011c   Code   RO         4602    i.prvProcessReceivedCommands  timers.o
    0x080042cc   0x080042cc   0x00000074   Code   RO         4603    i.prvProcessTimerOrBlockTask  timers.o
    0x08004340   0x08004340   0x00000028   Code   RO         4604    i.prvReloadTimer    timers.o
    0x08004368   0x08004368   0x00000030   Code   RO         4235    i.prvResetNextTaskUnblockTime  tasks.o
    0x08004398   0x08004398   0x0000002c   Code   RO         4605    i.prvSampleTimeNow  timers.o
    0x080043c4   0x080043c4   0x00000044   Code   RO         4606    i.prvSwitchTimerLists  timers.o
    0x08004408   0x08004408   0x00000040   Code   RO         4773    i.prvTaskExitError  port.o
    0x08004448   0x08004448   0x0000001a   Code   RO         4607    i.prvTimerTask      timers.o
    0x08004462   0x08004462   0x0000007e   Code   RO         3833    i.prvUnlockQueue    queue.o
    0x080044e0   0x080044e0   0x0000012c   Code   RO         4851    i.pvPortMalloc      heap_4.o
    0x0800460c   0x0800460c   0x00000020   Code   RO         4238    i.pvTaskIncrementMutexHeldCount  tasks.o
    0x0800462c   0x0800462c   0x0000002c   Code   RO         4774    i.pxPortInitialiseStack  port.o
    0x08004658   0x08004658   0x00000014   Code   RO         3450    i.st7789_backlight_off  lcd.o
    0x0800466c   0x0800466c   0x00000014   Code   RO         3451    i.st7789_backlight_on  lcd.o
    0x08004680   0x08004680   0x00000014   Code   RO         3452    i.st7789_cs_high    lcd.o
    0x08004694   0x08004694   0x00000014   Code   RO         3453    i.st7789_cs_low     lcd.o
    0x080046a8   0x080046a8   0x00000014   Code   RO         3454    i.st7789_dc_high    lcd.o
    0x080046bc   0x080046bc   0x00000014   Code   RO         3455    i.st7789_dc_low     lcd.o
    0x080046d0   0x080046d0   0x000000f8   Code   RO         3456    i.st7789_reg_init   lcd.o
    0x080047c8   0x080047c8   0x00000028   Code   RO         3457    i.st7789_reset      lcd.o
    0x080047f0   0x080047f0   0x00000072   Code   RO         3458    i.st7789_set_window  lcd.o
    0x08004862   0x08004862   0x00000022   Code   RO         3459    i.st7789_write_bytes  lcd.o
    0x08004884   0x08004884   0x00000018   Code   RO         3460    i.st7789_write_cmd  lcd.o
    0x0800489c   0x0800489c   0x00000018   Code   RO         3462    i.st7789_write_data_byte  lcd.o
    0x080048b4   0x080048b4   0x000000dc   Code   RO          478    i.sys_clock_init_168mhz  sys.o
    0x08004990   0x08004990   0x0000000a   Code   RO          479    i.sys_irq_restore   sys.o
    0x0800499a   0x0800499a   0x0000000c   Code   RO          480    i.sys_irq_save      sys.o
    0x080049a6   0x080049a6   0x00000010   Code   RO          546    i.usart1_in_isr     usart.o
    0x080049b6   0x080049b6   0x00000002   PAD
    0x080049b8   0x080049b8   0x0000010c   Code   RO          547    i.usart1_init       usart.o
    0x08004ac4   0x08004ac4   0x00000084   Code   RO          548    i.usart1_queue_rx_frame_from_isr  usart.o
    0x08004b48   0x08004b48   0x0000004c   Code   RO          549    i.usart1_read_frame  usart.o
    0x08004b94   0x08004b94   0x00000022   Code   RO          550    i.usart1_remaining_ticks  usart.o
    0x08004bb6   0x08004bb6   0x00000012   Code   RO          551    i.usart1_scheduler_running  usart.o
    0x08004bc8   0x08004bc8   0x00000044   Code   RO          552    i.usart1_start_rx_dma  usart.o
    0x08004c0c   0x08004c0c   0x00000010   Code   RO          553    i.usart1_tx_free    usart.o
    0x08004c1c   0x08004c1c   0x00000014   Code   RO          554    i.usart1_tx_kick    usart.o
    0x08004c30   0x08004c30   0x00000098   Code   RO          555    i.usart1_tx_start_next_locked  usart.o
    0x08004cc8   0x08004cc8   0x00000024   Code   RO          556    i.usart1_tx_used    usart.o
    0x08004cec   0x08004cec   0x00000140   Code   RO          557    i.usart1_write      usart.o
    0x08004e2c   0x08004e2c   0x00000028   Code   RO         3786    i.uxListRemove      list.o
    0x08004e54   0x08004e54   0x0000000c   Code   RO         4241    i.uxTaskGetNumberOfTasks  tasks.o
    0x08004e60   0x08004e60   0x00000018   Code   RO          284    i.vApplicationGetIdleTaskMemory  freertos_demo.o
    0x08004e78   0x08004e78   0x00000018   Code   RO          285    i.vApplicationGetTimerTaskMemory  freertos_demo.o
    0x08004e90   0x08004e90   0x0000001a   Code   RO         3787    i.vListInitialise   list.o
    0x08004eaa   0x08004eaa   0x00000006   Code   RO         3788    i.vListInitialiseItem  list.o
    0x08004eb0   0x08004eb0   0x00000034   Code   RO         3789    i.vListInsert       list.o
    0x08004ee4   0x08004ee4   0x00000054   Code   RO         4776    i.vPortEnterCritical  port.o
    0x08004f38   0x08004f38   0x0000003c   Code   RO         4777    i.vPortExitCritical  port.o
    0x08004f74   0x08004f74   0x0000008c   Code   RO         4852    i.vPortFree         heap_4.o
    0x08005000   0x08005000   0x00000028   Code   RO         4778    i.vPortSetupTimerInterrupt  port.o
    0x08005028   0x08005028   0x00000078   Code   RO         4779    i.vPortValidateInterruptPriority  port.o
    0x080050a0   0x080050a0   0x00000060   Code   RO         3839    i.vQueueAddToRegistry  queue.o
    0x08005100   0x08005100   0x0000004a   Code   RO         3843    i.vQueueWaitForMessageRestricted  queue.o
    0x0800514a   0x0800514a   0x00000002   PAD
    0x0800514c   0x0800514c   0x00000018   Code   RO         4252    i.vTaskInternalSetTimeOutState  tasks.o
    0x08005164   0x08005164   0x0000000c   Code   RO         4253    i.vTaskMissedYield  tasks.o
    0x08005170   0x08005170   0x00000038   Code   RO         4254    i.vTaskPlaceOnEventList  tasks.o
    0x080051a8   0x080051a8   0x00000064   Code   RO         4255    i.vTaskPlaceOnEventListRestricted  tasks.o
    0x0800520c   0x0800520c   0x00000118   Code   RO         4257    i.vTaskPriorityDisinheritAfterTimeout  tasks.o
    0x08005324   0x08005324   0x000000c0   Code   RO         4263    i.vTaskStartScheduler  tasks.o
    0x080053e4   0x080053e4   0x00000010   Code   RO         4265    i.vTaskSuspendAll   tasks.o
    0x080053f4   0x080053f4   0x0000008c   Code   RO         4266    i.vTaskSwitchContext  tasks.o
    0x08005480   0x08005480   0x00000168   Code   RO         4780    i.xPortStartScheduler  port.o
    0x080055e8   0x080055e8   0x0000002a   Code   RO         3847    i.xQueueCreateMutexStatic  queue.o
    0x08005612   0x08005612   0x0000009a   Code   RO         3849    i.xQueueGenericCreateStatic  queue.o
    0x080056ac   0x080056ac   0x000000dc   Code   RO         3850    i.xQueueGenericReset  queue.o
    0x08005788   0x08005788   0x000001a8   Code   RO         3851    i.xQueueGenericSend  queue.o
    0x08005930   0x08005930   0x00000128   Code   RO         3852    i.xQueueGenericSendFromISR  queue.o
    0x08005a58   0x08005a58   0x00000110   Code   RO         3853    i.xQueueGiveFromISR  queue.o
    0x08005b68   0x08005b68   0x00000168   Code   RO         3859    i.xQueueReceive     queue.o
    0x08005cd0   0x08005cd0   0x00000194   Code   RO         3861    i.xQueueSemaphoreTake  queue.o
    0x08005e64   0x08005e64   0x00000090   Code   RO         4268    i.xTaskCheckForTimeOut  tasks.o
    0x08005ef4   0x08005ef4   0x0000006c   Code   RO         4269    i.xTaskCreate       tasks.o
    0x08005f60   0x08005f60   0x000000c2   Code   RO         4270    i.xTaskCreateStatic  tasks.o
    0x08006022   0x08006022   0x00000002   PAD
    0x08006024   0x08006024   0x00000020   Code   RO         4277    i.xTaskGetSchedulerState  tasks.o
    0x08006044   0x08006044   0x0000000c   Code   RO         4278    i.xTaskGetTickCount  tasks.o
    0x08006050   0x08006050   0x000001bc   Code   RO         4280    i.xTaskIncrementTick  tasks.o
    0x0800620c   0x0800620c   0x000000f0   Code   RO         4281    i.xTaskPriorityDisinherit  tasks.o
    0x080062fc   0x080062fc   0x000000ec   Code   RO         4282    i.xTaskPriorityInherit  tasks.o
    0x080063e8   0x080063e8   0x00000120   Code   RO         4283    i.xTaskRemoveFromEventList  tasks.o
    0x08006508   0x08006508   0x00000178   Code   RO         4284    i.xTaskResumeAll    tasks.o
    0x08006680   0x08006680   0x00000078   Code   RO         4616    i.xTimerCreateTimerTask  timers.o
    0x080066f8   0x080066f8   0x0000000a   Code   RO         5203    x$fpl$fpinit        fz_wm.l(fpinit.o)
    0x08006702   0x08006702   0x00000018   Data   RO          443    .constdata          system_stm32f4xx.o
    0x0800671a   0x0800671a   0x00000008   Data   RO         1111    .constdata          stm32f4xx_hal_dma.o
    0x08006722   0x08006722   0x00000011   Data   RO         4985    .constdata          c_w.l(__printf_flags_ss_wp.o)
    0x08006733   0x08006733   0x00000001   PAD
    0x08006734   0x08006734   0x00000020   Data   RO         5265    Region$$Table       anon$$obj.o


    Execution Region RW_IRAM1 (Exec base: 0x20000000, Load base: 0x08006754, Size: 0x00015570, Max: 0x00020000, ABSOLUTE)

    Exec Addr    Load Addr    Size         Type   Attr      Idx    E Section Name        Object

    0x20000000   0x08006754   0x00000004   Data   RW          444    .data               system_stm32f4xx.o
    0x20000004   0x08006758   0x0000001d   Data   RW          559    .data               usart.o
    0x20000021   0x08006775   0x00000003   PAD
    0x20000024   0x08006778   0x00000005   Data   RW          713    .data               delay.o
    0x20000029   0x0800677d   0x00000003   PAD
    0x2000002c   0x08006780   0x00000009   Data   RW          779    .data               stm32f4xx_hal.o
    0x20000035   0x08006789   0x00000001   PAD
    0x20000036   0x0800678a   0x00000006   Data   RW         3465    .data               lcd.o
    0x2000003c   0x08006790   0x00000040   Data   RW         4287    .data               tasks.o
    0x2000007c   0x080067d0   0x00000014   Data   RW         4624    .data               timers.o
    0x20000090   0x080067e4   0x0000000c   Data   RW         4781    .data               port.o
    0x2000009c   0x080067f0   0x0000001c   Data   RW         4858    .data               heap_4.o
    0x200000b8        -       0x000006c8   Zero   RW          286    .bss                freertos_demo.o
    0x20000780        -       0x00000048   Zero   RW          396    .bss                stm32f4xx_hal_timebase_tim.o
    0x200007c8        -       0x00001034   Zero   RW          558    .bss                usart.o
    0x200017fc        -       0x00000918   Zero   RW         3463    .bss                lcd.o
    0x20002114        -       0x00000040   Zero   RW         3863    .bss                queue.o
    0x20002154        -       0x000000c8   Zero   RW         4286    .bss                tasks.o
    0x2000221c        -       0x000000f0   Zero   RW         4623    .bss                timers.o
    0x2000230c        -       0x00012c00   Zero   RW         4857    .bss                heap_4.o
    0x20014f0c        -       0x00000060   Zero   RW         5127    .bss                c_w.l(libspace.o)
    0x20014f6c   0x0800680c   0x00000004   PAD
    0x20014f70        -       0x00000200   Zero   RW            2    HEAP                startup_stm32f407xx.o
    0x20015170        -       0x00000400   Zero   RW            1    STACK               startup_stm32f407xx.o


==============================================================================

Image component sizes


      Code (inc. data)   RO Data    RW Data    ZI Data      Debug   Object Name

        84         24          0          5          0        773   delay.o
         0          0          0          0          0      24520   event_groups.o
        48         18          0          0       1736      16457   freertos_demo.o
       656         58          0         28      76800       5615   heap_4.o
      1616        148          0          6       2328      15353   lcd.o
       124          0          0          0          0       3157   list.o
       268        116          0          0          0     719775   main.o
      1014         92          0         12          0      12113   port.o
      2784         26          0          0         64      23492   queue.o
        64         26        392          0       1536        984   startup_stm32f407xx.o
       138         26          0          9          0      10115   stm32f4xx_hal.o
       260         22          0          0          0      33738   stm32f4xx_hal_cortex.o
      1436         16          8          0          0       7386   stm32f4xx_hal_dma.o
       512         46          0          0          0       2316   stm32f4xx_hal_gpio.o
      1888         94          0          0          0       6617   stm32f4xx_hal_rcc.o
      1562         26          0          0          0      10608   stm32f4xx_hal_spi.o
       868         76          0          0          0       6982   stm32f4xx_hal_tim.o
         4          0          0          0          0       1801   stm32f4xx_hal_tim_ex.o
       216         34          0          0         72       2877   stm32f4xx_hal_timebase_tim.o
      3356         40          0          0          0      20195   stm32f4xx_hal_uart.o
        20          0          0          0          0       2921   stm32f4xx_it.o
       242         14          0          0          0       7949   sys.o
       200         26         24          4          0       2375   system_stm32f4xx.o
      3914        382          0         64        200      33933   tasks.o
      1010        118          0         20        240      34308   timers.o
      1920        262          0         29       4148      27738   usart.o

    ----------------------------------------------------------------------
     24230       1690        456        184      87124    1034098   Object Totals
         0          0         32          0          0          0   (incl. Generated)
        26          0          0          7          0          0   (incl. Padding)

    ----------------------------------------------------------------------

      Code (inc. data)   RO Data    RW Data    ZI Data      Debug   Library Member Name

         8          0          0          0          0         68   __main.o
       392          4         17          0          0         92   __printf_flags_ss_wp.o
        14          0          0          0          0         68   __printf_wp.o
         0          0          0          0          0          0   __rtentry.o
        12          0          0          0          0          0   __rtentry2.o
         6          0          0          0          0          0   __rtentry4.o
        52          8          0          0          0          0   __scatter.o
        26          0          0          0          0          0   __scatter_copy.o
        28          0          0          0          0          0   __scatter_zi.o
        48          6          0          0          0         96   _printf_char_common.o
        36          4          0          0          0         80   _printf_char_file.o
       120         16          0          0          0         92   _printf_dec.o
       178          0          0          0          0         88   _printf_intcommon.o
         0          0          0          0          0          0   _printf_percent.o
         4          0          0          0          0          0   _printf_percent_end.o
         6          0          0          0          0          0   _printf_u.o
        16          0          0          0          0         68   aeabi_memset.o
        18          0          0          0          0         80   exit.o
         8          0          0          0          0         68   ferror.o
         6          0          0          0          0        152   heapauxi.o
         2          0          0          0          0          0   libinit.o
         6          0          0          0          0          0   libinit2.o
         2          0          0          0          0          0   libshutdown.o
         2          0          0          0          0          0   libshutdown2.o
         8          4          0          0         96         68   libspace.o
       238          0          0          0          0        100   lludivv7m.o
        24          4          0          0          0         84   noretval__2printf.o
        68          0          0          0          0         68   rt_memclr.o
        78          0          0          0          0         80   rt_memclr_w.o
       138          0          0          0          0         68   rt_memcpy_v6.o
       100          0          0          0          0         80   rt_memcpy_w.o
         2          0          0          0          0          0   rtexit.o
        10          0          0          0          0          0   rtexit2.o
        74          0          0          0          0         80   sys_stackheap_outer.o
         2          0          0          0          0         68   use_no_semi.o
         2          0          0          0          0         68   use_no_semi_2.o
        10          0          0          0          0        116   fpinit.o

    ----------------------------------------------------------------------
      1748         46         18          0        100       1832   Library Totals
         4          0          1          0          4          0   (incl. Padding)

    ----------------------------------------------------------------------

      Code (inc. data)   RO Data    RW Data    ZI Data      Debug   Library Name

      1734         46         17          0         96       1716   c_w.l
        10          0          0          0          0        116   fz_wm.l

    ----------------------------------------------------------------------
      1748         46         18          0        100       1832   Library Totals

    ----------------------------------------------------------------------

==============================================================================


      Code (inc. data)   RO Data    RW Data    ZI Data      Debug   

     25978       1736        474        184      87224    1014646   Grand Totals
     25978       1736        474        184      87224    1014646   ELF Image Totals
     25978       1736        474        184          0          0   ROM Totals

==============================================================================

    Total RO  Size (Code + RO Data)                26452 (  25.83kB)
    Total RW  Size (RW Data + ZI Data)             87408 (  85.36kB)
    Total ROM Size (Code + RO Data + RW Data)      26636 (  26.01kB)

==============================================================================

