Component: ARM Compiler 5.06 update 7 (build 960) Tool: armlink [4d3601]

==============================================================================

Section Cross References

    startup_stm32f103xb.o(STACK) refers (Special) to heapauxi.o(.text) for __use_two_region_memory
    startup_stm32f103xb.o(HEAP) refers (Special) to heapauxi.o(.text) for __use_two_region_memory
    startup_stm32f103xb.o(RESET) refers (Special) to heapauxi.o(.text) for __use_two_region_memory
    startup_stm32f103xb.o(RESET) refers to startup_stm32f103xb.o(STACK) for __initial_sp
    startup_stm32f103xb.o(RESET) refers to startup_stm32f103xb.o(.text) for Reset_Handler
    startup_stm32f103xb.o(RESET) refers to stm32f1xx_it.o(i.NMI_Handler) for NMI_Handler
    startup_stm32f103xb.o(RESET) refers to stm32f1xx_it.o(i.HardFault_Handler) for HardFault_Handler
    startup_stm32f103xb.o(RESET) refers to stm32f1xx_it.o(i.MemManage_Handler) for MemManage_Handler
    startup_stm32f103xb.o(RESET) refers to stm32f1xx_it.o(i.BusFault_Handler) for BusFault_Handler
    startup_stm32f103xb.o(RESET) refers to stm32f1xx_it.o(i.UsageFault_Handler) for UsageFault_Handler
    startup_stm32f103xb.o(RESET) refers to port.o(.emb_text) for SVC_Handler
    startup_stm32f103xb.o(RESET) refers to stm32f1xx_it.o(i.DebugMon_Handler) for DebugMon_Handler
    startup_stm32f103xb.o(RESET) refers to delay.o(i.SysTick_Handler) for SysTick_Handler
    startup_stm32f103xb.o(RESET) refers to tim2.o(i.TIM2_IRQHandler) for TIM2_IRQHandler
    startup_stm32f103xb.o(RESET) refers to usart.o(i.USART1_IRQHandler) for USART1_IRQHandler
    startup_stm32f103xb.o(.text) refers (Special) to heapauxi.o(.text) for __use_two_region_memory
    startup_stm32f103xb.o(.text) refers to system_stm32f1xx.o(i.SystemInit) for SystemInit
    startup_stm32f103xb.o(.text) refers to __main.o(!!!main) for __main
    startup_stm32f103xb.o(.text) refers to startup_stm32f103xb.o(HEAP) for Heap_Mem
    startup_stm32f103xb.o(.text) refers to startup_stm32f103xb.o(STACK) for Stack_Mem
    main.o(i.main) refers to stm32f1xx_hal.o(i.HAL_Init) for HAL_Init
    main.o(i.main) refers to sys.o(i.sys_stm32_clock_init) for sys_stm32_clock_init
    main.o(i.main) refers to usart.o(i.usart_init) for usart_init
    main.o(i.main) refers to delay.o(i.delay_init) for delay_init
    main.o(i.main) refers to tim2.o(i.MX_TIM2_Init) for MX_TIM2_Init
    main.o(i.main) refers to key.o(i.Key_Init) for Key_Init
    main.o(i.main) refers to led.o(i.LED_Init) for LED_Init
    main.o(i.main) refers to oled.o(i.OLED_Init) for OLED_Init
    main.o(i.main) refers to freerots_demo.o(i.FreeROTS_Start) for FreeROTS_Start
    system_stm32f1xx.o(i.SystemCoreClockUpdate) refers to system_stm32f1xx.o(.data) for SystemCoreClock
    system_stm32f1xx.o(i.SystemCoreClockUpdate) refers to system_stm32f1xx.o(.constdata) for AHBPrescTable
    freerots_demo.o(i.FreeROTS_Start) refers to tasks.o(i.xTaskCreateStatic) for xTaskCreateStatic
    freerots_demo.o(i.FreeROTS_Start) refers to noretval__2printf.o(.text) for __2printf
    freerots_demo.o(i.FreeROTS_Start) refers to tasks.o(i.vTaskStartScheduler) for vTaskStartScheduler
    freerots_demo.o(i.FreeROTS_Start) refers to freerots_demo.o(.bss) for start_task_tcb
    freerots_demo.o(i.FreeROTS_Start) refers to freerots_demo.o(i.Start_Task) for Start_Task
    freerots_demo.o(i.FreeROTS_Start) refers to freerots_demo.o(.data) for start_task_handler
    freerots_demo.o(i.Start_Task) refers to port.o(i.vPortEnterCritical) for vPortEnterCritical
    freerots_demo.o(i.Start_Task) refers to tasks.o(i.xTaskCreateStatic) for xTaskCreateStatic
    freerots_demo.o(i.Start_Task) refers to tasks.o(i.vTaskDelete) for vTaskDelete
    freerots_demo.o(i.Start_Task) refers to port.o(i.vPortExitCritical) for vPortExitCritical
    freerots_demo.o(i.Start_Task) refers to freerots_demo.o(.bss) for task1_tcb
    freerots_demo.o(i.Start_Task) refers to freerots_demo.o(i.vTask1) for vTask1
    freerots_demo.o(i.Start_Task) refers to freerots_demo.o(.data) for task1_handler
    freerots_demo.o(i.Start_Task) refers to freerots_demo.o(i.vTask2) for vTask2
    freerots_demo.o(i.Start_Task) refers to freerots_demo.o(i.vTask3) for vTask3
    freerots_demo.o(i.Start_Task) refers to freerots_demo.o(i.vTask4) for vTask4
    freerots_demo.o(i.vApplicationGetIdleTaskMemory) refers to freerots_demo.o(.bss) for idle_task_tcb
    freerots_demo.o(i.vApplicationGetTimerTaskMemory) refers to freerots_demo.o(.bss) for timer_task_tcb
    freerots_demo.o(i.vTask1) refers to _printf_percent.o(.ARM.Collect$$_printf_percent$$00000000) for _printf_percent
    freerots_demo.o(i.vTask1) refers to _printf_u.o(.ARM.Collect$$_printf_percent$$0000000A) for _printf_u
    freerots_demo.o(i.vTask1) refers to _printf_dec.o(.text) for _printf_int_dec
    freerots_demo.o(i.vTask1) refers to tasks.o(i.xTaskGetTickCount) for xTaskGetTickCount
    freerots_demo.o(i.vTask1) refers to noretval__2printf.o(.text) for __2printf
[...]
    .emb_text                                0x08000190   Section      150  port.o(.emb_text)
    .text                                    0x08000228   Section       64  startup_stm32f103xb.o(.text)
    .text                                    0x08000268   Section        2  use_no_semi_2.o(.text)
    .text                                    0x0800026c   Section        0  noretval__2printf.o(.text)
    .text                                    0x08000284   Section        0  _printf_dec.o(.text)
    .text                                    0x080002fc   Section        0  __printf_ss.o(.text)
    .text                                    0x080003b4   Section      138  rt_memcpy_v6.o(.text)
    .text                                    0x0800043e   Section       78  rt_memclr_w.o(.text)
    .text                                    0x0800048c   Section        0  heapauxi.o(.text)
    .text                                    0x08000492   Section        2  use_no_semi.o(.text)
    .text                                    0x08000494   Section        0  _printf_intcommon.o(.text)
    .text                                    0x08000548   Section        0  _printf_char_file.o(.text)
    .text                                    0x0800056c   Section      100  rt_memcpy_w.o(.text)
    .text                                    0x080005d0   Section        0  _printf_char_common.o(.text)
    _printf_input_char                       0x080005d1   Thumb Code    10  _printf_char_common.o(.text)
    .text                                    0x08000600   Section        0  ferror.o(.text)
    .text                                    0x08000608   Section       74  sys_stackheap_outer.o(.text)
    .text                                    0x08000652   Section        0  exit.o(.text)
    .text                                    0x08000664   Section        8  libspace.o(.text)
    i.BusFault_Handler                       0x0800066c   Section        0  stm32f1xx_it.o(i.BusFault_Handler)
    i.DebugMon_Handler                       0x08000670   Section        0  stm32f1xx_it.o(i.DebugMon_Handler)
    i.Error_Handler                          0x08000674   Section        0  tim2.o(i.Error_Handler)
    i.FreeROTS_Start                         0x0800068c   Section        0  freerots_demo.o(i.FreeROTS_Start)
    i.HAL_DMA_Abort_IT                       0x08000728   Section        0  stm32f1xx_hal_dma.o(i.HAL_DMA_Abort_IT)
    i.HAL_GPIO_Init                          0x080007d8   Section        0  stm32f1xx_hal_gpio.o(i.HAL_GPIO_Init)
    i.HAL_GPIO_ReadPin                       0x08000af8   Section        0  stm32f1xx_hal_gpio.o(i.HAL_GPIO_ReadPin)
    i.HAL_GPIO_TogglePin                     0x08000b08   Section        0  stm32f1xx_hal_gpio.o(i.HAL_GPIO_TogglePin)
    i.HAL_GPIO_WritePin                      0x08000b16   Section        0  stm32f1xx_hal_gpio.o(i.HAL_GPIO_WritePin)
    i.HAL_GetTick                            0x08000b24   Section        0  stm32f1xx_hal.o(i.HAL_GetTick)
    i.HAL_IncTick                            0x08000b30   Section        0  stm32f1xx_hal.o(i.HAL_IncTick)
    i.HAL_Init                               0x08000b48   Section        0  stm32f1xx_hal.o(i.HAL_Init)
    i.HAL_InitTick                           0x08000b70   Section        0  tim2.o(i.HAL_InitTick)
    i.HAL_MspInit                            0x08000b76   Section        0  stm32f1xx_hal.o(i.HAL_MspInit)
    i.HAL_NVIC_EnableIRQ                     0x08000b78   Section        0  stm32f1xx_hal_cortex.o(i.HAL_NVIC_EnableIRQ)
    i.HAL_NVIC_SetPriority                   0x08000b98   Section        0  stm32f1xx_hal_cortex.o(i.HAL_NVIC_SetPriority)
    i.HAL_NVIC_SetPriorityGrouping           0x08000c14   Section        0  stm32f1xx_hal_cortex.o(i.HAL_NVIC_SetPriorityGrouping)
    i.HAL_RCC_ClockConfig                    0x08000c3c   Section        0  stm32f1xx_hal_rcc.o(i.HAL_RCC_ClockConfig)
    i.HAL_RCC_GetHCLKFreq                    0x08000dc8   Section        0  stm32f1xx_hal_rcc.o(i.HAL_RCC_GetHCLKFreq)
    i.HAL_RCC_GetPCLK1Freq                   0x08000dd4   Section        0  stm32f1xx_hal_rcc.o(i.HAL_RCC_GetPCLK1Freq)
    i.HAL_RCC_GetPCLK2Freq                   0x08000df4   Section        0  stm32f1xx_hal_rcc.o(i.HAL_RCC_GetPCLK2Freq)
    i.HAL_RCC_GetSysClockFreq                0x08000e14   Section        0  stm32f1xx_hal_rcc.o(i.HAL_RCC_GetSysClockFreq)
    i.HAL_RCC_OscConfig                      0x08000ea8   Section        0  stm32f1xx_hal_rcc.o(i.HAL_RCC_OscConfig)
    i.HAL_TIMEx_BreakCallback                0x0800130c   Section        0  stm32f1xx_hal_tim_ex.o(i.HAL_TIMEx_BreakCallback)
    i.HAL_TIMEx_CommutCallback               0x0800130e   Section        0  stm32f1xx_hal_tim_ex.o(i.HAL_TIMEx_CommutCallback)
    i.HAL_TIM_Base_Init                      0x08001310   Section        0  stm32f1xx_hal_tim.o(i.HAL_TIM_Base_Init)
    i.HAL_TIM_Base_MspInit                   0x08001344   Section        0  stm32f1xx_hal_tim.o(i.HAL_TIM_Base_MspInit)
    i.HAL_TIM_Base_Start_IT                  0x08001346   Section        0  stm32f1xx_hal_tim.o(i.HAL_TIM_Base_Start_IT)
    i.HAL_TIM_IC_CaptureCallback             0x08001370   Section        0  stm32f1xx_hal_tim.o(i.HAL_TIM_IC_CaptureCallback)
    i.HAL_TIM_IRQHandler                     0x08001372   Section        0  stm32f1xx_hal_tim.o(i.HAL_TIM_IRQHandler)
    i.HAL_TIM_OC_DelayElapsedCallback        0x08001508   Section        0  stm32f1xx_hal_tim.o(i.HAL_TIM_OC_DelayElapsedCallback)
    i.HAL_TIM_PWM_PulseFinishedCallback      0x0800150a   Section        0  stm32f1xx_hal_tim.o(i.HAL_TIM_PWM_PulseFinishedCallback)
    i.HAL_TIM_PeriodElapsedCallback          0x0800150c   Section        0  tim2.o(i.HAL_TIM_PeriodElapsedCallback)
    i.HAL_TIM_TriggerCallback                0x08001520   Section        0  stm32f1xx_hal_tim.o(i.HAL_TIM_TriggerCallback)
    i.HAL_UART_ErrorCallback                 0x08001522   Section        0  stm32f1xx_hal_uart.o(i.HAL_UART_ErrorCallback)
    i.HAL_UART_IRQHandler                    0x08001524   Section        0  stm32f1xx_hal_uart.o(i.HAL_UART_IRQHandler)
    i.HAL_UART_Init                          0x08001670   Section        0  stm32f1xx_hal_uart.o(i.HAL_UART_Init)
    i.HAL_UART_MspInit                       0x080016e4   Section        0  usart.o(i.HAL_UART_MspInit)
    i.HAL_UART_Receive_IT                    0x08001798   Section        0  stm32f1xx_hal_uart.o(i.HAL_UART_Receive_IT)
    i.HAL_UART_RxCpltCallback                0x08001808   Section        0  usart.o(i.HAL_UART_RxCpltCallback)
    i.HAL_UART_TxCpltCallback                0x080018a4   Section        0  stm32f1xx_hal_uart.o(i.HAL_UART_TxCpltCallback)
    i.HardFault_Handler                      0x080018a6   Section        0  stm32f1xx_it.o(i.HardFault_Handler)
    i.Key_Init                               0x080018ac   Section        0  key.o(i.Key_Init)
    i.Key_Scan                               0x080018f8   Section        0  key.o(i.Key_Scan)
    i.LED_Init                               0x08001944   Section        0  led.o(i.LED_Init)
    i.LED_Toggle                             0x080019a8   Section        0  led.o(i.LED_Toggle)
    i.MX_TIM2_Init                           0x080019bc   Section        0  tim2.o(i.MX_TIM2_Init)
    i.MemManage_Handler                      0x08001a38   Section        0  stm32f1xx_it.o(i.MemManage_Handler)
    i.NMI_Handler                            0x08001a3c   Section        0  stm32f1xx_it.o(i.NMI_Handler)
    i.OLED_Clear                             0x08001a3e   Section        0  oled.o(i.OLED_Clear)
    i.OLED_I2C_Init                          0x08001a68   Section        0  oled.o(i.OLED_I2C_Init)
    i.OLED_I2C_SendByte                      0x08001acc   Section        0  oled.o(i.OLED_I2C_SendByte)
    i.OLED_I2C_Start                         0x08001b28   Section        0  oled.o(i.OLED_I2C_Start)
    i.OLED_I2C_Stop                          0x08001b5c   Section        0  oled.o(i.OLED_I2C_Stop)
    i.OLED_Init                              0x08001b84   Section        0  oled.o(i.OLED_Init)
    i.OLED_SetCursor                         0x08001c32   Section        0  oled.o(i.OLED_SetCursor)
    i.OLED_ShowChar                          0x08001c54   Section        0  oled.o(i.OLED_ShowChar)
    i.OLED_ShowString                        0x08001cc8   Section        0  oled.o(i.OLED_ShowString)
    i.OLED_WriteCommand                      0x08001cf0   Section        0  oled.o(i.OLED_WriteCommand)
    i.OLED_WriteData                         0x08001d10   Section        0  oled.o(i.OLED_WriteData)
    i.RCC_Delay                              0x08001d30   Section        0  stm32f1xx_hal_rcc.o(i.RCC_Delay)
    RCC_Delay                                0x08001d31   Thumb Code    36  stm32f1xx_hal_rcc.o(i.RCC_Delay)
    i.Start_Task                             0x08001d58   Section        0  freerots_demo.o(i.Start_Task)
    i.SysTick_Handler                        0x08001e44   Section        0  delay.o(i.SysTick_Handler)
    i.SystemInit                             0x08001e54   Section        0  system_stm32f1xx.o(i.SystemInit)
    i.TIM2_IRQHandler                        0x08001eac   Section        0  tim2.o(i.TIM2_IRQHandler)
    i.TIM_Base_SetConfig                     0x08001ebc   Section        0  stm32f1xx_hal_tim.o(i.TIM_Base_SetConfig)
    i.UART_DMAAbortOnError                   0x08001f30   Section        0  stm32f1xx_hal_uart.o(i.UART_DMAAbortOnError)
    UART_DMAAbortOnError                     0x08001f31   Thumb Code    20  stm32f1xx_hal_uart.o(i.UART_DMAAbortOnError)
    i.UART_EndRxTransfer                     0x08001f44   Section        0  stm32f1xx_hal_uart.o(i.UART_EndRxTransfer)
    UART_EndRxTransfer                       0x08001f45   Thumb Code    32  stm32f1xx_hal_uart.o(i.UART_EndRxTransfer)
    i.UART_EndTransmit_IT                    0x08001f64   Section        0  stm32f1xx_hal_uart.o(i.UART_EndTransmit_IT)
    UART_EndTransmit_IT                      0x08001f65   Thumb Code    32  stm32f1xx_hal_uart.o(i.UART_EndTransmit_IT)
    i.UART_Receive_IT                        0x08001f84   Section        0  stm32f1xx_hal_uart.o(i.UART_Receive_IT)
    UART_Receive_IT                          0x08001f85   Thumb Code   166  stm32f1xx_hal_uart.o(i.UART_Receive_IT)
    i.UART_SetConfig                         0x0800202c   Section        0  stm32f1xx_hal_uart.o(i.UART_SetConfig)
    UART_SetConfig                           0x0800202d   Thumb Code   412  stm32f1xx_hal_uart.o(i.UART_SetConfig)
    i.UART_Transmit_IT                       0x080021cc   Section        0  stm32f1xx_hal_uart.o(i.UART_Transmit_IT)
    UART_Transmit_IT                         0x080021cd   Thumb Code   104  stm32f1xx_hal_uart.o(i.UART_Transmit_IT)
    i.USART1_IRQHandler                      0x08002234   Section        0  usart.o(i.USART1_IRQHandler)
    i.UsageFault_Handler                     0x08002244   Section        0  stm32f1xx_it.o(i.UsageFault_Handler)
    i.__NVIC_GetPriorityGrouping             0x08002248   Section        0  stm32f1xx_hal_cortex.o(i.__NVIC_GetPriorityGrouping)
    __NVIC_GetPriorityGrouping               0x08002249   Thumb Code    10  stm32f1xx_hal_cortex.o(i.__NVIC_GetPriorityGrouping)
    i.__NVIC_SetPriority                     0x08002258   Section        0  stm32f1xx_hal_cortex.o(i.__NVIC_SetPriority)
    __NVIC_SetPriority                       0x08002259   Thumb Code    32  stm32f1xx_hal_cortex.o(i.__NVIC_SetPriority)
    i._sys_exit                              0x08002280   Section        0  usart.o(i._sys_exit)
    i.delay_init                             0x08002284   Section        0  delay.o(i.delay_init)
    i.fputc                                  0x080022c0   Section        0  usart.o(i.fputc)
    i.main                                   0x080022dc   Section        0  main.o(i.main)
    i.prvAddCurrentTaskToDelayedList         0x08002310   Section        0  tasks.o(i.prvAddCurrentTaskToDelayedList)
    prvAddCurrentTaskToDelayedList           0x08002311   Thumb Code   164  tasks.o(i.prvAddCurrentTaskToDelayedList)
    i.prvAddNewTaskToReadyList               0x080023d0   Section        0  tasks.o(i.prvAddNewTaskToReadyList)
    prvAddNewTaskToReadyList                 0x080023d1   Thumb Code   200  tasks.o(i.prvAddNewTaskToReadyList)
    i.prvCheckForValidListAndQueue           0x080024b4   Section        0  timers.o(i.prvCheckForValidListAndQueue)
    prvCheckForValidListAndQueue             0x080024b5   Thumb Code    62  timers.o(i.prvCheckForValidListAndQueue)
    i.prvCheckTasksWaitingTermination        0x08002510   Section        0  tasks.o(i.prvCheckTasksWaitingTermination)
    prvCheckTasksWaitingTermination          0x08002511   Thumb Code    60  tasks.o(i.prvCheckTasksWaitingTermination)
    i.prvCopyDataFromQueue                   0x08002558   Section        0  queue.o(i.prvCopyDataFromQueue)
    prvCopyDataFromQueue                     0x08002559   Thumb Code    42  queue.o(i.prvCopyDataFromQueue)
    i.prvDeleteTCB                           0x08002582   Section        0  tasks.o(i.prvDeleteTCB)
    prvDeleteTCB                             0x08002583   Thumb Code    40  tasks.o(i.prvDeleteTCB)
    i.prvGetNextExpireTime                   0x080025ac   Section        0  timers.o(i.prvGetNextExpireTime)
    prvGetNextExpireTime                     0x080025ad   Thumb Code    36  timers.o(i.prvGetNextExpireTime)
    i.prvIdleTask                            0x080025d4   Section        0  tasks.o(i.prvIdleTask)
    prvIdleTask                              0x080025d5   Thumb Code    32  tasks.o(i.prvIdleTask)
    i.prvInitialiseNewQueue                  0x080025fc   Section        0  queue.o(i.prvInitialiseNewQueue)
    prvInitialiseNewQueue                    0x080025fd   Thumb Code    38  queue.o(i.prvInitialiseNewQueue)
    i.prvInitialiseNewTask                   0x08002622   Section        0  tasks.o(i.prvInitialiseNewTask)
    prvInitialiseNewTask                     0x08002623   Thumb Code   122  tasks.o(i.prvInitialiseNewTask)
    i.prvInitialiseTaskLists                 0x0800269c   Section        0  tasks.o(i.prvInitialiseTaskLists)
    prvInitialiseTaskLists                   0x0800269d   Thumb Code    70  tasks.o(i.prvInitialiseTaskLists)
    i.prvInsertBlockIntoFreeList             0x08002704   Section        0  heap_4.o(i.prvInsertBlockIntoFreeList)
    prvInsertBlockIntoFreeList               0x08002705   Thumb Code    96  heap_4.o(i.prvInsertBlockIntoFreeList)
    i.prvInsertTimerInActiveList             0x0800276c   Section        0  timers.o(i.prvInsertTimerInActiveList)
    prvInsertTimerInActiveList               0x0800276d   Thumb Code    80  timers.o(i.prvInsertTimerInActiveList)
    i.prvIsQueueEmpty                        0x080027c4   Section        0  queue.o(i.prvIsQueueEmpty)
    prvIsQueueEmpty                          0x080027c5   Thumb Code    26  queue.o(i.prvIsQueueEmpty)
    i.prvProcessExpiredTimer                 0x080027e0   Section        0  timers.o(i.prvProcessExpiredTimer)
    prvProcessExpiredTimer                   0x080027e1   Thumb Code    62  timers.o(i.prvProcessExpiredTimer)
    i.prvProcessReceivedCommands             0x08002824   Section        0  timers.o(i.prvProcessReceivedCommands)
    prvProcessReceivedCommands               0x08002825   Thumb Code   244  timers.o(i.prvProcessReceivedCommands)
    i.prvProcessTimerOrBlockTask             0x0800291c   Section        0  timers.o(i.prvProcessTimerOrBlockTask)
    prvProcessTimerOrBlockTask               0x0800291d   Thumb Code   102  timers.o(i.prvProcessTimerOrBlockTask)
    i.prvReloadTimer                         0x08002990   Section        0  timers.o(i.prvReloadTimer)
    prvReloadTimer                           0x08002991   Thumb Code    40  timers.o(i.prvReloadTimer)
    i.prvResetNextTaskUnblockTime            0x080029b8   Section        0  tasks.o(i.prvResetNextTaskUnblockTime)
    prvResetNextTaskUnblockTime              0x080029b9   Thumb Code    40  tasks.o(i.prvResetNextTaskUnblockTime)
    i.prvSampleTimeNow                       0x080029e8   Section        0  timers.o(i.prvSampleTimeNow)
    prvSampleTimeNow                         0x080029e9   Thumb Code    40  timers.o(i.prvSampleTimeNow)
    i.prvSwitchTimerLists                    0x08002a14   Section        0  timers.o(i.prvSwitchTimerLists)
    prvSwitchTimerLists                      0x08002a15   Thumb Code    58  timers.o(i.prvSwitchTimerLists)
    i.prvTaskExitError                       0x08002a58   Section        0  port.o(i.prvTaskExitError)
    prvTaskExitError                         0x08002a59   Thumb Code    22  port.o(i.prvTaskExitError)
    i.prvTimerTask                           0x08002a6e   Section        0  timers.o(i.prvTimerTask)
    prvTimerTask                             0x08002a6f   Thumb Code    26  timers.o(i.prvTimerTask)
    i.prvUnlockQueue                         0x08002a88   Section        0  queue.o(i.prvUnlockQueue)
    prvUnlockQueue                           0x08002a89   Thumb Code   126  queue.o(i.prvUnlockQueue)
    i.pxPortInitialiseStack                  0x08002b08   Section        0  port.o(i.pxPortInitialiseStack)
    i.sys_stm32_clock_init                   0x08002b2c   Section        0  sys.o(i.sys_stm32_clock_init)
    i.usart_init                             0x08002b94   Section        0  usart.o(i.usart_init)
    i.uxListRemove                           0x08002bcc   Section        0  list.o(i.uxListRemove)
    i.vApplicationGetIdleTaskMemory          0x08002bf4   Section        0  freerots_demo.o(i.vApplicationGetIdleTaskMemory)
    i.vApplicationGetTimerTaskMemory         0x08002c0c   Section        0  freerots_demo.o(i.vApplicationGetTimerTaskMemory)
    i.vListInitialise                        0x08002c24   Section        0  list.o(i.vListInitialise)
    i.vListInitialiseItem                    0x08002c3e   Section        0  list.o(i.vListInitialiseItem)
    i.vListInsert                            0x08002c44   Section        0  list.o(i.vListInsert)
    i.vListInsertEnd                         0x08002c78   Section        0  list.o(i.vListInsertEnd)
    i.vPortEnterCritical                     0x08002c90   Section        0  port.o(i.vPortEnterCritical)
    i.vPortExitCritical                      0x08002cb4   Section        0  port.o(i.vPortExitCritical)
    i.vPortFree                              0x08002cd4   Section        0  heap_4.o(i.vPortFree)
    i.vPortSetupTimerInterrupt               0x08002d20   Section        0  port.o(i.vPortSetupTimerInterrupt)
    i.vQueueWaitForMessageRestricted         0x08002d38   Section        0  queue.o(i.vQueueWaitForMessageRestricted)
    i.vTask1                                 0x08002d84   Section        0  freerots_demo.o(i.vTask1)
    i.vTask2                                 0x08002dcc   Section        0  freerots_demo.o(i.vTask2)
    i.vTask3                                 0x08002e14   Section        0  freerots_demo.o(i.vTask3)
    i.vTask4                                 0x08002e6c   Section        0  freerots_demo.o(i.vTask4)
    i.vTaskDelay                             0x08003008   Section        0  tasks.o(i.vTaskDelay)
    i.vTaskDelete                            0x0800303c   Section        0  tasks.o(i.vTaskDelete)
    i.vTaskInternalSetTimeOutState           0x08003110   Section        0  tasks.o(i.vTaskInternalSetTimeOutState)
    i.vTaskMissedYield                       0x08003128   Section        0  tasks.o(i.vTaskMissedYield)
    i.vTaskPlaceOnEventList                  0x08003134   Section        0  tasks.o(i.vTaskPlaceOnEventList)
    i.vTaskPlaceOnEventListRestricted        0x08003154   Section        0  tasks.o(i.vTaskPlaceOnEventListRestricted)
    i.vTaskStartScheduler                    0x080031a0   Section        0  tasks.o(i.vTaskStartScheduler)
    i.vTaskSuspendAll                        0x0800323c   Section        0  tasks.o(i.vTaskSuspendAll)
    i.vTaskSwitchContext                     0x0800324c   Section        0  tasks.o(i.vTaskSwitchContext)
    i.xPortStartScheduler                    0x080032ac   Section        0  port.o(i.xPortStartScheduler)
    i.xPortSysTickHandler                    0x080032e0   Section        0  port.o(i.xPortSysTickHandler)
    i.xQueueGenericCreateStatic              0x08003314   Section        0  queue.o(i.xQueueGenericCreateStatic)
    i.xQueueGenericReset                     0x08003354   Section        0  queue.o(i.xQueueGenericReset)
    i.xQueueReceive                          0x080033f4   Section        0  queue.o(i.xQueueReceive)
    i.xTaskCheckForTimeOut                   0x080034f8   Section        0  tasks.o(i.xTaskCheckForTimeOut)
    i.xTaskCreateStatic                      0x08003558   Section        0  tasks.o(i.xTaskCreateStatic)
    i.xTaskGetSchedulerState                 0x080035b0   Section        0  tasks.o(i.xTaskGetSchedulerState)
    i.xTaskGetTickCount                      0x080035d0   Section        0  tasks.o(i.xTaskGetTickCount)
    i.xTaskIncrementTick                     0x080035dc   Section        0  tasks.o(i.xTaskIncrementTick)
    i.xTaskRemoveFromEventList               0x0800376c   Section        0  tasks.o(i.xTaskRemoveFromEventList)
    i.xTaskResumeAll                         0x08003874   Section        0  tasks.o(i.xTaskResumeAll)
    i.xTimerCreateTimerTask                  0x080039d0   Section        0  timers.o(i.xTimerCreateTimerTask)
    .constdata                               0x08003a30   Section       24  system_stm32f1xx.o(.constdata)
    .constdata                               0x08003a48   Section     1520  oled_font.o(.constdata)
    .data                                    0x20000000   Section        4  system_stm32f1xx.o(.data)
    .data                                    0x20000004   Section       20  freerots_demo.o(.data)
    .data                                    0x20000018   Section        6  delay.o(.data)
    g_fac_us                                 0x20000018   Data           4  delay.o(.data)
    g_fac_ms                                 0x2000001c   Data           2  delay.o(.data)
    .data                                    0x20000020   Section        7  usart.o(.data)
    .data                                    0x20000028   Section        9  stm32f1xx_hal.o(.data)
    .data                                    0x20000034   Section       64  tasks.o(.data)
    pxDelayedTaskList                        0x20000038   Data           4  tasks.o(.data)
    pxOverflowDelayedTaskList                0x2000003c   Data           4  tasks.o(.data)
    uxDeletedTasksWaitingCleanUp             0x20000040   Data           4  tasks.o(.data)
    uxCurrentNumberOfTasks                   0x20000044   Data           4  tasks.o(.data)
    xTickCount                               0x20000048   Data           4  tasks.o(.data)
    uxTopReadyPriority                       0x2000004c   Data           4  tasks.o(.data)
    xSchedulerRunning                        0x20000050   Data           4  tasks.o(.data)
    xPendedTicks                             0x20000054   Data           4  tasks.o(.data)
    xYieldPending                            0x20000058   Data           4  tasks.o(.data)
    xNumOfOverflows                          0x2000005c   Data           4  tasks.o(.data)
    uxTaskNumber                             0x20000060   Data           4  tasks.o(.data)
    xNextTaskUnblockTime                     0x20000064   Data           4  tasks.o(.data)
    xIdleTaskHandle                          0x20000068   Data           4  tasks.o(.data)
    uxSchedulerSuspended                     0x20000070   Data           4  tasks.o(.data)
    .data                                    0x20000074   Section       20  timers.o(.data)
    pxCurrentTimerList                       0x20000074   Data           4  timers.o(.data)
    pxOverflowTimerList                      0x20000078   Data           4  timers.o(.data)
    xTimerQueue                              0x2000007c   Data           4  timers.o(.data)
    xTimerTaskHandle                         0x20000080   Data           4  timers.o(.data)
    xLastTime                                0x20000084   Data           4  timers.o(.data)
    .data                                    0x20000088   Section        4  port.o(.data)
    uxCriticalNesting                        0x20000088   Data           4  port.o(.data)
    .data                                    0x2000008c   Section       28  heap_4.o(.data)
    xStart                                   0x2000008c   Data           8  heap_4.o(.data)
    pxEnd                                    0x20000094   Data           4  heap_4.o(.data)
    xFreeBytesRemaining                      0x20000098   Data           4  heap_4.o(.data)
    xMinimumEverFreeBytesRemaining           0x2000009c   Data           4  heap_4.o(.data)
    xNumberOfSuccessfulAllocations           0x200000a0   Data           4  heap_4.o(.data)
    xNumberOfSuccessfulFrees                 0x200000a4   Data           4  heap_4.o(.data)
    .data                                    0x200000a8   Section        2  key.o(.data)
    key1_last_state                          0x200000a8   Data           1  key.o(.data)
    key2_last_state                          0x200000a9   Data           1  key.o(.data)
    .bss                                     0x200000ac   Section     4628  freerots_demo.o(.bss)
    .bss                                     0x200012c0   Section      264  usart.o(.bss)
    .bss                                     0x200013c8   Section      200  tasks.o(.bss)
    pxReadyTasksLists                        0x200013c8   Data         100  tasks.o(.bss)
    xDelayedTaskList1                        0x2000142c   Data          20  tasks.o(.bss)
    xDelayedTaskList2                        0x20001440   Data          20  tasks.o(.bss)
    xPendingReadyList                        0x20001454   Data          20  tasks.o(.bss)
    xTasksWaitingTermination                 0x20001468   Data          20  tasks.o(.bss)
    xSuspendedTaskList                       0x2000147c   Data          20  tasks.o(.bss)
    .bss                                     0x20001490   Section      172  timers.o(.bss)
    xActiveTimerList1                        0x20001490   Data          20  timers.o(.bss)
    xActiveTimerList2                        0x200014a4   Data          20  timers.o(.bss)
    xStaticTimerQueue                        0x200014b8   Data          72  timers.o(.bss)
    ucStaticTimerQueueStorage                0x20001500   Data          60  timers.o(.bss)
    .bss                                     0x2000153c   Section       64  tim2.o(.bss)
    .bss                                     0x2000157c   Section       96  libspace.o(.bss)
    HEAP                                     0x200015e0   Section      512  startup_stm32f103xb.o(HEAP)
    Heap_Mem                                 0x200015e0   Data         512  startup_stm32f103xb.o(HEAP)
    STACK                                    0x200017e0   Section     1024  startup_stm32f103xb.o(STACK)
    Stack_Mem                                0x200017e0   Data        1024  startup_stm32f103xb.o(STACK)
    __initial_sp                             0x20001be0   Data           0  startup_stm32f103xb.o(STACK)

    Global Symbols

    Symbol Name                              Value     Ov Type        Size  Object(Section)

    BuildAttributes$$THM_ISAv4$P$D$K$B$S$PE$A:L22UL41UL21$X:L11$S22US41US21$IEEE1$IW$USESV6$~STKCKD$USESV7$~SHL$OSPACE$ROPI$EBA8$UX$STANDARDLIB$REQ8$PRES8$EABIv2 0x00000000   Number         0  anon$$obj.o ABSOLUTE
    __ARM_use_no_argv                        0x00000000   Number         0  main.o ABSOLUTE
    _printf_flags                            0x00000000   Number         0  printf_stubs.o ABSOLUTE
    _printf_return_value                     0x00000000   Number         0  printf_stubs.o ABSOLUTE
    _printf_sizespec                         0x00000000   Number         0  printf_stubs.o ABSOLUTE
    _printf_widthprec                        0x00000000   Number         0  printf_stubs.o ABSOLUTE
    __ARM_exceptions_init                     - Undefined Weak Reference
    __alloca_initialize                       - Undefined Weak Reference
    __arm_fini_                               - Undefined Weak Reference
    __arm_preinit_                            - Undefined Weak Reference
    __cpp_initialize__aeabi_                  - Undefined Weak Reference
    __cxa_finalize                            - Undefined Weak Reference
    __rt_locale                               - Undefined Weak Reference
    __sigvec_lookup                           - Undefined Weak Reference
    _atexit_init                              - Undefined Weak Reference
    _call_atexit_fns                          - Undefined Weak Reference
    _clock_init                               - Undefined Weak Reference
    _fp_trap_init                             - Undefined Weak Reference
    _fp_trap_shutdown                         - Undefined Weak Reference
    _get_lc_collate                           - Undefined Weak Reference
    _get_lc_ctype                             - Undefined Weak Reference
    _get_lc_monetary                          - Undefined Weak Reference
    _get_lc_numeric                           - Undefined Weak Reference
    _get_lc_time                              - Undefined Weak Reference
    _getenv_init                              - Undefined Weak Reference
    _handle_redirection                       - Undefined Weak Reference
    _init_alloc                               - Undefined Weak Reference
    _init_user_alloc                          - Undefined Weak Reference
    _initio                                   - Undefined Weak Reference
    _mutex_acquire                            - Undefined Weak Reference
    _mutex_release                            - Undefined Weak Reference
    _printf_post_padding                      - Undefined Weak Reference
    _printf_pre_padding                       - Undefined Weak Reference
    _printf_truncate_signed                   - Undefined Weak Reference
    _printf_truncate_unsigned                 - Undefined Weak Reference
    _rand_init                                - Undefined Weak Reference
    _signal_finish                            - Undefined Weak Reference
    _signal_init                              - Undefined Weak Reference
    _terminate_alloc                          - Undefined Weak Reference
    _terminate_user_alloc                     - Undefined Weak Reference
    _terminateio                              - Undefined Weak Reference
    __Vectors_Size                           0x000000ec   Number         0  startup_stm32f103xb.o ABSOLUTE
    __Vectors                                0x08000000   Data           4  startup_stm32f103xb.o(RESET)
    __Vectors_End                            0x080000ec   Data           0  startup_stm32f103xb.o(RESET)
    __main                                   0x080000ed   Thumb Code     8  __main.o(!!!main)
    __scatterload                            0x080000f5   Thumb Code     0  __scatter.o(!!!scatter)
    __scatterload_rt2                        0x080000f5   Thumb Code    44  __scatter.o(!!!scatter)
    __scatterload_rt2_thumb_only             0x080000f5   Thumb Code     0  __scatter.o(!!!scatter)
    __scatterload_null                       0x08000103   Thumb Code     0  __scatter.o(!!!scatter)
    __scatterload_copy                       0x08000129   Thumb Code    26  __scatter_copy.o(!!handler_copy)
    __scatterload_zeroinit                   0x08000145   Thumb Code    28  __scatter_zi.o(!!handler_zi)
    _printf_percent                          0x08000161   Thumb Code     0  _printf_percent.o(.ARM.Collect$$_printf_percent$$00000000)
    _printf_u                                0x08000161   Thumb Code     0  _printf_u.o(.ARM.Collect$$_printf_percent$$0000000A)
    _printf_percent_end                      0x08000167   Thumb Code     0  _printf_percent_end.o(.ARM.Collect$$_printf_percent$$00000017)
    __rt_lib_init                            0x0800016b   Thumb Code     0  libinit.o(.ARM.Collect$$libinit$$00000000)
    __rt_lib_init_alloca_1                   0x0800016d   Thumb Code     0  libinit2.o(.ARM.Collect$$libinit$$0000002E)
    __rt_lib_init_argv_1                     0x0800016d   Thumb Code     0  libinit2.o(.ARM.Collect$$libinit$$0000002C)
    __rt_lib_init_atexit_1                   0x0800016d   Thumb Code     0  libinit2.o(.ARM.Collect$$libinit$$0000001B)
    __rt_lib_init_clock_1                    0x0800016d   Thumb Code     0  libinit2.o(.ARM.Collect$$libinit$$00000021)
    __rt_lib_init_cpp_1                      0x0800016d   Thumb Code     0  libinit2.o(.ARM.Collect$$libinit$$00000032)
    __rt_lib_init_exceptions_1               0x0800016d   Thumb Code     0  libinit2.o(.ARM.Collect$$libinit$$00000030)
    __rt_lib_init_fp_1                       0x0800016d   Thumb Code     0  libinit2.o(.ARM.Collect$$libinit$$00000002)
    __rt_lib_init_fp_trap_1                  0x0800016d   Thumb Code     0  libinit2.o(.ARM.Collect$$libinit$$0000001F)
    __rt_lib_init_getenv_1                   0x0800016d   Thumb Code     0  libinit2.o(.ARM.Collect$$libinit$$00000023)
    __rt_lib_init_heap_1                     0x0800016d   Thumb Code     0  libinit2.o(.ARM.Collect$$libinit$$0000000A)
    __rt_lib_init_lc_collate_1               0x0800016d   Thumb Code     0  libinit2.o(.ARM.Collect$$libinit$$00000011)
    __rt_lib_init_lc_ctype_1                 0x0800016d   Thumb Code     0  libinit2.o(.ARM.Collect$$libinit$$00000013)
    __rt_lib_init_lc_monetary_1              0x0800016d   Thumb Code     0  libinit2.o(.ARM.Collect$$libinit$$00000015)
    __rt_lib_init_lc_numeric_1               0x0800016d   Thumb Code     0  libinit2.o(.ARM.Collect$$libinit$$00000017)
    __rt_lib_init_lc_time_1                  0x0800016d   Thumb Code     0  libinit2.o(.ARM.Collect$$libinit$$00000019)
    __rt_lib_init_preinit_1                  0x0800016d   Thumb Code     0  libinit2.o(.ARM.Collect$$libinit$$00000004)
    __rt_lib_init_rand_1                     0x0800016d   Thumb Code     0  libinit2.o(.ARM.Collect$$libinit$$0000000E)
    __rt_lib_init_return                     0x0800016d   Thumb Code     0  libinit2.o(.ARM.Collect$$libinit$$00000033)
    __rt_lib_init_signal_1                   0x0800016d   Thumb Code     0  libinit2.o(.ARM.Collect$$libinit$$0000001D)
    __rt_lib_init_stdio_1                    0x0800016d   Thumb Code     0  libinit2.o(.ARM.Collect$$libinit$$00000025)
    __rt_lib_init_user_alloc_1               0x0800016d   Thumb Code     0  libinit2.o(.ARM.Collect$$libinit$$0000000C)
    __rt_lib_shutdown                        0x0800016f   Thumb Code     0  libshutdown.o(.ARM.Collect$$libshutdown$$00000000)
    __rt_lib_shutdown_cpp_1                  0x08000171   Thumb Code     0  libshutdown2.o(.ARM.Collect$$libshutdown$$00000004)
    __rt_lib_shutdown_fini_1                 0x08000171   Thumb Code     0  libshutdown2.o(.ARM.Collect$$libshutdown$$00000002)
    __rt_lib_shutdown_fp_trap_1              0x08000171   Thumb Code     0  libshutdown2.o(.ARM.Collect$$libshutdown$$00000009)
    __rt_lib_shutdown_heap_1                 0x08000171   Thumb Code     0  libshutdown2.o(.ARM.Collect$$libshutdown$$00000011)
    __rt_lib_shutdown_return                 0x08000171   Thumb Code     0  libshutdown2.o(.ARM.Collect$$libshutdown$$00000012)
    __rt_lib_shutdown_signal_1               0x08000171   Thumb Code     0  libshutdown2.o(.ARM.Collect$$libshutdown$$0000000C)
    __rt_lib_shutdown_stdio_1                0x08000171   Thumb Code     0  libshutdown2.o(.ARM.Collect$$libshutdown$$00000006)
    __rt_lib_shutdown_user_alloc_1           0x08000171   Thumb Code     0  libshutdown2.o(.ARM.Collect$$libshutdown$$0000000E)
    __rt_entry                               0x08000173   Thumb Code     0  __rtentry.o(.ARM.Collect$$rtentry$$00000000)
    __rt_entry_presh_1                       0x08000173   Thumb Code     0  __rtentry2.o(.ARM.Collect$$rtentry$$00000002)
    __rt_entry_sh                            0x08000173   Thumb Code     0  __rtentry4.o(.ARM.Collect$$rtentry$$00000004)
    __rt_entry_li                            0x08000179   Thumb Code     0  __rtentry2.o(.ARM.Collect$$rtentry$$0000000A)
    __rt_entry_postsh_1                      0x08000179   Thumb Code     0  __rtentry2.o(.ARM.Collect$$rtentry$$00000009)
    __rt_entry_main                          0x0800017d   Thumb Code     0  __rtentry2.o(.ARM.Collect$$rtentry$$0000000D)
    __rt_entry_postli_1                      0x0800017d   Thumb Code     0  __rtentry2.o(.ARM.Collect$$rtentry$$0000000C)
    __rt_exit                                0x08000185   Thumb Code     0  rtexit.o(.ARM.Collect$$rtexit$$00000000)
    __rt_exit_ls                             0x08000187   Thumb Code     0  rtexit2.o(.ARM.Collect$$rtexit$$00000003)
    __rt_exit_prels_1                        0x08000187   Thumb Code     0  rtexit2.o(.ARM.Collect$$rtexit$$00000002)
    __rt_exit_exit                           0x0800018b   Thumb Code     0  rtexit2.o(.ARM.Collect$$rtexit$$00000004)
    SVC_Handler                              0x08000191   Thumb Code    32  port.o(.emb_text)
    __asm___6_port_c_39a90d8d__prvStartFirstTask 0x080001b5   Thumb Code    28  port.o(.emb_text)
    PendSV_Handler                           0x080001d5   Thumb Code    72  port.o(.emb_text)
    vPortGetIPSR                             0x08000221   Thumb Code     6  port.o(.emb_text)
    Reset_Handler                            0x08000229   Thumb Code     8  startup_stm32f103xb.o(.text)
    ADC1_2_IRQHandler                        0x08000243   Thumb Code     0  startup_stm32f103xb.o(.text)
    CAN1_RX1_IRQHandler                      0x08000243   Thumb Code     0  startup_stm32f103xb.o(.text)
    CAN1_SCE_IRQHandler                      0x08000243   Thumb Code     0  startup_stm32f103xb.o(.text)
    DMA1_Channel1_IRQHandler                 0x08000243   Thumb Code     0  startup_stm32f103xb.o(.text)
    DMA1_Channel2_IRQHandler                 0x08000243   Thumb Code     0  startup_stm32f103xb.o(.text)
    DMA1_Channel3_IRQHandler                 0x08000243   Thumb Code     0  startup_stm32f103xb.o(.text)
    DMA1_Channel4_IRQHandler                 0x08000243   Thumb Code     0  startup_stm32f103xb.o(.text)
    DMA1_Channel5_IRQHandler                 0x08000243   Thumb Code     0  startup_stm32f103xb.o(.text)
    DMA1_Channel6_IRQHandler                 0x08000243   Thumb Code     0  startup_stm32f103xb.o(.text)
    DMA1_Channel7_IRQHandler                 0x08000243   Thumb Code     0  startup_stm32f103xb.o(.text)
    EXTI0_IRQHandler                         0x08000243   Thumb Code     0  startup_stm32f103xb.o(.text)
    EXTI15_10_IRQHandler                     0x08000243   Thumb Code     0  startup_stm32f103xb.o(.text)
    EXTI1_IRQHandler                         0x08000243   Thumb Code     0  startup_stm32f103xb.o(.text)
    EXTI2_IRQHandler                         0x08000243   Thumb Code     0  startup_stm32f103xb.o(.text)
    EXTI3_IRQHandler                         0x08000243   Thumb Code     0  startup_stm32f103xb.o(.text)
    EXTI4_IRQHandler                         0x08000243   Thumb Code     0  startup_stm32f103xb.o(.text)
    EXTI9_5_IRQHandler                       0x08000243   Thumb Code     0  startup_stm32f103xb.o(.text)
    FLASH_IRQHandler                         0x08000243   Thumb Code     0  startup_stm32f103xb.o(.text)
    I2C1_ER_IRQHandler                       0x08000243   Thumb Code     0  startup_stm32f103xb.o(.text)
    I2C1_EV_IRQHandler                       0x08000243   Thumb Code     0  startup_stm32f103xb.o(.text)
    I2C2_ER_IRQHandler                       0x08000243   Thumb Code     0  startup_stm32f103xb.o(.text)
    I2C2_EV_IRQHandler                       0x08000243   Thumb Code     0  startup_stm32f103xb.o(.text)
    PVD_IRQHandler                           0x08000243   Thumb Code     0  startup_stm32f103xb.o(.text)
    RCC_IRQHandler                           0x08000243   Thumb Code     0  startup_stm32f103xb.o(.text)
    RTC_Alarm_IRQHandler                     0x08000243   Thumb Code     0  startup_stm32f103xb.o(.text)
    RTC_IRQHandler                           0x08000243   Thumb Code     0  startup_stm32f103xb.o(.text)
    SPI1_IRQHandler                          0x08000243   Thumb Code     0  startup_stm32f103xb.o(.text)
    SPI2_IRQHandler                          0x08000243   Thumb Code     0  startup_stm32f103xb.o(.text)
    TAMPER_IRQHandler                        0x08000243   Thumb Code     0  startup_stm32f103xb.o(.text)
    TIM1_BRK_IRQHandler                      0x08000243   Thumb Code     0  startup_stm32f103xb.o(.text)
    TIM1_CC_IRQHandler                       0x08000243   Thumb Code     0  startup_stm32f103xb.o(.text)
    TIM1_TRG_COM_IRQHandler                  0x08000243   Thumb Code     0  startup_stm32f103xb.o(.text)
    TIM1_UP_IRQHandler                       0x08000243   Thumb Code     0  startup_stm32f103xb.o(.text)
    TIM3_IRQHandler                          0x08000243   Thumb Code     0  startup_stm32f103xb.o(.text)
    TIM4_IRQHandler                          0x08000243   Thumb Code     0  startup_stm32f103xb.o(.text)
    USART2_IRQHandler                        0x08000243   Thumb Code     0  startup_stm32f103xb.o(.text)
    USART3_IRQHandler                        0x08000243   Thumb Code     0  startup_stm32f103xb.o(.text)
    USBWakeUp_IRQHandler                     0x08000243   Thumb Code     0  startup_stm32f103xb.o(.text)
    USB_HP_CAN1_TX_IRQHandler                0x08000243   Thumb Code     0  startup_stm32f103xb.o(.text)
    USB_LP_CAN1_RX0_IRQHandler               0x08000243   Thumb Code     0  startup_stm32f103xb.o(.text)
    WWDG_IRQHandler                          0x08000243   Thumb Code     0  startup_stm32f103xb.o(.text)
    __user_initial_stackheap                 0x08000245   Thumb Code     0  startup_stm32f103xb.o(.text)
    __use_no_semihosting                     0x08000269   Thumb Code     2  use_no_semi_2.o(.text)
    __2printf                                0x0800026d   Thumb Code    20  noretval__2printf.o(.text)
    _printf_int_dec                          0x08000285   Thumb Code   104  _printf_dec.o(.text)
    __printf                                 0x080002fd   Thumb Code   184  __printf_ss.o(.text)
    __aeabi_memcpy                           0x080003b5   Thumb Code     0  rt_memcpy_v6.o(.text)
    __rt_memcpy                              0x080003b5   Thumb Code   138  rt_memcpy_v6.o(.text)
    _memcpy_lastbytes                        0x0800041b   Thumb Code     0  rt_memcpy_v6.o(.text)
    __aeabi_memclr4                          0x0800043f   Thumb Code     0  rt_memclr_w.o(.text)
    __aeabi_memclr8                          0x0800043f   Thumb Code     0  rt_memclr_w.o(.text)
    __rt_memclr_w                            0x0800043f   Thumb Code    78  rt_memclr_w.o(.text)
    _memset_w                                0x08000443   Thumb Code     0  rt_memclr_w.o(.text)
    __use_two_region_memory                  0x0800048d   Thumb Code     2  heapauxi.o(.text)
    __rt_heap_escrow$2region                 0x0800048f   Thumb Code     2  heapauxi.o(.text)
    __rt_heap_expand$2region                 0x08000491   Thumb Code     2  heapauxi.o(.text)
    __semihosting$guard                      0x08000493   Thumb Code     0  use_no_semi.o(.text)
    __use_no_semihosting_swi                 0x08000493   Thumb Code     2  use_no_semi.o(.text)
    _printf_int_common                       0x08000495   Thumb Code   178  _printf_intcommon.o(.text)
    _printf_char_file                        0x08000549   Thumb Code    32  _printf_char_file.o(.text)
    __aeabi_memcpy4                          0x0800056d   Thumb Code     0  rt_memcpy_w.o(.text)
    __aeabi_memcpy8                          0x0800056d   Thumb Code     0  rt_memcpy_w.o(.text)
    __rt_memcpy_w                            0x0800056d   Thumb Code   100  rt_memcpy_w.o(.text)
    _memcpy_lastbytes_aligned                0x080005b5   Thumb Code     0  rt_memcpy_w.o(.text)
    _printf_char_common                      0x080005db   Thumb Code    32  _printf_char_common.o(.text)
    ferror                                   0x08000601   Thumb Code     8  ferror.o(.text)
    __user_setup_stackheap                   0x08000609   Thumb Code    74  sys_stackheap_outer.o(.text)
    exit                                     0x08000653   Thumb Code    18  exit.o(.text)
    __user_libspace                          0x08000665   Thumb Code     8  libspace.o(.text)
    __user_perproc_libspace                  0x08000665   Thumb Code     0  libspace.o(.text)
    __user_perthread_libspace                0x08000665   Thumb Code     0  libspace.o(.text)
    BusFault_Handler                         0x0800066d   Thumb Code     4  stm32f1xx_it.o(i.BusFault_Handler)
    DebugMon_Handler                         0x08000671   Thumb Code     2  stm32f1xx_it.o(i.DebugMon_Handler)
    Error_Handler                            0x08000675   Thumb Code    18  tim2.o(i.Error_Handler)
    FreeROTS_Start                           0x0800068d   Thumb Code    48  freerots_demo.o(i.FreeROTS_Start)
    HAL_DMA_Abort_IT                         0x08000729   Thumb Code   172  stm32f1xx_hal_dma.o(i.HAL_DMA_Abort_IT)
    HAL_GPIO_Init                            0x080007d9   Thumb Code   766  stm32f1xx_hal_gpio.o(i.HAL_GPIO_Init)
    HAL_GPIO_ReadPin                         0x08000af9   Thumb Code    16  stm32f1xx_hal_gpio.o(i.HAL_GPIO_ReadPin)
    HAL_GPIO_TogglePin                       0x08000b09   Thumb Code    14  stm32f1xx_hal_gpio.o(i.HAL_GPIO_TogglePin)
    HAL_GPIO_WritePin                        0x08000b17   Thumb Code    12  stm32f1xx_hal_gpio.o(i.HAL_GPIO_WritePin)
    HAL_GetTick                              0x08000b25   Thumb Code     6  stm32f1xx_hal.o(i.HAL_GetTick)
    HAL_IncTick                              0x08000b31   Thumb Code    16  stm32f1xx_hal.o(i.HAL_IncTick)
    HAL_Init                                 0x08000b49   Thumb Code    34  stm32f1xx_hal.o(i.HAL_Init)
    HAL_InitTick                             0x08000b71   Thumb Code     6  tim2.o(i.HAL_InitTick)
    HAL_MspInit                              0x08000b77   Thumb Code     2  stm32f1xx_hal.o(i.HAL_MspInit)
    HAL_NVIC_EnableIRQ                       0x08000b79   Thumb Code    32  stm32f1xx_hal_cortex.o(i.HAL_NVIC_EnableIRQ)
    HAL_NVIC_SetPriority                     0x08000b99   Thumb Code   124  stm32f1xx_hal_cortex.o(i.HAL_NVIC_SetPriority)
    HAL_NVIC_SetPriorityGrouping             0x08000c15   Thumb Code    32  stm32f1xx_hal_cortex.o(i.HAL_NVIC_SetPriorityGrouping)
    HAL_RCC_ClockConfig                      0x08000c3d   Thumb Code   376  stm32f1xx_hal_rcc.o(i.HAL_RCC_ClockConfig)
    HAL_RCC_GetHCLKFreq                      0x08000dc9   Thumb Code     6  stm32f1xx_hal_rcc.o(i.HAL_RCC_GetHCLKFreq)
    HAL_RCC_GetPCLK1Freq                     0x08000dd5   Thumb Code    22  stm32f1xx_hal_rcc.o(i.HAL_RCC_GetPCLK1Freq)
    HAL_RCC_GetPCLK2Freq                     0x08000df5   Thumb Code    22  stm32f1xx_hal_rcc.o(i.HAL_RCC_GetPCLK2Freq)
    HAL_RCC_GetSysClockFreq                  0x08000e15   Thumb Code   116  stm32f1xx_hal_rcc.o(i.HAL_RCC_GetSysClockFreq)
    HAL_RCC_OscConfig                        0x08000ea9   Thumb Code  1114  stm32f1xx_hal_rcc.o(i.HAL_RCC_OscConfig)
    HAL_TIMEx_BreakCallback                  0x0800130d   Thumb Code     2  stm32f1xx_hal_tim_ex.o(i.HAL_TIMEx_BreakCallback)
    HAL_TIMEx_CommutCallback                 0x0800130f   Thumb Code     2  stm32f1xx_hal_tim_ex.o(i.HAL_TIMEx_CommutCallback)
    HAL_TIM_Base_Init                        0x08001311   Thumb Code    52  stm32f1xx_hal_tim.o(i.HAL_TIM_Base_Init)
    HAL_TIM_Base_MspInit                     0x08001345   Thumb Code     2  stm32f1xx_hal_tim.o(i.HAL_TIM_Base_MspInit)
    HAL_TIM_Base_Start_IT                    0x08001347   Thumb Code    42  stm32f1xx_hal_tim.o(i.HAL_TIM_Base_Start_IT)
    HAL_TIM_IC_CaptureCallback               0x08001371   Thumb Code     2  stm32f1xx_hal_tim.o(i.HAL_TIM_IC_CaptureCallback)
    HAL_TIM_IRQHandler                       0x08001373   Thumb Code   406  stm32f1xx_hal_tim.o(i.HAL_TIM_IRQHandler)
    HAL_TIM_OC_DelayElapsedCallback          0x08001509   Thumb Code     2  stm32f1xx_hal_tim.o(i.HAL_TIM_OC_DelayElapsedCallback)
    HAL_TIM_PWM_PulseFinishedCallback        0x0800150b   Thumb Code     2  stm32f1xx_hal_tim.o(i.HAL_TIM_PWM_PulseFinishedCallback)
    HAL_TIM_PeriodElapsedCallback            0x0800150d   Thumb Code    16  tim2.o(i.HAL_TIM_PeriodElapsedCallback)
    HAL_TIM_TriggerCallback                  0x08001521   Thumb Code     2  stm32f1xx_hal_tim.o(i.HAL_TIM_TriggerCallback)
    HAL_UART_ErrorCallback                   0x08001523   Thumb Code     2  stm32f1xx_hal_uart.o(i.HAL_UART_ErrorCallback)
    HAL_UART_IRQHandler                      0x08001525   Thumb Code   326  stm32f1xx_hal_uart.o(i.HAL_UART_IRQHandler)
    HAL_UART_Init                            0x08001671   Thumb Code   114  stm32f1xx_hal_uart.o(i.HAL_UART_Init)
    HAL_UART_MspInit                         0x080016e5   Thumb Code   168  usart.o(i.HAL_UART_MspInit)
    HAL_UART_Receive_IT                      0x08001799   Thumb Code   112  stm32f1xx_hal_uart.o(i.HAL_UART_Receive_IT)
    HAL_UART_RxCpltCallback                  0x08001809   Thumb Code   134  usart.o(i.HAL_UART_RxCpltCallback)
    HAL_UART_TxCpltCallback                  0x080018a5   Thumb Code     2  stm32f1xx_hal_uart.o(i.HAL_UART_TxCpltCallback)
    HardFault_Handler                        0x080018a7   Thumb Code     4  stm32f1xx_it.o(i.HardFault_Handler)
    Key_Init                                 0x080018ad   Thumb Code    68  key.o(i.Key_Init)
    Key_Scan                                 0x080018f9   Thumb Code    62  key.o(i.Key_Scan)
    LED_Init                                 0x08001945   Thumb Code    90  led.o(i.LED_Init)
    LED_Toggle                               0x080019a9   Thumb Code    14  led.o(i.LED_Toggle)
    MX_TIM2_Init                             0x080019bd   Thumb Code   108  tim2.o(i.MX_TIM2_Init)
    MemManage_Handler                        0x08001a39   Thumb Code     4  stm32f1xx_it.o(i.MemManage_Handler)
    NMI_Handler                              0x08001a3d   Thumb Code     2  stm32f1xx_it.o(i.NMI_Handler)
    OLED_Clear                               0x08001a3f   Thumb Code    42  oled.o(i.OLED_Clear)
    OLED_I2C_Init                            0x08001a69   Thumb Code    92  oled.o(i.OLED_I2C_Init)
    OLED_I2C_SendByte                        0x08001acd   Thumb Code    88  oled.o(i.OLED_I2C_SendByte)
    OLED_I2C_Start                           0x08001b29   Thumb Code    48  oled.o(i.OLED_I2C_Start)
    OLED_I2C_Stop                            0x08001b5d   Thumb Code    36  oled.o(i.OLED_I2C_Stop)
    OLED_Init                                0x08001b85   Thumb Code   174  oled.o(i.OLED_Init)
    OLED_SetCursor                           0x08001c33   Thumb Code    34  oled.o(i.OLED_SetCursor)
    OLED_ShowChar                            0x08001c55   Thumb Code   110  oled.o(i.OLED_ShowChar)
    OLED_ShowString                          0x08001cc9   Thumb Code    40  oled.o(i.OLED_ShowString)
    OLED_WriteCommand                        0x08001cf1   Thumb Code    32  oled.o(i.OLED_WriteCommand)
    OLED_WriteData                           0x08001d11   Thumb Code    32  oled.o(i.OLED_WriteData)
    Start_Task                               0x08001d59   Thumb Code   134  freerots_demo.o(i.Start_Task)
    SysTick_Handler                          0x08001e45   Thumb Code    16  delay.o(i.SysTick_Handler)
    SystemInit                               0x08001e55   Thumb Code    70  system_stm32f1xx.o(i.SystemInit)
    TIM2_IRQHandler                          0x08001ead   Thumb Code    10  tim2.o(i.TIM2_IRQHandler)
    TIM_Base_SetConfig                       0x08001ebd   Thumb Code   104  stm32f1xx_hal_tim.o(i.TIM_Base_SetConfig)
    USART1_IRQHandler                        0x08002235   Thumb Code    10  usart.o(i.USART1_IRQHandler)
    UsageFault_Handler                       0x08002245   Thumb Code     4  stm32f1xx_it.o(i.UsageFault_Handler)
    _sys_exit                                0x08002281   Thumb Code     4  usart.o(i._sys_exit)
    delay_init                               0x08002285   Thumb Code    50  delay.o(i.delay_init)
    fputc                                    0x080022c1   Thumb Code    24  usart.o(i.fputc)
    main                                     0x080022dd   Thumb Code    50  main.o(i.main)
    pxPortInitialiseStack                    0x08002b09   Thumb Code    30  port.o(i.pxPortInitialiseStack)
    sys_stm32_clock_init                     0x08002b2d   Thumb Code   102  sys.o(i.sys_stm32_clock_init)
    usart_init                               0x08002b95   Thumb Code    44  usart.o(i.usart_init)
    uxListRemove                             0x08002bcd   Thumb Code    40  list.o(i.uxListRemove)
    vApplicationGetIdleTaskMemory            0x08002bf5   Thumb Code    14  freerots_demo.o(i.vApplicationGetIdleTaskMemory)
    vApplicationGetTimerTaskMemory           0x08002c0d   Thumb Code    16  freerots_demo.o(i.vApplicationGetTimerTaskMemory)
    vListInitialise                          0x08002c25   Thumb Code    26  list.o(i.vListInitialise)
    vListInitialiseItem                      0x08002c3f   Thumb Code     6  list.o(i.vListInitialiseItem)
    vListInsert                              0x08002c45   Thumb Code    52  list.o(i.vListInsert)
    vListInsertEnd                           0x08002c79   Thumb Code    24  list.o(i.vListInsertEnd)
    vPortEnterCritical                       0x08002c91   Thumb Code    30  port.o(i.vPortEnterCritical)
    vPortExitCritical                        0x08002cb5   Thumb Code    28  port.o(i.vPortExitCritical)
    vPortFree                                0x08002cd5   Thumb Code    68  heap_4.o(i.vPortFree)
    vPortSetupTimerInterrupt                 0x08002d21   Thumb Code    20  port.o(i.vPortSetupTimerInterrupt)
    vQueueWaitForMessageRestricted           0x08002d39   Thumb Code    74  queue.o(i.vQueueWaitForMessageRestricted)
    vTask1                                   0x08002d85   Thumb Code    32  freerots_demo.o(i.vTask1)
    vTask2                                   0x08002dcd   Thumb Code    32  freerots_demo.o(i.vTask2)
    vTask3                                   0x08002e15   Thumb Code    34  freerots_demo.o(i.vTask3)
    vTask4                                   0x08002e6d   Thumb Code   218  freerots_demo.o(i.vTask4)
    vTaskDelay                               0x08003009   Thumb Code    46  tasks.o(i.vTaskDelay)
    vTaskDelete                              0x0800303d   Thumb Code   174  tasks.o(i.vTaskDelete)
    vTaskInternalSetTimeOutState             0x08003111   Thumb Code    14  tasks.o(i.vTaskInternalSetTimeOutState)
    vTaskMissedYield                         0x08003129   Thumb Code     8  tasks.o(i.vTaskMissedYield)
    vTaskPlaceOnEventList                    0x08003135   Thumb Code    28  tasks.o(i.vTaskPlaceOnEventList)
    vTaskPlaceOnEventListRestricted          0x08003155   Thumb Code    70  tasks.o(i.vTaskPlaceOnEventListRestricted)
    vTaskStartScheduler                      0x080031a1   Thumb Code   124  tasks.o(i.vTaskStartScheduler)
    vTaskSuspendAll                          0x0800323d   Thumb Code    12  tasks.o(i.vTaskSuspendAll)
    vTaskSwitchContext                       0x0800324d   Thumb Code    76  tasks.o(i.vTaskSwitchContext)
    xPortStartScheduler                      0x080032ad   Thumb Code    42  port.o(i.xPortStartScheduler)
    xPortSysTickHandler                      0x080032e1   Thumb Code    46  port.o(i.xPortSysTickHandler)
    xQueueGenericCreateStatic                0x08003315   Thumb Code    62  queue.o(i.xQueueGenericCreateStatic)
    xQueueGenericReset                       0x08003355   Thumb Code   156  queue.o(i.xQueueGenericReset)
    xQueueReceive                            0x080033f5   Thumb Code   256  queue.o(i.xQueueReceive)
    xTaskCheckForTimeOut                     0x080034f9   Thumb Code    88  tasks.o(i.xTaskCheckForTimeOut)
    xTaskCreateStatic                        0x08003559   Thumb Code    86  tasks.o(i.xTaskCreateStatic)
    xTaskGetSchedulerState                   0x080035b1   Thumb Code    24  tasks.o(i.xTaskGetSchedulerState)
    xTaskGetTickCount                        0x080035d1   Thumb Code     6  tasks.o(i.xTaskGetTickCount)
    xTaskIncrementTick                       0x080035dd   Thumb Code   356  tasks.o(i.xTaskIncrementTick)
    xTaskRemoveFromEventList                 0x0800376d   Thumb Code   240  tasks.o(i.xTaskRemoveFromEventList)
    xTaskResumeAll                           0x08003875   Thumb Code   310  tasks.o(i.xTaskResumeAll)
    xTimerCreateTimerTask                    0x080039d1   Thumb Code    76  timers.o(i.xTimerCreateTimerTask)
    AHBPrescTable                            0x08003a30   Data          16  system_stm32f1xx.o(.constdata)
    APBPrescTable                            0x08003a40   Data           8  system_stm32f1xx.o(.constdata)
    OLED_F8x16                               0x08003a48   Data        1520  oled_font.o(.constdata)
    Region$$Table$$Base                      0x08004038   Number         0  anon$$obj.o(Region$$Table)
    Region$$Table$$Limit                     0x08004058   Number         0  anon$$obj.o(Region$$Table)
    SystemCoreClock                          0x20000000   Data           4  system_stm32f1xx.o(.data)
    start_task_handler                       0x20000004   Data           4  freerots_demo.o(.data)
    task1_handler                            0x20000008   Data           4  freerots_demo.o(.data)
    task2_handler                            0x2000000c   Data           4  freerots_demo.o(.data)
    task3_handler                            0x20000010   Data           4  freerots_demo.o(.data)
    task4_handler                            0x20000014   Data           4  freerots_demo.o(.data)
    __stdout                                 0x20000020   Data           4  usart.o(.data)
    g_usart_rx_sta                           0x20000024   Data           2  usart.o(.data)
    g_rx_buffer                              0x20000026   Data           1  usart.o(.data)
    uwTick                                   0x20000028   Data           4  stm32f1xx_hal.o(.data)
    uwTickPrio                               0x2000002c   Data           4  stm32f1xx_hal.o(.data)
    uwTickFreq                               0x20000030   Data           1  stm32f1xx_hal.o(.data)
    pxCurrentTCB                             0x20000034   Data           4  tasks.o(.data)
    uxTopUsedPriority                        0x2000006c   Data           4  tasks.o(.data)
    start_task_stack                         0x200000ac   Data         512  freerots_demo.o(.bss)
    start_task_tcb                           0x200002ac   Data          76  freerots_demo.o(.bss)
    task1_stack                              0x200002f8   Data         512  freerots_demo.o(.bss)
    task1_tcb                                0x200004f8   Data          76  freerots_demo.o(.bss)
    task2_stack                              0x20000544   Data         512  freerots_demo.o(.bss)
    task2_tcb                                0x20000744   Data          76  freerots_demo.o(.bss)
    task3_stack                              0x20000790   Data         512  freerots_demo.o(.bss)
    task3_tcb                                0x20000990   Data          76  freerots_demo.o(.bss)
    task4_stack                              0x200009dc   Data         512  freerots_demo.o(.bss)
    task4_tcb                                0x20000bdc   Data          76  freerots_demo.o(.bss)
    idle_task_tcb                            0x20000c28   Data          76  freerots_demo.o(.bss)
    idle_task_stack                          0x20000c74   Data         512  freerots_demo.o(.bss)
    timer_task_tcb                           0x20000e74   Data          76  freerots_demo.o(.bss)
    timer_task_stack                         0x20000ec0   Data        1024  freerots_demo.o(.bss)
    g_usart_rx_buf                           0x200012c0   Data         200  usart.o(.bss)
    g_uart1_handle                           0x20001388   Data          64  usart.o(.bss)
    htim2                                    0x2000153c   Data          64  tim2.o(.bss)
    __libspace_start                         0x2000157c   Data          96  libspace.o(.bss)
    __temporary_stack_top$libspace           0x200015dc   Data           0  libspace.o(.bss)



==============================================================================

Memory Map of the image

  Image Entry point : 0x080000ed

  Load Region LR_IROM1 (Base: 0x08000000, Size: 0x00004104, Max: 0x00010000, ABSOLUTE)

    Execution Region ER_IROM1 (Exec base: 0x08000000, Load base: 0x08000000, Size: 0x00004058, Max: 0x00010000, ABSOLUTE)

    Exec Addr    Load Addr    Size         Type   Attr      Idx    E Section Name        Object

    0x08000000   0x08000000   0x000000ec   Data   RO            3    RESET               startup_stm32f103xb.o
    0x080000ec   0x080000ec   0x00000008   Code   RO         4355  * !!!main             c_w.l(__main.o)
    0x080000f4   0x080000f4   0x00000034   Code   RO         4522    !!!scatter          c_w.l(__scatter.o)
    0x08000128   0x08000128   0x0000001a   Code   RO         4524    !!handler_copy      c_w.l(__scatter_copy.o)
    0x08000142   0x08000142   0x00000002   PAD
    0x08000144   0x08000144   0x0000001c   Code   RO         4526    !!handler_zi        c_w.l(__scatter_zi.o)
    0x08000160   0x08000160   0x00000000   Code   RO         4346    .ARM.Collect$$_printf_percent$$00000000  c_w.l(_printf_percent.o)
    0x08000160   0x08000160   0x00000006   Code   RO         4345    .ARM.Collect$$_printf_percent$$0000000A  c_w.l(_printf_u.o)
    0x08000166   0x08000166   0x00000004   Code   RO         4364    .ARM.Collect$$_printf_percent$$00000017  c_w.l(_printf_percent_end.o)
    0x0800016a   0x0800016a   0x00000002   Code   RO         4399    .ARM.Collect$$libinit$$00000000  c_w.l(libinit.o)
    0x0800016c   0x0800016c   0x00000000   Code   RO         4406    .ARM.Collect$$libinit$$00000002  c_w.l(libinit2.o)
    0x0800016c   0x0800016c   0x00000000   Code   RO         4408    .ARM.Collect$$libinit$$00000004  c_w.l(libinit2.o)
    0x0800016c   0x0800016c   0x00000000   Code   RO         4411    .ARM.Collect$$libinit$$0000000A  c_w.l(libinit2.o)
    0x0800016c   0x0800016c   0x00000000   Code   RO         4413    .ARM.Collect$$libinit$$0000000C  c_w.l(libinit2.o)
    0x0800016c   0x0800016c   0x00000000   Code   RO         4415    .ARM.Collect$$libinit$$0000000E  c_w.l(libinit2.o)
    0x0800016c   0x0800016c   0x00000000   Code   RO         4418    .ARM.Collect$$libinit$$00000011  c_w.l(libinit2.o)
    0x0800016c   0x0800016c   0x00000000   Code   RO         4420    .ARM.Collect$$libinit$$00000013  c_w.l(libinit2.o)
    0x0800016c   0x0800016c   0x00000000   Code   RO         4422    .ARM.Collect$$libinit$$00000015  c_w.l(libinit2.o)
    0x0800016c   0x0800016c   0x00000000   Code   RO         4424    .ARM.Collect$$libinit$$00000017  c_w.l(libinit2.o)
    0x0800016c   0x0800016c   0x00000000   Code   RO         4426    .ARM.Collect$$libinit$$00000019  c_w.l(libinit2.o)
    0x0800016c   0x0800016c   0x00000000   Code   RO         4428    .ARM.Collect$$libinit$$0000001B  c_w.l(libinit2.o)
    0x0800016c   0x0800016c   0x00000000   Code   RO         4430    .ARM.Collect$$libinit$$0000001D  c_w.l(libinit2.o)
    0x0800016c   0x0800016c   0x00000000   Code   RO         4432    .ARM.Collect$$libinit$$0000001F  c_w.l(libinit2.o)
    0x0800016c   0x0800016c   0x00000000   Code   RO         4434    .ARM.Collect$$libinit$$00000021  c_w.l(libinit2.o)
    0x0800016c   0x0800016c   0x00000000   Code   RO         4436    .ARM.Collect$$libinit$$00000023  c_w.l(libinit2.o)
    0x0800016c   0x0800016c   0x00000000   Code   RO         4438    .ARM.Collect$$libinit$$00000025  c_w.l(libinit2.o)
    0x0800016c   0x0800016c   0x00000000   Code   RO         4442    .ARM.Collect$$libinit$$0000002C  c_w.l(libinit2.o)
    0x0800016c   0x0800016c   0x00000000   Code   RO         4444    .ARM.Collect$$libinit$$0000002E  c_w.l(libinit2.o)
    0x0800016c   0x0800016c   0x00000000   Code   RO         4446    .ARM.Collect$$libinit$$00000030  c_w.l(libinit2.o)
    0x0800016c   0x0800016c   0x00000000   Code   RO         4448    .ARM.Collect$$libinit$$00000032  c_w.l(libinit2.o)
    0x0800016c   0x0800016c   0x00000002   Code   RO         4449    .ARM.Collect$$libinit$$00000033  c_w.l(libinit2.o)
    0x0800016e   0x0800016e   0x00000002   Code   RO         4467    .ARM.Collect$$libshutdown$$00000000  c_w.l(libshutdown.o)
    0x08000170   0x08000170   0x00000000   Code   RO         4475    .ARM.Collect$$libshutdown$$00000002  c_w.l(libshutdown2.o)
    0x08000170   0x08000170   0x00000000   Code   RO         4477    .ARM.Collect$$libshutdown$$00000004  c_w.l(libshutdown2.o)
    0x08000170   0x08000170   0x00000000   Code   RO         4479    .ARM.Collect$$libshutdown$$00000006  c_w.l(libshutdown2.o)
    0x08000170   0x08000170   0x00000000   Code   RO         4482    .ARM.Collect$$libshutdown$$00000009  c_w.l(libshutdown2.o)
    0x08000170   0x08000170   0x00000000   Code   RO         4485    .ARM.Collect$$libshutdown$$0000000C  c_w.l(libshutdown2.o)
    0x08000170   0x08000170   0x00000000   Code   RO         4487    .ARM.Collect$$libshutdown$$0000000E  c_w.l(libshutdown2.o)
    0x08000170   0x08000170   0x00000000   Code   RO         4490    .ARM.Collect$$libshutdown$$00000011  c_w.l(libshutdown2.o)
    0x08000170   0x08000170   0x00000002   Code   RO         4491    .ARM.Collect$$libshutdown$$00000012  c_w.l(libshutdown2.o)
    0x08000172   0x08000172   0x00000000   Code   RO         4359    .ARM.Collect$$rtentry$$00000000  c_w.l(__rtentry.o)
    0x08000172   0x08000172   0x00000000   Code   RO         4368    .ARM.Collect$$rtentry$$00000002  c_w.l(__rtentry2.o)
    0x08000172   0x08000172   0x00000006   Code   RO         4380    .ARM.Collect$$rtentry$$00000004  c_w.l(__rtentry4.o)
    0x08000178   0x08000178   0x00000000   Code   RO         4370    .ARM.Collect$$rtentry$$00000009  c_w.l(__rtentry2.o)
    0x08000178   0x08000178   0x00000004   Code   RO         4371    .ARM.Collect$$rtentry$$0000000A  c_w.l(__rtentry2.o)
    0x0800017c   0x0800017c   0x00000000   Code   RO         4373    .ARM.Collect$$rtentry$$0000000C  c_w.l(__rtentry2.o)
    0x0800017c   0x0800017c   0x00000008   Code   RO         4374    .ARM.Collect$$rtentry$$0000000D  c_w.l(__rtentry2.o)
    0x08000184   0x08000184   0x00000002   Code   RO         4403    .ARM.Collect$$rtexit$$00000000  c_w.l(rtexit.o)
    0x08000186   0x08000186   0x00000000   Code   RO         4451    .ARM.Collect$$rtexit$$00000002  c_w.l(rtexit2.o)
    0x08000186   0x08000186   0x00000004   Code   RO         4452    .ARM.Collect$$rtexit$$00000003  c_w.l(rtexit2.o)
    0x0800018a   0x0800018a   0x00000006   Code   RO         4453    .ARM.Collect$$rtexit$$00000004  c_w.l(rtexit2.o)
    0x08000190   0x08000190   0x00000096   Code   RO         3903    .emb_text           port.o
    0x08000226   0x08000226   0x00000002   PAD
    0x08000228   0x08000228   0x00000040   Code   RO            4    .text               startup_stm32f103xb.o
    0x08000268   0x08000268   0x00000002   Code   RO         4315    .text               c_w.l(use_no_semi_2.o)
    0x0800026a   0x0800026a   0x00000002   PAD
    0x0800026c   0x0800026c   0x00000018   Code   RO         4319    .text               c_w.l(noretval__2printf.o)
    0x08000284   0x08000284   0x00000078   Code   RO         4323    .text               c_w.l(_printf_dec.o)
    0x080002fc   0x080002fc   0x000000b8   Code   RO         4328    .text               c_w.l(__printf_ss.o)
    0x080003b4   0x080003b4   0x0000008a   Code   RO         4347    .text               c_w.l(rt_memcpy_v6.o)
    0x0800043e   0x0800043e   0x0000004e   Code   RO         4351    .text               c_w.l(rt_memclr_w.o)
    0x0800048c   0x0800048c   0x00000006   Code   RO         4353    .text               c_w.l(heapauxi.o)
    0x08000492   0x08000492   0x00000002   Code   RO         4357    .text               c_w.l(use_no_semi.o)
    0x08000494   0x08000494   0x000000b2   Code   RO         4360    .text               c_w.l(_printf_intcommon.o)
    0x08000546   0x08000546   0x00000002   PAD
    0x08000548   0x08000548   0x00000024   Code   RO         4362    .text               c_w.l(_printf_char_file.o)
    0x0800056c   0x0800056c   0x00000064   Code   RO         4365    .text               c_w.l(rt_memcpy_w.o)
    0x080005d0   0x080005d0   0x00000030   Code   RO         4382    .text               c_w.l(_printf_char_common.o)
    0x08000600   0x08000600   0x00000008   Code   RO         4384    .text               c_w.l(ferror.o)
    0x08000608   0x08000608   0x0000004a   Code   RO         4388    .text               c_w.l(sys_stackheap_outer.o)
    0x08000652   0x08000652   0x00000012   Code   RO         4392    .text               c_w.l(exit.o)
    0x08000664   0x08000664   0x00000008   Code   RO         4400    .text               c_w.l(libspace.o)
    0x0800066c   0x0800066c   0x00000004   Code   RO          261    i.BusFault_Handler  stm32f1xx_it.o
    0x08000670   0x08000670   0x00000002   Code   RO          262    i.DebugMon_Handler  stm32f1xx_it.o
    0x08000672   0x08000672   0x00000002   PAD
    0x08000674   0x08000674   0x00000018   Code   RO         4038    i.Error_Handler     tim2.o
    0x0800068c   0x0800068c   0x0000009c   Code   RO          538    i.FreeROTS_Start    freerots_demo.o
    0x08000728   0x08000728   0x000000b0   Code   RO         1961    i.HAL_DMA_Abort_IT  stm32f1xx_hal_dma.o
    0x080007d8   0x080007d8   0x00000320   Code   RO         1120    i.HAL_GPIO_Init     stm32f1xx_hal_gpio.o
    0x08000af8   0x08000af8   0x00000010   Code   RO         1122    i.HAL_GPIO_ReadPin  stm32f1xx_hal_gpio.o
    0x08000b08   0x08000b08   0x0000000e   Code   RO         1123    i.HAL_GPIO_TogglePin  stm32f1xx_hal_gpio.o
    0x08000b16   0x08000b16   0x0000000c   Code   RO         1124    i.HAL_GPIO_WritePin  stm32f1xx_hal_gpio.o
    0x08000b22   0x08000b22   0x00000002   PAD
    0x08000b24   0x08000b24   0x0000000c   Code   RO          832    i.HAL_GetTick       stm32f1xx_hal.o
    0x08000b30   0x08000b30   0x00000018   Code   RO          838    i.HAL_IncTick       stm32f1xx_hal.o
    0x08000b48   0x08000b48   0x00000028   Code   RO          839    i.HAL_Init          stm32f1xx_hal.o
    0x08000b70   0x08000b70   0x00000006   Code   RO         4039    i.HAL_InitTick      tim2.o
    0x08000b76   0x08000b76   0x00000002   Code   RO          842    i.HAL_MspInit       stm32f1xx_hal.o
    0x08000b78   0x08000b78   0x00000020   Code   RO          997    i.HAL_NVIC_EnableIRQ  stm32f1xx_hal_cortex.o
    0x08000b98   0x08000b98   0x0000007c   Code   RO         1003    i.HAL_NVIC_SetPriority  stm32f1xx_hal_cortex.o
    0x08000c14   0x08000c14   0x00000028   Code   RO         1004    i.HAL_NVIC_SetPriorityGrouping  stm32f1xx_hal_cortex.o
    0x08000c3c   0x08000c3c   0x0000018c   Code   RO         1220    i.HAL_RCC_ClockConfig  stm32f1xx_hal_rcc.o
    0x08000dc8   0x08000dc8   0x0000000c   Code   RO         1225    i.HAL_RCC_GetHCLKFreq  stm32f1xx_hal_rcc.o
    0x08000dd4   0x08000dd4   0x00000020   Code   RO         1227    i.HAL_RCC_GetPCLK1Freq  stm32f1xx_hal_rcc.o
    0x08000df4   0x08000df4   0x00000020   Code   RO         1228    i.HAL_RCC_GetPCLK2Freq  stm32f1xx_hal_rcc.o
    0x08000e14   0x08000e14   0x00000094   Code   RO         1229    i.HAL_RCC_GetSysClockFreq  stm32f1xx_hal_rcc.o
    0x08000ea8   0x08000ea8   0x00000464   Code   RO         1232    i.HAL_RCC_OscConfig  stm32f1xx_hal_rcc.o
    0x0800130c   0x0800130c   0x00000002   Code   RO         2742    i.HAL_TIMEx_BreakCallback  stm32f1xx_hal_tim_ex.o
    0x0800130e   0x0800130e   0x00000002   Code   RO         2743    i.HAL_TIMEx_CommutCallback  stm32f1xx_hal_tim_ex.o
    0x08001310   0x08001310   0x00000034   Code   RO         2056    i.HAL_TIM_Base_Init  stm32f1xx_hal_tim.o
    0x08001344   0x08001344   0x00000002   Code   RO         2058    i.HAL_TIM_Base_MspInit  stm32f1xx_hal_tim.o
    0x08001346   0x08001346   0x0000002a   Code   RO         2061    i.HAL_TIM_Base_Start_IT  stm32f1xx_hal_tim.o
    0x08001370   0x08001370   0x00000002   Code   RO         2085    i.HAL_TIM_IC_CaptureCallback  stm32f1xx_hal_tim.o
    0x08001372   0x08001372   0x00000196   Code   RO         2099    i.HAL_TIM_IRQHandler  stm32f1xx_hal_tim.o
    0x08001508   0x08001508   0x00000002   Code   RO         2102    i.HAL_TIM_OC_DelayElapsedCallback  stm32f1xx_hal_tim.o
    0x0800150a   0x0800150a   0x00000002   Code   RO         2129    i.HAL_TIM_PWM_PulseFinishedCallback  stm32f1xx_hal_tim.o
    0x0800150c   0x0800150c   0x00000014   Code   RO         4040    i.HAL_TIM_PeriodElapsedCallback  tim2.o
    0x08001520   0x08001520   0x00000002   Code   RO         2142    i.HAL_TIM_TriggerCallback  stm32f1xx_hal_tim.o
    0x08001522   0x08001522   0x00000002   Code   RO         1383    i.HAL_UART_ErrorCallback  stm32f1xx_hal_uart.o
    0x08001524   0x08001524   0x0000014c   Code   RO         1386    i.HAL_UART_IRQHandler  stm32f1xx_hal_uart.o
    0x08001670   0x08001670   0x00000072   Code   RO         1387    i.HAL_UART_Init     stm32f1xx_hal_uart.o
    0x080016e2   0x080016e2   0x00000002   PAD
    0x080016e4   0x080016e4   0x000000b4   Code   RO          744    i.HAL_UART_MspInit  usart.o
    0x08001798   0x08001798   0x00000070   Code   RO         1392    i.HAL_UART_Receive_IT  stm32f1xx_hal_uart.o
    0x08001808   0x08001808   0x0000009c   Code   RO          745    i.HAL_UART_RxCpltCallback  usart.o
    0x080018a4   0x080018a4   0x00000002   Code   RO         1398    i.HAL_UART_TxCpltCallback  stm32f1xx_hal_uart.o
    0x080018a6   0x080018a6   0x00000004   Code   RO          263    i.HardFault_Handler  stm32f1xx_it.o
    0x080018aa   0x080018aa   0x00000002   PAD
    0x080018ac   0x080018ac   0x0000004c   Code   RO         4282    i.Key_Init          key.o
    0x080018f8   0x080018f8   0x0000004c   Code   RO         4283    i.Key_Scan          key.o
    0x08001944   0x08001944   0x00000064   Code   RO         4092    i.LED_Init          led.o
    0x080019a8   0x080019a8   0x00000014   Code   RO         4095    i.LED_Toggle        led.o
    0x080019bc   0x080019bc   0x0000007c   Code   RO         4041    i.MX_TIM2_Init      tim2.o
    0x08001a38   0x08001a38   0x00000004   Code   RO          264    i.MemManage_Handler  stm32f1xx_it.o
    0x08001a3c   0x08001a3c   0x00000002   Code   RO          265    i.NMI_Handler       stm32f1xx_it.o
    0x08001a3e   0x08001a3e   0x0000002a   Code   RO         4137    i.OLED_Clear        oled.o
    0x08001a68   0x08001a68   0x00000064   Code   RO         4138    i.OLED_I2C_Init     oled.o
    0x08001acc   0x08001acc   0x0000005c   Code   RO         4139    i.OLED_I2C_SendByte  oled.o
    0x08001b28   0x08001b28   0x00000034   Code   RO         4140    i.OLED_I2C_Start    oled.o
    0x08001b5c   0x08001b5c   0x00000028   Code   RO         4141    i.OLED_I2C_Stop     oled.o
    0x08001b84   0x08001b84   0x000000ae   Code   RO         4142    i.OLED_Init         oled.o
    0x08001c32   0x08001c32   0x00000022   Code   RO         4144    i.OLED_SetCursor    oled.o
    0x08001c54   0x08001c54   0x00000074   Code   RO         4146    i.OLED_ShowChar     oled.o
    0x08001cc8   0x08001cc8   0x00000028   Code   RO         4150    i.OLED_ShowString   oled.o
    0x08001cf0   0x08001cf0   0x00000020   Code   RO         4151    i.OLED_WriteCommand  oled.o
    0x08001d10   0x08001d10   0x00000020   Code   RO         4152    i.OLED_WriteData    oled.o
    0x08001d30   0x08001d30   0x00000028   Code   RO         1233    i.RCC_Delay         stm32f1xx_hal_rcc.o
    0x08001d58   0x08001d58   0x000000ec   Code   RO          539    i.Start_Task        freerots_demo.o
    0x08001e44   0x08001e44   0x00000010   Code   RO          613    i.SysTick_Handler   delay.o
    0x08001e54   0x08001e54   0x00000058   Code   RO          502    i.SystemInit        system_stm32f1xx.o
    0x08001eac   0x08001eac   0x00000010   Code   RO         4042    i.TIM2_IRQHandler   tim2.o
    0x08001ebc   0x08001ebc   0x00000074   Code   RO         2144    i.TIM_Base_SetConfig  stm32f1xx_hal_tim.o
    0x08001f30   0x08001f30   0x00000014   Code   RO         1400    i.UART_DMAAbortOnError  stm32f1xx_hal_uart.o
    0x08001f44   0x08001f44   0x00000020   Code   RO         1410    i.UART_EndRxTransfer  stm32f1xx_hal_uart.o
    0x08001f64   0x08001f64   0x00000020   Code   RO         1411    i.UART_EndTransmit_IT  stm32f1xx_hal_uart.o
    0x08001f84   0x08001f84   0x000000a6   Code   RO         1413    i.UART_Receive_IT   stm32f1xx_hal_uart.o
    0x0800202a   0x0800202a   0x00000002   PAD
    0x0800202c   0x0800202c   0x000001a0   Code   RO         1414    i.UART_SetConfig    stm32f1xx_hal_uart.o
    0x080021cc   0x080021cc   0x00000068   Code   RO         1415    i.UART_Transmit_IT  stm32f1xx_hal_uart.o
    0x08002234   0x08002234   0x00000010   Code   RO          746    i.USART1_IRQHandler  usart.o
    0x08002244   0x08002244   0x00000004   Code   RO          266    i.UsageFault_Handler  stm32f1xx_it.o
    0x08002248   0x08002248   0x00000010   Code   RO         1010    i.__NVIC_GetPriorityGrouping  stm32f1xx_hal_cortex.o
    0x08002258   0x08002258   0x00000028   Code   RO         1011    i.__NVIC_SetPriority  stm32f1xx_hal_cortex.o
    0x08002280   0x08002280   0x00000004   Code   RO          748    i._sys_exit         usart.o
    0x08002284   0x08002284   0x0000003c   Code   RO          614    i.delay_init        delay.o
    0x080022c0   0x080022c0   0x0000001c   Code   RO          750    i.fputc             usart.o
    0x080022dc   0x080022dc   0x00000032   Code   RO           13    i.main              main.o
    0x0800230e   0x0800230e   0x00000002   PAD
    0x08002310   0x08002310   0x000000c0   Code   RO         3434    i.prvAddCurrentTaskToDelayedList  tasks.o
    0x080023d0   0x080023d0   0x000000e4   Code   RO         3435    i.prvAddNewTaskToReadyList  tasks.o
    0x080024b4   0x080024b4   0x0000005c   Code   RO         3750    i.prvCheckForValidListAndQueue  timers.o
    0x08002510   0x08002510   0x00000048   Code   RO         3436    i.prvCheckTasksWaitingTermination  tasks.o
    0x08002558   0x08002558   0x0000002a   Code   RO         3136    i.prvCopyDataFromQueue  queue.o
    0x08002582   0x08002582   0x00000028   Code   RO         3437    i.prvDeleteTCB      tasks.o
    0x080025aa   0x080025aa   0x00000002   PAD
    0x080025ac   0x080025ac   0x00000028   Code   RO         3751    i.prvGetNextExpireTime  timers.o
    0x080025d4   0x080025d4   0x00000028   Code   RO         3438    i.prvIdleTask       tasks.o
    0x080025fc   0x080025fc   0x00000026   Code   RO         3138    i.prvInitialiseNewQueue  queue.o
    0x08002622   0x08002622   0x0000007a   Code   RO         3439    i.prvInitialiseNewTask  tasks.o
    0x0800269c   0x0800269c   0x00000068   Code   RO         3440    i.prvInitialiseTaskLists  tasks.o
    0x08002704   0x08002704   0x00000068   Code   RO         3975    i.prvInsertBlockIntoFreeList  heap_4.o
    0x0800276c   0x0800276c   0x00000058   Code   RO         3753    i.prvInsertTimerInActiveList  timers.o
    0x080027c4   0x080027c4   0x0000001a   Code   RO         3139    i.prvIsQueueEmpty   queue.o
    0x080027de   0x080027de   0x00000002   PAD
    0x080027e0   0x080027e0   0x00000044   Code   RO         3754    i.prvProcessExpiredTimer  timers.o
    0x08002824   0x08002824   0x000000f8   Code   RO         3755    i.prvProcessReceivedCommands  timers.o
    0x0800291c   0x0800291c   0x00000074   Code   RO         3756    i.prvProcessTimerOrBlockTask  timers.o
    0x08002990   0x08002990   0x00000028   Code   RO         3757    i.prvReloadTimer    timers.o
    0x080029b8   0x080029b8   0x00000030   Code   RO         3441    i.prvResetNextTaskUnblockTime  tasks.o
    0x080029e8   0x080029e8   0x0000002c   Code   RO         3758    i.prvSampleTimeNow  timers.o
    0x08002a14   0x08002a14   0x00000044   Code   RO         3759    i.prvSwitchTimerLists  timers.o
    0x08002a58   0x08002a58   0x00000016   Code   RO         3904    i.prvTaskExitError  port.o
    0x08002a6e   0x08002a6e   0x0000001a   Code   RO         3760    i.prvTimerTask      timers.o
    0x08002a88   0x08002a88   0x0000007e   Code   RO         3141    i.prvUnlockQueue    queue.o
    0x08002b06   0x08002b06   0x00000002   PAD
    0x08002b08   0x08002b08   0x00000024   Code   RO         3905    i.pxPortInitialiseStack  port.o
    0x08002b2c   0x08002b2c   0x00000066   Code   RO          677    i.sys_stm32_clock_init  sys.o
    0x08002b92   0x08002b92   0x00000002   PAD
    0x08002b94   0x08002b94   0x00000038   Code   RO          751    i.usart_init        usart.o
    0x08002bcc   0x08002bcc   0x00000028   Code   RO         3097    i.uxListRemove      list.o
    0x08002bf4   0x08002bf4   0x00000018   Code   RO          540    i.vApplicationGetIdleTaskMemory  freerots_demo.o
    0x08002c0c   0x08002c0c   0x00000018   Code   RO          541    i.vApplicationGetTimerTaskMemory  freerots_demo.o
    0x08002c24   0x08002c24   0x0000001a   Code   RO         3098    i.vListInitialise   list.o
    0x08002c3e   0x08002c3e   0x00000006   Code   RO         3099    i.vListInitialiseItem  list.o
    0x08002c44   0x08002c44   0x00000034   Code   RO         3100    i.vListInsert       list.o
    0x08002c78   0x08002c78   0x00000018   Code   RO         3101    i.vListInsertEnd    list.o
    0x08002c90   0x08002c90   0x00000024   Code   RO         3907    i.vPortEnterCritical  port.o
    0x08002cb4   0x08002cb4   0x00000020   Code   RO         3908    i.vPortExitCritical  port.o
    0x08002cd4   0x08002cd4   0x0000004c   Code   RO         3978    i.vPortFree         heap_4.o
    0x08002d20   0x08002d20   0x00000018   Code   RO         3909    i.vPortSetupTimerInterrupt  port.o
    0x08002d38   0x08002d38   0x0000004a   Code   RO         3146    i.vQueueWaitForMessageRestricted  queue.o
    0x08002d82   0x08002d82   0x00000002   PAD
    0x08002d84   0x08002d84   0x00000048   Code   RO          542    i.vTask1            freerots_demo.o
    0x08002dcc   0x08002dcc   0x00000048   Code   RO          543    i.vTask2            freerots_demo.o
    0x08002e14   0x08002e14   0x00000058   Code   RO          544    i.vTask3            freerots_demo.o
    0x08002e6c   0x08002e6c   0x0000019c   Code   RO          545    i.vTask4            freerots_demo.o
    0x08003008   0x08003008   0x00000034   Code   RO         3449    i.vTaskDelay        tasks.o
    0x0800303c   0x0800303c   0x000000d4   Code   RO         3450    i.vTaskDelete       tasks.o
    0x08003110   0x08003110   0x00000018   Code   RO         3453    i.vTaskInternalSetTimeOutState  tasks.o
    0x08003128   0x08003128   0x0000000c   Code   RO         3454    i.vTaskMissedYield  tasks.o
    0x08003134   0x08003134   0x00000020   Code   RO         3455    i.vTaskPlaceOnEventList  tasks.o
    0x08003154   0x08003154   0x0000004c   Code   RO         3456    i.vTaskPlaceOnEventListRestricted  tasks.o
    0x080031a0   0x080031a0   0x0000009c   Code   RO         3462    i.vTaskStartScheduler  tasks.o
    0x0800323c   0x0800323c   0x00000010   Code   RO         3464    i.vTaskSuspendAll   tasks.o
    0x0800324c   0x0800324c   0x00000060   Code   RO         3465    i.vTaskSwitchContext  tasks.o
    0x080032ac   0x080032ac   0x00000034   Code   RO         3910    i.xPortStartScheduler  port.o
    0x080032e0   0x080032e0   0x00000034   Code   RO         3911    i.xPortSysTickHandler  port.o
    0x08003314   0x08003314   0x0000003e   Code   RO         3148    i.xQueueGenericCreateStatic  queue.o
    0x08003352   0x08003352   0x00000002   PAD
    0x08003354   0x08003354   0x000000a0   Code   RO         3149    i.xQueueGenericReset  queue.o
    0x080033f4   0x080033f4   0x00000104   Code   RO         3157    i.xQueueReceive     queue.o
    0x080034f8   0x080034f8   0x00000060   Code   RO         3467    i.xTaskCheckForTimeOut  tasks.o
    0x08003558   0x08003558   0x00000056   Code   RO         3469    i.xTaskCreateStatic  tasks.o
    0x080035ae   0x080035ae   0x00000002   PAD
    0x080035b0   0x080035b0   0x00000020   Code   RO         3476    i.xTaskGetSchedulerState  tasks.o
    0x080035d0   0x080035d0   0x0000000c   Code   RO         3477    i.xTaskGetTickCount  tasks.o
    0x080035dc   0x080035dc   0x00000190   Code   RO         3479    i.xTaskIncrementTick  tasks.o
    0x0800376c   0x0800376c   0x00000108   Code   RO         3480    i.xTaskRemoveFromEventList  tasks.o
    0x08003874   0x08003874   0x0000015c   Code   RO         3481    i.xTaskResumeAll    tasks.o
    0x080039d0   0x080039d0   0x00000060   Code   RO         3767    i.xTimerCreateTimerTask  timers.o
    0x08003a30   0x08003a30   0x00000018   Data   RO          503    .constdata          system_stm32f1xx.o
    0x08003a48   0x08003a48   0x000005f0   Data   RO         4258    .constdata          oled_font.o
    0x08004038   0x08004038   0x00000020   Data   RO         4520    Region$$Table       anon$$obj.o


    Execution Region RW_IRAM1 (Exec base: 0x20000000, Load base: 0x08004058, Size: 0x00001be0, Max: 0x00005000, ABSOLUTE)

    Exec Addr    Load Addr    Size         Type   Attr      Idx    E Section Name        Object

    0x20000000   0x08004058   0x00000004   Data   RW          504    .data               system_stm32f1xx.o
    0x20000004   0x0800405c   0x00000014   Data   RW          547    .data               freerots_demo.o
    0x20000018   0x08004070   0x00000006   Data   RW          617    .data               delay.o
    0x2000001e   0x08004076   0x00000002   PAD
    0x20000020   0x08004078   0x00000007   Data   RW          753    .data               usart.o
    0x20000027   0x0800407f   0x00000001   PAD
    0x20000028   0x08004080   0x00000009   Data   RW          846    .data               stm32f1xx_hal.o
    0x20000031   0x08004089   0x00000003   PAD
    0x20000034   0x0800408c   0x00000040   Data   RW         3484    .data               tasks.o
    0x20000074   0x080040cc   0x00000014   Data   RW         3775    .data               timers.o
    0x20000088   0x080040e0   0x00000004   Data   RW         3912    .data               port.o
    0x2000008c   0x080040e4   0x0000001c   Data   RW         3984    .data               heap_4.o
    0x200000a8   0x08004100   0x00000002   Data   RW         4284    .data               key.o
    0x200000aa   0x08004102   0x00000002   PAD
    0x200000ac        -       0x00001214   Zero   RW          546    .bss                freerots_demo.o
    0x200012c0        -       0x00000108   Zero   RW          752    .bss                usart.o
    0x200013c8        -       0x000000c8   Zero   RW         3483    .bss                tasks.o
    0x20001490        -       0x000000ac   Zero   RW         3774    .bss                timers.o
    0x2000153c        -       0x00000040   Zero   RW         4043    .bss                tim2.o
    0x2000157c        -       0x00000060   Zero   RW         4401    .bss                c_w.l(libspace.o)
    0x200015dc   0x08004102   0x00000004   PAD
    0x200015e0        -       0x00000200   Zero   RW            2    HEAP                startup_stm32f103xb.o
    0x200017e0        -       0x00000400   Zero   RW            1    STACK               startup_stm32f103xb.o


==============================================================================

Image component sizes


      Code (inc. data)   RO Data    RW Data    ZI Data      Debug   Object Name

        76         10          0          6          0       1287   delay.o
         0          0          0          0          0      24792   event_groups.o
      1084        556          0         20       4628       6430   freerots_demo.o
       180         16          0         28          0       3472   heap_4.o
       152         22          0          2          0       1770   key.o
       120         16          0          0          0       1596   led.o
       148          0          0          0          0      13642   list.o
        50          0          0          0          0      26547   main.o
       754         26          0          0          0       7170   oled.o
         0          0       1520          0          0        765   oled_font.o
       404         48          0          4          0       9764   port.o
       788          8          0          0          0      11186   queue.o
        64         26        236          0       1536        948   startup_stm32f103xb.o
        78         20          0          9          0       5412   stm32f1xx_hal.o
       252         22          0          0          0      28854   stm32f1xx_hal_cortex.o
       176          4          0          0          0       1263   stm32f1xx_hal_dma.o
       842         34          0          0          0       4152   stm32f1xx_hal_gpio.o
      1784        110          0          0          0       6336   stm32f1xx_hal_rcc.o
       626         12          0          0          0       6394   stm32f1xx_hal_tim.o
         4          0          0          0          0       1721   stm32f1xx_hal_tim_ex.o
      1332         10          0          0          0       8075   stm32f1xx_hal_uart.o
        20          0          0          0          0     433629   stm32f1xx_it.o
       102          0          0          0          0        735   sys.o
        88         18         24          4          0       1595   system_stm32f1xx.o
      2760        370          0         64        200      43458   tasks.o
       190         32          0          0         64       3480   tim2.o
       926        110          0         20        172      14240   timers.o
       440         56          0          7        264       5761   usart.o

    ----------------------------------------------------------------------
     13468       1526       1812        172       6864     674474   Object Totals
         0          0         32          0          0          0   (incl. Generated)
        28          0          0          8          0          0   (incl. Padding)

    ----------------------------------------------------------------------

      Code (inc. data)   RO Data    RW Data    ZI Data      Debug   Library Member Name

         8          0          0          0          0         68   __main.o
       184          0          0          0          0         84   __printf_ss.o
         0          0          0          0          0          0   __rtentry.o
        12          0          0          0          0          0   __rtentry2.o
         6          0          0          0          0          0   __rtentry4.o
        52          8          0          0          0          0   __scatter.o
        26          0          0          0          0          0   __scatter_copy.o
        28          0          0          0          0          0   __scatter_zi.o
        48          6          0          0          0         96   _printf_char_common.o
        36          4          0          0          0         80   _printf_char_file.o
       120         16          0          0          0         92   _printf_dec.o
       178          0          0          0          0         88   _printf_intcommon.o
         0          0          0          0          0          0   _printf_percent.o
         4          0          0          0          0          0   _printf_percent_end.o
         6          0          0          0          0          0   _printf_u.o
        18          0          0          0          0         80   exit.o
         8          0          0          0          0         68   ferror.o
         6          0          0          0          0        152   heapauxi.o
         2          0          0          0          0          0   libinit.o
         2          0          0          0          0          0   libinit2.o
         2          0          0          0          0          0   libshutdown.o
         2          0          0          0          0          0   libshutdown2.o
         8          4          0          0         96         68   libspace.o
        24          4          0          0          0         84   noretval__2printf.o
        78          0          0          0          0         80   rt_memclr_w.o
       138          0          0          0          0         68   rt_memcpy_v6.o
       100          0          0          0          0         80   rt_memcpy_w.o
         2          0          0          0          0          0   rtexit.o
        10          0          0          0          0          0   rtexit2.o
        74          0          0          0          0         80   sys_stackheap_outer.o
         2          0          0          0          0         68   use_no_semi.o
         2          0          0          0          0         68   use_no_semi_2.o

    ----------------------------------------------------------------------
      1192         42          0          0        100       1404   Library Totals
         6          0          0          0          4          0   (incl. Padding)

    ----------------------------------------------------------------------

      Code (inc. data)   RO Data    RW Data    ZI Data      Debug   Library Name

      1186         42          0          0         96       1404   c_w.l

    ----------------------------------------------------------------------
      1192         42          0          0        100       1404   Library Totals

    ----------------------------------------------------------------------

==============================================================================


      Code (inc. data)   RO Data    RW Data    ZI Data      Debug   

     14660       1568       1812        172       6964     667866   Grand Totals
     14660       1568       1812        172       6964     667866   ELF Image Totals
     14660       1568       1812        172          0          0   ROM Totals

==============================================================================

    Total RO  Size (Code + RO Data)                16472 (  16.09kB)
    Total RW  Size (RW Data + ZI Data)              7136 (   6.97kB)
    Total ROM Size (Code + RO Data + RW Data)      16644 (  16.25kB)

==============================================================================

